Archive member included to satisfy reference by file (symbol)

C:/ST/STM32CubeIDE_1.18.1/STM32CubeIDE/plugins/com.st.stm32cube.ide.mcu.externaltools.gnu-tools-for-stm32.13.3.rel1.win32_1.0.0.202411081344/tools/bin/../lib/gcc/arm-none-eabi/13.3.1/../../../../arm-none-eabi/lib/thumb/v7e-m+fp/hard\libc_nano.a(libc_a-exit.o)
                              C:/ST/STM32CubeIDE_1.18.1/STM32CubeIDE/plugins/com.st.stm32cube.ide.mcu.externaltools.gnu-tools-for-stm32.13.3.rel1.win32_1.0.0.202411081344/tools/bin/../lib/gcc/arm-none-eabi/13.3.1/../../../../arm-none-eabi/lib/thumb/v7e-m+fp/hard/crt0.o (exit)
C:/ST/STM32CubeIDE_1.18.1/STM32CubeIDE/plugins/com.st.stm32cube.ide.mcu.externaltools.gnu-tools-for-stm32.13.3.rel1.win32_1.0.0.202411081344/tools/bin/../lib/gcc/arm-none-eabi/13.3.1/../../../../arm-none-eabi/lib/thumb/v7e-m+fp/hard\libc_nano.a(libc_a-findfp.o)
                              C:/ST/STM32CubeIDE_1.18.1/STM32CubeIDE/plugins/com.st.stm32cube.ide.mcu.externaltools.gnu-tools-for-stm32.13.3.rel1.win32_1.0.0.202411081344/tools/bin/../lib/gcc/arm-none-eabi/13.3.1/../../../../arm-none-eabi/lib/thumb/v7e-m+fp/hard\libc_nano.a(libc_a-exit.o) (__stdio_exit_handler)
C:/ST/STM32CubeIDE_1.18.1/STM32CubeIDE/plugins/com.st.stm32cube.ide.mcu.externaltools.gnu-tools-for-stm32.13.3.rel1.win32_1.0.0.202411081344/tools/bin/../lib/gcc/arm-none-eabi/13.3.1/../../../../arm-none-eabi/lib/thumb/v7e-m+fp/hard\libc_nano.a(libc_a-fwalk.o)
                              C:/ST/STM32CubeIDE_1.18.1/STM32CubeIDE/plugins/com.st.stm32cube.ide.mcu.externaltools.gnu-tools-for-stm32.13.3.rel1.win32_1.0.0.202411081344/tools/bin/../lib/gcc/arm-none-eabi/13.3.1/../../../../arm-none-eabi/lib/thumb/v7e-m+fp/hard\libc_nano.a(libc_a-findfp.o) (_fwalk_sglue)
C:/ST/STM32CubeIDE_1.18.1/STM32CubeIDE/plugins/com.st.stm32cube.ide.mcu.externaltools.gnu-tools-for-stm32.13.3.rel1.win32_1.0.0.202411081344/tools/bin/../lib/gcc/arm-none-eabi/13.3.1/../../../../arm-none-eabi/lib/thumb/v7e-m+fp/hard\libc_nano.a(libc_a-stdio.o)
                              C:/ST/STM32CubeIDE_1.18.1/STM32CubeIDE/plugins/com.st.stm32cube.ide.mcu.externaltools.gnu-tools-for-stm32.13.3.rel1.win32_1.0.0.202411081344/tools/bin/../lib/gcc/arm-none-eabi/13.3.1/../../../../arm-none-eabi/lib/thumb/v7e-m+fp/hard\libc_nano.a(libc_a-findfp.o) (__sread)
C:/ST/STM32CubeIDE_1.18.1/STM32CubeIDE/plugins/com.st.stm32cube.ide.mcu.externaltools.gnu-tools-for-stm32.13.3.rel1.win32_1.0.0.202411081344/tools/bin/../lib/gcc/arm-none-eabi/13.3.1/../../../../arm-none-eabi/lib/thumb/v7e-m+fp/hard\libc_nano.a(libc_a-memcmp.o)
                              ./Core/Src/tag.o (memcmp)
C:/ST/STM32CubeIDE_1.18.1/STM32CubeIDE/plugins/com.st.stm32cube.ide.mcu.externaltools.gnu-tools-for-stm32.13.3.rel1.win32_1.0.0.202411081344/tools/bin/../lib/gcc/arm-none-eabi/13.3.1/../../../../arm-none-eabi/lib/thumb/v7e-m+fp/hard\libc_nano.a(libc_a-memset.o)
                              C:/ST/STM32CubeIDE_1.18.1/STM32CubeIDE/plugins/com.st.stm32cube.ide.mcu.externaltools.gnu-tools-for-stm32.13.3.rel1.win32_1.0.0.202411081344/tools/bin/../lib/gcc/arm-none-eabi/13.3.1/../../../../arm-none-eabi/lib/thumb/v7e-m+fp/hard/crt0.o (memset)
C:/ST/STM32CubeIDE_1.18.1/STM32CubeIDE/plugins/com.st.stm32cube.ide.mcu.externaltools.gnu-tools-for-stm32.13.3.rel1.win32_1.0.0.202411081344/tools/bin/../lib/gcc/arm-none-eabi/13.3.1/../../../../arm-none-eabi/lib/thumb/v7e-m+fp/hard\libc_nano.a(libc_a-closer.o)
                              C:/ST/STM32CubeIDE_1.18.1/STM32CubeIDE/plugins/com.st.stm32cube.ide.mcu.externaltools.gnu-tools-for-stm32.13.3.rel1.win32_1.0.0.202411081344/tools/bin/../lib/gcc/arm-none-eabi/13.3.1/../../../../arm-none-eabi/lib/thumb/v7e-m+fp/hard\libc_nano.a(libc_a-stdio.o) (_close_r)
C:/ST/STM32CubeIDE_1.18.1/STM32CubeIDE/plugins/com.st.stm32cube.ide.mcu.externaltools.gnu-tools-for-stm32.13.3.rel1.win32_1.0.0.202411081344/tools/bin/../lib/gcc/arm-none-eabi/13.3.1/../../../../arm-none-eabi/lib/thumb/v7e-m+fp/hard\libc_nano.a(libc_a-reent.o)
                              C:/ST/STM32CubeIDE_1.18.1/STM32CubeIDE/plugins/com.st.stm32cube.ide.mcu.externaltools.gnu-tools-for-stm32.13.3.rel1.win32_1.0.0.202411081344/tools/bin/../lib/gcc/arm-none-eabi/13.3.1/../../../../arm-none-eabi/lib/thumb/v7e-m+fp/hard\libc_nano.a(libc_a-closer.o) (errno)
C:/ST/STM32CubeIDE_1.18.1/STM32CubeIDE/plugins/com.st.stm32cube.ide.mcu.externaltools.gnu-tools-for-stm32.13.3.rel1.win32_1.0.0.202411081344/tools/bin/../lib/gcc/arm-none-eabi/13.3.1/../../../../arm-none-eabi/lib/thumb/v7e-m+fp/hard\libc_nano.a(libc_a-impure.o)
                              C:/ST/STM32CubeIDE_1.18.1/STM32CubeIDE/plugins/com.st.stm32cube.ide.mcu.externaltools.gnu-tools-for-stm32.13.3.rel1.win32_1.0.0.202411081344/tools/bin/../lib/gcc/arm-none-eabi/13.3.1/../../../../arm-none-eabi/lib/thumb/v7e-m+fp/hard\libc_nano.a(libc_a-reent.o) (_impure_ptr)
[...]
Memory Configuration

Name             Origin             Length             Attributes
CCMRAM           0x10000000         0x00002000         xrw
RAM              0x20000000         0x0000a000         xrw
FLASH            0x08000000         0x00040000         xr
*default*        0x00000000         0xffffffff

Linker script and memory map

LOAD C:/ST/STM32CubeIDE_1.18.1/STM32CubeIDE/plugins/com.st.stm32cube.ide.mcu.externaltools.gnu-tools-for-stm32.13.3.rel1.win32_1.0.0.202411081344/tools/bin/../lib/gcc/arm-none-eabi/13.3.1/thumb/v7e-m+fp/hard/crti.o
LOAD C:/ST/STM32CubeIDE_1.18.1/STM32CubeIDE/plugins/com.st.stm32cube.ide.mcu.externaltools.gnu-tools-for-stm32.13.3.rel1.win32_1.0.0.202411081344/tools/bin/../lib/gcc/arm-none-eabi/13.3.1/thumb/v7e-m+fp/hard/crtbegin.o
LOAD C:/ST/STM32CubeIDE_1.18.1/STM32CubeIDE/plugins/com.st.stm32cube.ide.mcu.externaltools.gnu-tools-for-stm32.13.3.rel1.win32_1.0.0.202411081344/tools/bin/../lib/gcc/arm-none-eabi/13.3.1/../../../../arm-none-eabi/lib/thumb/v7e-m+fp/hard/crt0.o
LOAD ./Core/Src/main.o
LOAD ./Core/Src/rc522.o
LOAD ./Core/Src/stm32f3xx_hal_msp.o
LOAD ./Core/Src/stm32f3xx_it.o
LOAD ./Core/Src/syscalls.o
LOAD ./Core/Src/sysmem.o
LOAD ./Core/Src/system_stm32f3xx.o
LOAD ./Core/Src/tag.o
LOAD ./Core/Startup/startup_stm32f303vctx.o
LOAD ./Drivers/STM32F3xx_HAL_Driver/Src/stm32f3xx_hal.o
LOAD ./Drivers/STM32F3xx_HAL_Driver/Src/stm32f3xx_hal_cortex.o
LOAD ./Drivers/STM32F3xx_HAL_Driver/Src/stm32f3xx_hal_dma.o
LOAD ./Drivers/STM32F3xx_HAL_Driver/Src/stm32f3xx_hal_exti.o
LOAD ./Drivers/STM32F3xx_HAL_Driver/Src/stm32f3xx_hal_flash.o
LOAD ./Drivers/STM32F3xx_HAL_Driver/Src/stm32f3xx_hal_flash_ex.o
LOAD ./Drivers/STM32F3xx_HAL_Driver/Src/stm32f3xx_hal_gpio.o
LOAD ./Drivers/STM32F3xx_HAL_Driver/Src/stm32f3xx_hal_i2c.o
LOAD ./Drivers/STM32F3xx_HAL_Driver/Src/stm32f3xx_hal_i2c_ex.o
LOAD ./Drivers/STM32F3xx_HAL_Driver/Src/stm32f3xx_hal_pcd.o
LOAD ./Drivers/STM32F3xx_HAL_Driver/Src/stm32f3xx_hal_pcd_ex.o
LOAD ./Drivers/STM32F3xx_HAL_Driver/Src/stm32f3xx_hal_pwr.o
LOAD ./Drivers/STM32F3xx_HAL_Driver/Src/stm32f3xx_hal_pwr_ex.o
LOAD ./Drivers/STM32F3xx_HAL_Driver/Src/stm32f3xx_hal_rcc.o
LOAD ./Drivers/STM32F3xx_HAL_Driver/Src/stm32f3xx_hal_rcc_ex.o
LOAD ./Drivers/STM32F3xx_HAL_Driver/Src/stm32f3xx_hal_spi.o
LOAD ./Drivers/STM32F3xx_HAL_Driver/Src/stm32f3xx_hal_spi_ex.o
LOAD ./Drivers/STM32F3xx_HAL_Driver/Src/stm32f3xx_ll_usb.o
START GROUP
LOAD C:/ST/STM32CubeIDE_1.18.1/STM32CubeIDE/plugins/com.st.stm32cube.ide.mcu.externaltools.gnu-tools-for-stm32.13.3.rel1.win32_1.0.0.202411081344/tools/bin/../lib/gcc/arm-none-eabi/13.3.1/../../../../arm-none-eabi/lib/thumb/v7e-m+fp/hard\libc_nano.a
LOAD C:/ST/STM32CubeIDE_1.18.1/STM32CubeIDE/plugins/com.st.stm32cube.ide.mcu.externaltools.gnu-tools-for-stm32.13.3.rel1.win32_1.0.0.202411081344/tools/bin/../lib/gcc/arm-none-eabi/13.3.1/../../../../arm-none-eabi/lib/thumb/v7e-m+fp/hard\libm.a
END GROUP
START GROUP
LOAD C:/ST/STM32CubeIDE_1.18.1/STM32CubeIDE/plugins/com.st.stm32cube.ide.mcu.externaltools.gnu-tools-for-stm32.13.3.rel1.win32_1.0.0.202411081344/tools/bin/../lib/gcc/arm-none-eabi/13.3.1/thumb/v7e-m+fp/hard\libgcc.a
LOAD C:/ST/STM32CubeIDE_1.18.1/STM32CubeIDE/plugins/com.st.stm32cube.ide.mcu.externaltools.gnu-tools-for-stm32.13.3.rel1.win32_1.0.0.202411081344/tools/bin/../lib/gcc/arm-none-eabi/13.3.1/../../../../arm-none-eabi/lib/thumb/v7e-m+fp/hard\libc_nano.a
END GROUP
START GROUP
LOAD C:/ST/STM32CubeIDE_1.18.1/STM32CubeIDE/plugins/com.st.stm32cube.ide.mcu.externaltools.gnu-tools-for-stm32.13.3.rel1.win32_1.0.0.202411081344/tools/bin/../lib/gcc/arm-none-eabi/13.3.1/thumb/v7e-m+fp/hard\libgcc.a
LOAD C:/ST/STM32CubeIDE_1.18.1/STM32CubeIDE/plugins/com.st.stm32cube.ide.mcu.externaltools.gnu-tools-for-stm32.13.3.rel1.win32_1.0.0.202411081344/tools/bin/../lib/gcc/arm-none-eabi/13.3.1/../../../../arm-none-eabi/lib/thumb/v7e-m+fp/hard\libc_nano.a
LOAD C:/ST/STM32CubeIDE_1.18.1/STM32CubeIDE/plugins/com.st.stm32cube.ide.mcu.externaltools.gnu-tools-for-stm32.13.3.rel1.win32_1.0.0.202411081344/tools/bin/../lib/gcc/arm-none-eabi/13.3.1/../../../../arm-none-eabi/lib/thumb/v7e-m+fp/hard\libnosys.a
END GROUP
START GROUP
LOAD C:/ST/STM32CubeIDE_1.18.1/STM32CubeIDE/plugins/com.st.stm32cube.ide.mcu.externaltools.gnu-tools-for-stm32.13.3.rel1.win32_1.0.0.202411081344/tools/bin/../lib/gcc/arm-none-eabi/13.3.1/thumb/v7e-m+fp/hard\libgcc.a
LOAD C:/ST/STM32CubeIDE_1.18.1/STM32CubeIDE/plugins/com.st.stm32cube.ide.mcu.externaltools.gnu-tools-for-stm32.13.3.rel1.win32_1.0.0.202411081344/tools/bin/../lib/gcc/arm-none-eabi/13.3.1/../../../../arm-none-eabi/lib/thumb/v7e-m+fp/hard\libc_nano.a
LOAD C:/ST/STM32CubeIDE_1.18.1/STM32CubeIDE/plugins/com.st.stm32cube.ide.mcu.externaltools.gnu-tools-for-stm32.13.3.rel1.win32_1.0.0.202411081344/tools/bin/../lib/gcc/arm-none-eabi/13.3.1/../../../../arm-none-eabi/lib/thumb/v7e-m+fp/hard\libnosys.a
END GROUP
LOAD C:/ST/STM32CubeIDE_1.18.1/STM32CubeIDE/plugins/com.st.stm32cube.ide.mcu.externaltools.gnu-tools-for-stm32.13.3.rel1.win32_1.0.0.202411081344/tools/bin/../lib/gcc/arm-none-eabi/13.3.1/thumb/v7e-m+fp/hard/crtend.o
LOAD C:/ST/STM32CubeIDE_1.18.1/STM32CubeIDE/plugins/com.st.stm32cube.ide.mcu.externaltools.gnu-tools-for-stm32.13.3.rel1.win32_1.0.0.202411081344/tools/bin/../lib/gcc/arm-none-eabi/13.3.1/thumb/v7e-m+fp/hard/crtn.o
                0x2000a000                        _estack = (ORIGIN (RAM) + LENGTH (RAM))
                0x00000200                        _Min_Heap_Size = 0x200
                0x00000400                        _Min_Stack_Size = 0x400

.isr_vector     0x08000000      0x188
                0x08000000                        . = ALIGN (0x4)
 *(.isr_vector)
 .isr_vector    0x08000000      0x188 ./Core/Startup/startup_stm32f303vctx.o
                0x08000000                g_pfnVectors
                0x08000188                        . = ALIGN (0x4)

.text           0x08000188     0x3288
                0x08000188                        . = ALIGN (0x4)
 *(.text)
 .text          0x08000188       0x40 C:/ST/STM32CubeIDE_1.18.1/STM32CubeIDE/plugins/com.st.stm32cube.ide.mcu.externaltools.gnu-tools-for-stm32.13.3.rel1.win32_1.0.0.202411081344/tools/bin/../lib/gcc/arm-none-eabi/13.3.1/thumb/v7e-m+fp/hard/crtbegin.o
 *(.text*)
 .text.main     0x080001c8      0x108 ./Core/Src/main.o
                0x080001c8                main
 .text.SystemClock_Config
                0x080002d0       0xb8 ./Core/Src/main.o
                0x080002d0                SystemClock_Config
 .text.MX_SPI1_Init
                0x08000388       0x7c ./Core/Src/main.o
 .text.MX_USB_PCD_Init
                0x08000404       0x44 ./Core/Src/main.o
 .text.MX_GPIO_Init
                0x08000448      0x170 ./Core/Src/main.o
 .text.Error_Handler
                0x080005b8        0xc ./Core/Src/main.o
                0x080005b8                Error_Handler
 .text.RC522_SPI_Transfer
                0x080005c4       0x2c ./Core/Src/rc522.o
                0x080005c4                RC522_SPI_Transfer
 .text.Write_MFRC522
                0x080005f0       0x4a ./Core/Src/rc522.o
                0x080005f0                Write_MFRC522
 .text.Read_MFRC522
                0x0800063a       0x52 ./Core/Src/rc522.o
                0x0800063a                Read_MFRC522
 .text.SetBitMask
                0x0800068c       0x36 ./Core/Src/rc522.o
                0x0800068c                SetBitMask
 .text.ClearBitMask
                0x080006c2       0x40 ./Core/Src/rc522.o
                0x080006c2                ClearBitMask
 .text.AntennaOn
                0x08000702       0x16 ./Core/Src/rc522.o
                0x08000702                AntennaOn
 .text.MFRC522_Reset
                0x08000718       0x10 ./Core/Src/rc522.o
                0x08000718                MFRC522_Reset
 .text.MFRC522_Init
                0x08000728       0x5c ./Core/Src/rc522.o
                0x08000728                MFRC522_Init
 .text.MFRC522_ToCard
                0x08000784      0x192 ./Core/Src/rc522.o
                0x08000784                MFRC522_ToCard
 .text.MFRC522_Request
                0x08000916       0x4a ./Core/Src/rc522.o
                0x08000916                MFRC522_Request
 .text.MFRC522_Anticoll
                0x08000960       0x7a ./Core/Src/rc522.o
                0x08000960                MFRC522_Anticoll
 .text.isSensorDetected
                0x080009da       0x30 ./Core/Src/rc522.o
                0x080009da                isSensorDetected
 *fill*         0x08000a0a        0x2 
 .text.HAL_MspInit
                0x08000a0c       0x48 ./Core/Src/stm32f3xx_hal_msp.o
                0x08000a0c                HAL_MspInit
 .text.HAL_SPI_MspInit
                0x08000a54       0x84 ./Core/Src/stm32f3xx_hal_msp.o
                0x08000a54                HAL_SPI_MspInit
 .text.HAL_PCD_MspInit
                0x08000ad8       0x88 ./Core/Src/stm32f3xx_hal_msp.o
                0x08000ad8                HAL_PCD_MspInit
 .text.NMI_Handler
                0x08000b60        0x8 ./Core/Src/stm32f3xx_it.o
                0x08000b60                NMI_Handler
 .text.HardFault_Handler
                0x08000b68        0x8 ./Core/Src/stm32f3xx_it.o
                0x08000b68                HardFault_Handler
 .text.MemManage_Handler
                0x08000b70        0x8 ./Core/Src/stm32f3xx_it.o
                0x08000b70                MemManage_Handler
 .text.BusFault_Handler
                0x08000b78        0x8 ./Core/Src/stm32f3xx_it.o
                0x08000b78                BusFault_Handler
 .text.UsageFault_Handler
                0x08000b80        0x8 ./Core/Src/stm32f3xx_it.o
                0x08000b80                UsageFault_Handler
 .text.SVC_Handler
                0x08000b88        0xe ./Core/Src/stm32f3xx_it.o
                0x08000b88                SVC_Handler
 .text.DebugMon_Handler
                0x08000b96        0xe ./Core/Src/stm32f3xx_it.o
                0x08000b96                DebugMon_Handler
 .text.PendSV_Handler
                0x08000ba4        0xe ./Core/Src/stm32f3xx_it.o
                0x08000ba4                PendSV_Handler
 .text.SysTick_Handler
                0x08000bb2        0xc ./Core/Src/stm32f3xx_it.o
                0x08000bb2                SysTick_Handler
 *fill*         0x08000bbe        0x2 
 .text.SystemInit
                0x08000bc0       0x24 ./Core/Src/system_stm32f3xx.o
                0x08000bc0                SystemInit
 .text.Reset_Handler
                0x08000be4       0x50 ./Core/Startup/startup_stm32f303vctx.o
                0x08000be4                Reset_Handler
 .text.Default_Handler
                0x08000c34        0x2 ./Core/Startup/startup_stm32f303vctx.o
                0x08000c34                RTC_Alarm_IRQHandler
                0x08000c34                TIM8_TRG_COM_IRQHandler
                0x08000c34                TIM8_CC_IRQHandler
                0x08000c34                TIM1_CC_IRQHandler
                0x08000c34                USB_HP_IRQHandler
                0x08000c34                PVD_IRQHandler
                0x08000c34                TAMP_STAMP_IRQHandler
                0x08000c34                EXTI3_IRQHandler
                0x08000c34                USB_HP_CAN_TX_IRQHandler
                0x08000c34                EXTI0_IRQHandler
                0x08000c34                I2C2_EV_IRQHandler
                0x08000c34                FPU_IRQHandler
                0x08000c34                TIM1_UP_TIM16_IRQHandler
                0x08000c34                ADC1_2_IRQHandler
                0x08000c34                SPI1_IRQHandler
                0x08000c34                CAN_SCE_IRQHandler
                0x08000c34                TIM6_DAC_IRQHandler
                0x08000c34                TIM8_UP_IRQHandler
                0x08000c34                DMA2_Channel2_IRQHandler
                0x08000c34                DMA1_Channel4_IRQHandler
                0x08000c34                USART3_IRQHandler
                0x08000c34                DMA1_Channel7_IRQHandler
                0x08000c34                UART5_IRQHandler
                0x08000c34                ADC3_IRQHandler
                0x08000c34                TIM4_IRQHandler
                0x08000c34                CAN_RX1_IRQHandler
                0x08000c34                DMA2_Channel1_IRQHandler
                0x08000c34                I2C1_EV_IRQHandler
                0x08000c34                DMA1_Channel6_IRQHandler
                0x08000c34                UART4_IRQHandler
                0x08000c34                DMA2_Channel4_IRQHandler
                0x08000c34                TIM3_IRQHandler
                0x08000c34                RCC_IRQHandler
                0x08000c34                DMA1_Channel1_IRQHandler
                0x08000c34                Default_Handler
                0x08000c34                USBWakeUp_RMP_IRQHandler
                0x08000c34                EXTI15_10_IRQHandler
                0x08000c34                TIM7_IRQHandler
                0x08000c34                EXTI9_5_IRQHandler
                0x08000c34                RTC_WKUP_IRQHandler
                0x08000c34                SPI2_IRQHandler
                0x08000c34                USB_LP_CAN_RX0_IRQHandler
                0x08000c34                DMA2_Channel5_IRQHandler
                0x08000c34                DMA1_Channel5_IRQHandler
                0x08000c34                USB_LP_IRQHandler
                0x08000c34                EXTI4_IRQHandler
                0x08000c34                TIM1_TRG_COM_TIM17_IRQHandler
                0x08000c34                DMA1_Channel3_IRQHandler
                0x08000c34                ADC4_IRQHandler
                0x08000c34                WWDG_IRQHandler
                0x08000c34                TIM2_IRQHandler
                0x08000c34                COMP7_IRQHandler
                0x08000c34                COMP1_2_3_IRQHandler
                0x08000c34                EXTI1_IRQHandler
                0x08000c34                USART2_IRQHandler
                0x08000c34                COMP4_5_6_IRQHandler
                0x08000c34                I2C2_ER_IRQHandler
                0x08000c34                DMA1_Channel2_IRQHandler
                0x08000c34                TIM8_BRK_IRQHandler
                0x08000c34                FLASH_IRQHandler
                0x08000c34                USART1_IRQHandler
                0x08000c34                SPI3_IRQHandler
                0x08000c34                I2C1_ER_IRQHandler
                0x08000c34                USBWakeUp_IRQHandler
                0x08000c34                DMA2_Channel3_IRQHandler
                0x08000c34                EXTI2_TSC_IRQHandler
                0x08000c34                TIM1_BRK_TIM15_IRQHandler
 *fill*         0x08000c36        0x2 
 .text.HAL_Init
                0x08000c38       0x2c ./Drivers/STM32F3xx_HAL_Driver/Src/stm32f3xx_hal.o
                0x08000c38                HAL_Init
 .text.HAL_InitTick
                0x08000c64       0x60 ./Drivers/STM32F3xx_HAL_Driver/Src/stm32f3xx_hal.o
                0x08000c64                HAL_InitTick
 .text.HAL_IncTick
                0x08000cc4       0x28 ./Drivers/STM32F3xx_HAL_Driver/Src/stm32f3xx_hal.o
                0x08000cc4                HAL_IncTick
 .text.HAL_GetTick
                0x08000cec       0x18 ./Drivers/STM32F3xx_HAL_Driver/Src/stm32f3xx_hal.o
                0x08000cec                HAL_GetTick
 .text.HAL_Delay
                0x08000d04       0x48 ./Drivers/STM32F3xx_HAL_Driver/Src/stm32f3xx_hal.o
                0x08000d04                HAL_Delay
 .text.__NVIC_SetPriorityGrouping
                0x08000d4c       0x48 ./Drivers/STM32F3xx_HAL_Driver/Src/stm32f3xx_hal_cortex.o
 .text.__NVIC_GetPriorityGrouping
                0x08000d94       0x1c ./Drivers/STM32F3xx_HAL_Driver/Src/stm32f3xx_hal_cortex.o
 .text.__NVIC_SetPriority
                0x08000db0       0x54 ./Drivers/STM32F3xx_HAL_Driver/Src/stm32f3xx_hal_cortex.o
 .text.NVIC_EncodePriority
                0x08000e04       0x66 ./Drivers/STM32F3xx_HAL_Driver/Src/stm32f3xx_hal_cortex.o
 *fill*         0x08000e6a        0x2 
 .text.SysTick_Config
                0x08000e6c       0x44 ./Drivers/STM32F3xx_HAL_Driver/Src/stm32f3xx_hal_cortex.o
 .text.HAL_NVIC_SetPriorityGrouping
                0x08000eb0       0x16 ./Drivers/STM32F3xx_HAL_Driver/Src/stm32f3xx_hal_cortex.o
                0x08000eb0                HAL_NVIC_SetPriorityGrouping
 .text.HAL_NVIC_SetPriority
                0x08000ec6       0x38 ./Drivers/STM32F3xx_HAL_Driver/Src/stm32f3xx_hal_cortex.o
                0x08000ec6                HAL_NVIC_SetPriority
 .text.HAL_SYSTICK_Config
                0x08000efe       0x18 ./Drivers/STM32F3xx_HAL_Driver/Src/stm32f3xx_hal_cortex.o
                0x08000efe                HAL_SYSTICK_Config
 *fill*         0x08000f16        0x2 
 .text.HAL_GPIO_Init
                0x08000f18      0x2f4 ./Drivers/STM32F3xx_HAL_Driver/Src/stm32f3xx_hal_gpio.o
                0x08000f18                HAL_GPIO_Init
 .text.HAL_GPIO_WritePin
                0x0800120c       0x30 ./Drivers/STM32F3xx_HAL_Driver/Src/stm32f3xx_hal_gpio.o
                0x0800120c                HAL_GPIO_WritePin
 .text.HAL_PCD_Init
                0x0800123c      0x18e ./Drivers/STM32F3xx_HAL_Driver/Src/stm32f3xx_hal_pcd.o
                0x0800123c                HAL_PCD_Init
 *fill*         0x080013ca        0x2 
 .text.HAL_RCC_OscConfig
                0x080013cc     0x101c ./Drivers/STM32F3xx_HAL_Driver/Src/stm32f3xx_hal_rcc.o
                0x080013cc                HAL_RCC_OscConfig
 .text.HAL_RCC_ClockConfig
                0x080023e8      0x2dc ./Drivers/STM32F3xx_HAL_Driver/Src/stm32f3xx_hal_rcc.o
                0x080023e8                HAL_RCC_ClockConfig
 .text.HAL_RCC_GetSysClockFreq
                0x080026c4       0xa8 ./Drivers/STM32F3xx_HAL_Driver/Src/stm32f3xx_hal_rcc.o
                0x080026c4                HAL_RCC_GetSysClockFreq
 .text.HAL_RCCEx_PeriphCLKConfig
                0x0800276c      0x35c ./Drivers/STM32F3xx_HAL_Driver/Src/stm32f3xx_hal_rcc_ex.o
                0x0800276c                HAL_RCCEx_PeriphCLKConfig
 .text.HAL_SPI_Init
                0x08002ac8      0x156 ./Drivers/STM32F3xx_HAL_Driver/Src/stm32f3xx_hal_spi.o
                0x08002ac8                HAL_SPI_Init
 .text.HAL_SPI_TransmitReceive
                0x08002c1e      0x444 ./Drivers/STM32F3xx_HAL_Driver/Src/stm32f3xx_hal_spi.o
                0x08002c1e                HAL_SPI_TransmitReceive
 *fill*         0x08003062        0x2 
 .text.SPI_WaitFlagStateUntilTimeout
                0x08003064      0x110 ./Drivers/STM32F3xx_HAL_Driver/Src/stm32f3xx_hal_spi.o
 .text.SPI_WaitFifoStateUntilTimeout
                0x08003174      0x12c ./Drivers/STM32F3xx_HAL_Driver/Src/stm32f3xx_hal_spi.o
 .text.SPI_EndRxTxTransaction
                0x080032a0       0x8c ./Drivers/STM32F3xx_HAL_Driver/Src/stm32f3xx_hal_spi.o
 .text.USB_DisableGlobalInt
                0x0800332c       0x36 ./Drivers/STM32F3xx_HAL_Driver/Src/stm32f3xx_ll_usb.o
                0x0800332c                USB_DisableGlobalInt
 .text.USB_DevInit
                0x08003362       0x3c ./Drivers/STM32F3xx_HAL_Driver/Src/stm32f3xx_ll_usb.o
                0x08003362                USB_DevInit
 .text.memset   0x0800339e       0x10 C:/ST/STM32CubeIDE_1.18.1/STM32CubeIDE/plugins/com.st.stm32cube.ide.mcu.externaltools.gnu-tools-for-stm32.13.3.rel1.win32_1.0.0.202411081344/tools/bin/../lib/gcc/arm-none-eabi/13.3.1/../../../../arm-none-eabi/lib/thumb/v7e-m+fp/hard\libc_nano.a(libc_a-memset.o)
                0x0800339e                memset
 *fill*         0x080033ae        0x2 
 .text.__libc_init_array
                0x080033b0       0x48 C:/ST/STM32CubeIDE_1.18.1/STM32CubeIDE/plugins/com.st.stm32cube.ide.mcu.externaltools.gnu-tools-for-stm32.13.3.rel1.win32_1.0.0.202411081344/tools/bin/../lib/gcc/arm-none-eabi/13.3.1/../../../../arm-none-eabi/lib/thumb/v7e-m+fp/hard\libc_nano.a(libc_a-init.o)
                0x080033b0                __libc_init_array
 *(.glue_7)
 .glue_7        0x080033f8        0x0 linker stubs
 *(.glue_7t)
 .glue_7t       0x080033f8        0x0 linker stubs
 *(.eh_frame)
 .eh_frame      0x080033f8        0x0 C:/ST/STM32CubeIDE_1.18.1/STM32CubeIDE/plugins/com.st.stm32cube.ide.mcu.externaltools.gnu-tools-for-stm32.13.3.rel1.win32_1.0.0.202411081344/tools/bin/../lib/gcc/arm-none-eabi/13.3.1/thumb/v7e-m+fp/hard/crtbegin.o
 *(.init)
 .init          0x080033f8        0x4 C:/ST/STM32CubeIDE_1.18.1/STM32CubeIDE/plugins/com.st.stm32cube.ide.mcu.externaltools.gnu-tools-for-stm32.13.3.rel1.win32_1.0.0.202411081344/tools/bin/../lib/gcc/arm-none-eabi/13.3.1/thumb/v7e-m+fp/hard/crti.o
                0x080033f8                _init
 .init          0x080033fc        0x8 C:/ST/STM32CubeIDE_1.18.1/STM32CubeIDE/plugins/com.st.stm32cube.ide.mcu.externaltools.gnu-tools-for-stm32.13.3.rel1.win32_1.0.0.202411081344/tools/bin/../lib/gcc/arm-none-eabi/13.3.1/thumb/v7e-m+fp/hard/crtn.o
 *(.fini)
 .fini          0x08003404        0x4 C:/ST/STM32CubeIDE_1.18.1/STM32CubeIDE/plugins/com.st.stm32cube.ide.mcu.externaltools.gnu-tools-for-stm32.13.3.rel1.win32_1.0.0.202411081344/tools/bin/../lib/gcc/arm-none-eabi/13.3.1/thumb/v7e-m+fp/hard/crti.o
                0x08003404                _fini
 .fini          0x08003408        0x8 C:/ST/STM32CubeIDE_1.18.1/STM32CubeIDE/plugins/com.st.stm32cube.ide.mcu.externaltools.gnu-tools-for-stm32.13.3.rel1.win32_1.0.0.202411081344/tools/bin/../lib/gcc/arm-none-eabi/13.3.1/thumb/v7e-m+fp/hard/crtn.o
                0x08003410                        . = ALIGN (0x4)
                0x08003410                        _etext = .

.vfp11_veneer   0x08003410        0x0
 .vfp11_veneer  0x08003410        0x0 linker stubs

.v4_bx          0x08003410        0x0
 .v4_bx         0x08003410        0x0 linker stubs

.iplt           0x08003410        0x0
 .iplt          0x08003410        0x0 C:/ST/STM32CubeIDE_1.18.1/STM32CubeIDE/plugins/com.st.stm32cube.ide.mcu.externaltools.gnu-tools-for-stm32.13.3.rel1.win32_1.0.0.202411081344/tools/bin/../lib/gcc/arm-none-eabi/13.3.1/thumb/v7e-m+fp/hard/crtbegin.o

.rodata         0x08003410       0x30
                0x08003410                        . = ALIGN (0x4)
 *(.rodata)
 *(.rodata*)
 .rodata.AHBPrescTable
                0x08003410       0x10 ./Core/Src/system_stm32f3xx.o
                0x08003410                AHBPrescTable
 .rodata.aPLLMULFactorTable
                0x08003420       0x10 ./Drivers/STM32F3xx_HAL_Driver/Src/stm32f3xx_hal_rcc.o
 .rodata.aPredivFactorTable
                0x08003430       0x10 ./Drivers/STM32F3xx_HAL_Driver/Src/stm32f3xx_hal_rcc.o
                0x08003440                        . = ALIGN (0x4)

.ARM.extab      0x08003440        0x0
                0x08003440                        . = ALIGN (0x4)
 *(.ARM.extab* .gnu.linkonce.armextab.*)
                0x08003440                        . = ALIGN (0x4)

.ARM            0x08003440        0x0
                0x08003440                        . = ALIGN (0x4)
                0x08003440                        __exidx_start = .
 *(.ARM.exidx*)
                0x08003440                        __exidx_end = .
                0x08003440                        . = ALIGN (0x4)

.preinit_array  0x08003440        0x0
                0x08003440                        . = ALIGN (0x4)
                0x08003440                        PROVIDE (__preinit_array_start = .)
 *(.preinit_array*)
                0x08003440                        PROVIDE (__preinit_array_end = .)
                0x08003440                        . = ALIGN (0x4)

.init_array     0x08003440        0x4
                0x08003440                        . = ALIGN (0x4)
                0x08003440                        PROVIDE (__init_array_start = .)
 *(SORT_BY_NAME(.init_array.*))
 *(.init_array*)
 .init_array    0x08003440        0x4 C:/ST/STM32CubeIDE_1.18.1/STM32CubeIDE/plugins/com.st.stm32cube.ide.mcu.externaltools.gnu-tools-for-stm32.13.3.rel1.win32_1.0.0.202411081344/tools/bin/../lib/gcc/arm-none-eabi/13.3.1/thumb/v7e-m+fp/hard/crtbegin.o
                0x08003444                        PROVIDE (__init_array_end = .)
                0x08003444                        . = ALIGN (0x4)

.fini_array     0x08003444        0x4
                0x08003444                        . = ALIGN (0x4)
                [!provide]                        PROVIDE (__fini_array_start = .)
 *(SORT_BY_NAME(.fini_array.*))
 *(.fini_array*)
 .fini_array    0x08003444        0x4 C:/ST/STM32CubeIDE_1.18.1/STM32CubeIDE/plugins/com.st.stm32cube.ide.mcu.externaltools.gnu-tools-for-stm32.13.3.rel1.win32_1.0.0.202411081344/tools/bin/../lib/gcc/arm-none-eabi/13.3.1/thumb/v7e-m+fp/hard/crtbegin.o
                [!provide]                        PROVIDE (__fini_array_end = .)
                0x08003448                        . = ALIGN (0x4)
                0x08003448                        _sidata = LOADADDR (.data)

.rel.dyn        0x08003448        0x0
 .rel.iplt      0x08003448        0x0 C:/ST/STM32CubeIDE_1.18.1/STM32CubeIDE/plugins/com.st.stm32cube.ide.mcu.externaltools.gnu-tools-for-stm32.13.3.rel1.win32_1.0.0.202411081344/tools/bin/../lib/gcc/arm-none-eabi/13.3.1/thumb/v7e-m+fp/hard/crtbegin.o

.data           0x20000000        0xc load address 0x08003448
                0x20000000                        . = ALIGN (0x4)
                0x20000000                        _sdata = .
 *(.data)
 *(.data*)
 .data.SystemCoreClock
                0x20000000        0x4 ./Core/Src/system_stm32f3xx.o
                0x20000000                SystemCoreClock
 .data.uwTickPrio
                0x20000004        0x4 ./Drivers/STM32F3xx_HAL_Driver/Src/stm32f3xx_hal.o
                0x20000004                uwTickPrio
 .data.uwTickFreq
                0x20000008        0x1 ./Drivers/STM32F3xx_HAL_Driver/Src/stm32f3xx_hal.o
                0x20000008                uwTickFreq
 *(.RamFunc)
 *(.RamFunc*)
                0x2000000c                        . = ALIGN (0x4)
 *fill*         0x20000009        0x3 
                0x2000000c                        _edata = .
                0x08003454                        _siccmram = LOADADDR (.ccmram)

.igot.plt       0x2000000c        0x0 load address 0x08003454
 .igot.plt      0x2000000c        0x0 C:/ST/STM32CubeIDE_1.18.1/STM32CubeIDE/plugins/com.st.stm32cube.ide.mcu.externaltools.gnu-tools-for-stm32.13.3.rel1.win32_1.0.0.202411081344/tools/bin/../lib/gcc/arm-none-eabi/13.3.1/thumb/v7e-m+fp/hard/crtbegin.o

.ccmram         0x10000000        0x0 load address 0x08003454
                0x10000000                        . = ALIGN (0x4)
                0x10000000                        _sccmram = .
 *(.ccmram)
 *(.ccmram*)
                0x10000000                        . = ALIGN (0x4)
                0x10000000                        _eccmram = .
                0x10000000                        . = ALIGN (0x4)

.bss            0x2000000c      0x358
                0x2000000c                        _sbss = .
                0x2000000c                        __bss_start__ = _sbss
 *(.bss)
 .bss           0x2000000c       0x1c C:/ST/STM32CubeIDE_1.18.1/STM32CubeIDE/plugins/com.st.stm32cube.ide.mcu.externaltools.gnu-tools-for-stm32.13.3.rel1.win32_1.0.0.202411081344/tools/bin/../lib/gcc/arm-none-eabi/13.3.1/thumb/v7e-m+fp/hard/crtbegin.o
 *(.bss*)
 .bss.hspi1     0x20000028       0x64 ./Core/Src/main.o
                0x20000028                hspi1
 .bss.hpcd_USB_FS
                0x2000008c      0x2d4 ./Core/Src/main.o
                0x2000008c                hpcd_USB_FS
 .bss.uwTick    0x20000360        0x4 ./Drivers/STM32F3xx_HAL_Driver/Src/stm32f3xx_hal.o
                0x20000360                uwTick
 *(COMMON)
                0x20000364                        . = ALIGN (0x4)
                0x20000364                        _ebss = .
                0x20000364                        __bss_end__ = _ebss

._user_heap_stack
                0x20000364      0x604
                0x20000368                        . = ALIGN (0x8)
 *fill*         0x20000364        0x4 
                [!provide]                        PROVIDE (end = .)
                0x20000368                        PROVIDE (_end = .)
                0x20000568                        . = (. + _Min_Heap_Size)
 *fill*         0x20000368      0x200 
                0x20000968                        . = (. + _Min_Stack_Size)
 *fill*         0x20000568      0x400 
                0x20000968                        . = ALIGN (0x8)

/DISCARD/
 libc.a(*)
 libm.a(*)
 libgcc.a(*)

.ARM.attributes
                0x00000000       0x30
 *(.ARM.attributes)
 .ARM.attributes
                0x00000000       0x22 C:/ST/STM32CubeIDE_1.18.1/STM32CubeIDE/plugins/com.st.stm32cube.ide.mcu.externaltools.gnu-tools-for-stm32.13.3.rel1.win32_1.0.0.202411081344/tools/bin/../lib/gcc/arm-none-eabi/13.3.1/thumb/v7e-m+fp/hard/crti.o
 .ARM.attributes
                0x00000022       0x34 C:/ST/STM32CubeIDE_1.18.1/STM32CubeIDE/plugins/com.st.stm32cube.ide.mcu.externaltools.gnu-tools-for-stm32.13.3.rel1.win32_1.0.0.202411081344/tools/bin/../lib/gcc/arm-none-eabi/13.3.1/thumb/v7e-m+fp/hard/crtbegin.o
 .ARM.attributes
                0x00000056       0x34 ./Core/Src/main.o
 .ARM.attributes
                0x0000008a       0x34 ./Core/Src/rc522.o
 .ARM.attributes
                0x000000be       0x34 ./Core/Src/stm32f3xx_hal_msp.o
 .ARM.attributes
                0x000000f2       0x34 ./Core/Src/stm32f3xx_it.o
 .ARM.attributes
                0x00000126       0x34 ./Core/Src/system_stm32f3xx.o
 .ARM.attributes
                0x0000015a       0x21 ./Core/Startup/startup_stm32f303vctx.o
 .ARM.attributes
                0x0000017b       0x34 ./Drivers/STM32F3xx_HAL_Driver/Src/stm32f3xx_hal.o
 .ARM.attributes
                0x000001af       0x34 ./Drivers/STM32F3xx_HAL_Driver/Src/stm32f3xx_hal_cortex.o
 .ARM.attributes
                0x000001e3       0x34 ./Drivers/STM32F3xx_HAL_Driver/Src/stm32f3xx_hal_gpio.o
 .ARM.attributes
                0x00000217       0x34 ./Drivers/STM32F3xx_HAL_Driver/Src/stm32f3xx_hal_pcd.o
 .ARM.attributes
                0x0000024b       0x34 ./Drivers/STM32F3xx_HAL_Driver/Src/stm32f3xx_hal_rcc.o
 .ARM.attributes
                0x0000027f       0x34 ./Drivers/STM32F3xx_HAL_Driver/Src/stm32f3xx_hal_rcc_ex.o
 .ARM.attributes
                0x000002b3       0x34 ./Drivers/STM32F3xx_HAL_Driver/Src/stm32f3xx_hal_spi.o
 .ARM.attributes
                0x000002e7       0x34 ./Drivers/STM32F3xx_HAL_Driver/Src/stm32f3xx_ll_usb.o
 .ARM.attributes
                0x0000031b       0x34 C:/ST/STM32CubeIDE_1.18.1/STM32CubeIDE/plugins/com.st.stm32cube.ide.mcu.externaltools.gnu-tools-for-stm32.13.3.rel1.win32_1.0.0.202411081344/tools/bin/../lib/gcc/arm-none-eabi/13.3.1/../../../../arm-none-eabi/lib/thumb/v7e-m+fp/hard\libc_nano.a(libc_a-memset.o)
 .ARM.attributes
                0x0000034f       0x34 C:/ST/STM32CubeIDE_1.18.1/STM32CubeIDE/plugins/com.st.stm32cube.ide.mcu.externaltools.gnu-tools-for-stm32.13.3.rel1.win32_1.0.0.202411081344/tools/bin/../lib/gcc/arm-none-eabi/13.3.1/../../../../arm-none-eabi/lib/thumb/v7e-m+fp/hard\libc_nano.a(libc_a-init.o)
 .ARM.attributes
                0x00000383       0x22 C:/ST/STM32CubeIDE_1.18.1/STM32CubeIDE/plugins/com.st.stm32cube.ide.mcu.externaltools.gnu-tools-for-stm32.13.3.rel1.win32_1.0.0.202411081344/tools/bin/../lib/gcc/arm-none-eabi/13.3.1/thumb/v7e-m+fp/hard/crtn.o
OUTPUT(Tornello.elf elf32-littlearm)
LOAD linker stubs
LOAD C:/ST/STM32CubeIDE_1.18.1/STM32CubeIDE/plugins/com.st.stm32cube.ide.mcu.externaltools.gnu-tools-for-stm32.13.3.rel1.win32_1.0.0.202411081344/tools/bin/../lib/gcc/arm-none-eabi/13.3.1/../../../../arm-none-eabi/lib/thumb/v7e-m+fp/hard\libc.a
LOAD C:/ST/STM32CubeIDE_1.18.1/STM32CubeIDE/plugins/com.st.stm32cube.ide.mcu.externaltools.gnu-tools-for-stm32.13.3.rel1.win32_1.0.0.202411081344/tools/bin/../lib/gcc/arm-none-eabi/13.3.1/../../../../arm-none-eabi/lib/thumb/v7e-m+fp/hard\libm.a
LOAD C:/ST/STM32CubeIDE_1.18.1/STM32CubeIDE/plugins/com.st.stm32cube.ide.mcu.externaltools.gnu-tools-for-stm32.13.3.rel1.win32_1.0.0.202411081344/tools/bin/../lib/gcc/arm-none-eabi/13.3.1/thumb/v7e-m+fp/hard\libgcc.a

.debug_info     0x00000000     0xa7df
 .debug_info    0x00000000     0x118d ./Core/Src/main.o
 .debug_info    0x0000118d      0xc5d ./Core/Src/rc522.o
 .debug_info    0x00001dea      0xce6 ./Core/Src/stm32f3xx_hal_msp.o
 .debug_info    0x00002ad0      0x113 ./Core/Src/stm32f3xx_it.o
 .debug_info    0x00002be3      0x407 ./Core/Src/system_stm32f3xx.o
 .debug_info    0x00002fea       0x30 ./Core/Startup/startup_stm32f303vctx.o
 .debug_info    0x0000301a      0x7d4 ./Drivers/STM32F3xx_HAL_Driver/Src/stm32f3xx_hal.o
 .debug_info    0x000037ee      0xce4 ./Drivers/STM32F3xx_HAL_Driver/Src/stm32f3xx_hal_cortex.o
 .debug_info    0x000044d2      0x5fe ./Drivers/STM32F3xx_HAL_Driver/Src/stm32f3xx_hal_gpio.o
 .debug_info    0x00004ad0     0x166f ./Drivers/STM32F3xx_HAL_Driver/Src/stm32f3xx_hal_pcd.o
 .debug_info    0x0000613f     0x148a ./Drivers/STM32F3xx_HAL_Driver/Src/stm32f3xx_hal_rcc.o
 .debug_info    0x000075c9      0x5b9 ./Drivers/STM32F3xx_HAL_Driver/Src/stm32f3xx_hal_rcc_ex.o
 .debug_info    0x00007b82     0x1622 ./Drivers/STM32F3xx_HAL_Driver/Src/stm32f3xx_hal_spi.o
 .debug_info    0x000091a4     0x163b ./Drivers/STM32F3xx_HAL_Driver/Src/stm32f3xx_ll_usb.o

.debug_abbrev   0x00000000     0x1c95
 .debug_abbrev  0x00000000      0x2e0 ./Core/Src/main.o
 .debug_abbrev  0x000002e0      0x29a ./Core/Src/rc522.o
 .debug_abbrev  0x0000057a      0x1c3 ./Core/Src/stm32f3xx_hal_msp.o
 .debug_abbrev  0x0000073d       0x73 ./Core/Src/stm32f3xx_it.o
 .debug_abbrev  0x000007b0      0x11a ./Core/Src/system_stm32f3xx.o
 .debug_abbrev  0x000008ca       0x24 ./Core/Startup/startup_stm32f303vctx.o
 .debug_abbrev  0x000008ee      0x215 ./Drivers/STM32F3xx_HAL_Driver/Src/stm32f3xx_hal.o
 .debug_abbrev  0x00000b03      0x31e ./Drivers/STM32F3xx_HAL_Driver/Src/stm32f3xx_hal_cortex.o
 .debug_abbrev  0x00000e21      0x1ca ./Drivers/STM32F3xx_HAL_Driver/Src/stm32f3xx_hal_gpio.o
 .debug_abbrev  0x00000feb      0x2d9 ./Drivers/STM32F3xx_HAL_Driver/Src/stm32f3xx_hal_pcd.o
 .debug_abbrev  0x000012c4      0x300 ./Drivers/STM32F3xx_HAL_Driver/Src/stm32f3xx_hal_rcc.o
 .debug_abbrev  0x000015c4      0x221 ./Drivers/STM32F3xx_HAL_Driver/Src/stm32f3xx_hal_rcc_ex.o
 .debug_abbrev  0x000017e5      0x269 ./Drivers/STM32F3xx_HAL_Driver/Src/stm32f3xx_hal_spi.o
 .debug_abbrev  0x00001a4e      0x247 ./Drivers/STM32F3xx_HAL_Driver/Src/stm32f3xx_ll_usb.o

.debug_aranges  0x00000000      0x8e8
 .debug_aranges
                0x00000000       0x48 ./Core/Src/main.o
 .debug_aranges
                0x00000048       0xb0 ./Core/Src/rc522.o
 .debug_aranges
                0x000000f8       0x40 ./Core/Src/stm32f3xx_hal_msp.o
 .debug_aranges
                0x00000138       0x60 ./Core/Src/stm32f3xx_it.o
 .debug_aranges
                0x00000198       0x28 ./Core/Src/system_stm32f3xx.o
 .debug_aranges
                0x000001c0       0x28 ./Core/Startup/startup_stm32f303vctx.o
 .debug_aranges
                0x000001e8       0xe0 ./Drivers/STM32F3xx_HAL_Driver/Src/stm32f3xx_hal.o
 .debug_aranges
                0x000002c8      0x128 ./Drivers/STM32F3xx_HAL_Driver/Src/stm32f3xx_hal_cortex.o
 .debug_aranges
                0x000003f0       0x58 ./Drivers/STM32F3xx_HAL_Driver/Src/stm32f3xx_hal_gpio.o
 .debug_aranges
                0x00000448      0x140 ./Drivers/STM32F3xx_HAL_Driver/Src/stm32f3xx_hal_pcd.o
 .debug_aranges
                0x00000588       0x88 ./Drivers/STM32F3xx_HAL_Driver/Src/stm32f3xx_hal_rcc.o
 .debug_aranges
                0x00000610       0x38 ./Drivers/STM32F3xx_HAL_Driver/Src/stm32f3xx_hal_rcc_ex.o
 .debug_aranges
                0x00000648      0x1d8 ./Drivers/STM32F3xx_HAL_Driver/Src/stm32f3xx_hal_spi.o
 .debug_aranges
                0x00000820       0xc8 ./Drivers/STM32F3xx_HAL_Driver/Src/stm32f3xx_ll_usb.o

.debug_rnglists
                0x00000000      0x6aa
 .debug_rnglists
                0x00000000       0x34 ./Core/Src/main.o
 .debug_rnglists
                0x00000034       0x84 ./Core/Src/rc522.o
 .debug_rnglists
                0x000000b8       0x2d ./Core/Src/stm32f3xx_hal_msp.o
 .debug_rnglists
                0x000000e5       0x43 ./Core/Src/stm32f3xx_it.o
 .debug_rnglists
                0x00000128       0x1a ./Core/Src/system_stm32f3xx.o
 .debug_rnglists
                0x00000142       0x19 ./Core/Startup/startup_stm32f303vctx.o
 .debug_rnglists
                0x0000015b       0xa3 ./Drivers/STM32F3xx_HAL_Driver/Src/stm32f3xx_hal.o
 .debug_rnglists
                0x000001fe       0xda ./Drivers/STM32F3xx_HAL_Driver/Src/stm32f3xx_hal_cortex.o
 .debug_rnglists
                0x000002d8       0x3f ./Drivers/STM32F3xx_HAL_Driver/Src/stm32f3xx_hal_gpio.o
 .debug_rnglists
                0x00000317       0xf4 ./Drivers/STM32F3xx_HAL_Driver/Src/stm32f3xx_hal_pcd.o
 .debug_rnglists
                0x0000040b       0x66 ./Drivers/STM32F3xx_HAL_Driver/Src/stm32f3xx_hal_rcc.o
 .debug_rnglists
                0x00000471       0x28 ./Drivers/STM32F3xx_HAL_Driver/Src/stm32f3xx_hal_rcc_ex.o
 .debug_rnglists
                0x00000499      0x178 ./Drivers/STM32F3xx_HAL_Driver/Src/stm32f3xx_hal_spi.o
 .debug_rnglists
                0x00000611       0x99 ./Drivers/STM32F3xx_HAL_Driver/Src/stm32f3xx_ll_usb.o

.debug_macro    0x00000000    0x1d477
 .debug_macro   0x00000000      0x2e9 ./Core/Src/main.o
 .debug_macro   0x000002e9      0xad8 ./Core/Src/main.o
 .debug_macro   0x00000dc1      0x15e ./Core/Src/main.o
 .debug_macro   0x00000f1f       0x2e ./Core/Src/main.o
 .debug_macro   0x00000f4d       0x28 ./Core/Src/main.o
 .debug_macro   0x00000f75       0x22 ./Core/Src/main.o
 .debug_macro   0x00000f97       0x8e ./Core/Src/main.o
 .debug_macro   0x00001025       0x51 ./Core/Src/main.o
 .debug_macro   0x00001076      0x103 ./Core/Src/main.o
 .debug_macro   0x00001179       0x6a ./Core/Src/main.o
 .debug_macro   0x000011e3      0x1df ./Core/Src/main.o
 .debug_macro   0x000013c2       0x1c ./Core/Src/main.o
 .debug_macro   0x000013de       0x22 ./Core/Src/main.o
 .debug_macro   0x00001400       0xd9 ./Core/Src/main.o
 .debug_macro   0x000014d9     0x102d ./Core/Src/main.o
 .debug_macro   0x00002506      0x11f ./Core/Src/main.o
 .debug_macro   0x00002625    0x12a3a ./Core/Src/main.o
 .debug_macro   0x0001505f       0x6d ./Core/Src/main.o
 .debug_macro   0x000150cc     0x3574 ./Core/Src/main.o
 .debug_macro   0x00018640      0x190 ./Core/Src/main.o
 .debug_macro   0x000187d0       0x55 ./Core/Src/main.o
 .debug_macro   0x00018825      0x961 ./Core/Src/main.o
 .debug_macro   0x00019186      0x5fe ./Core/Src/main.o
 .debug_macro   0x00019784      0x1b5 ./Core/Src/main.o
 .debug_macro   0x00019939      0x1fb ./Core/Src/main.o
 .debug_macro   0x00019b34      0x1dc ./Core/Src/main.o
 .debug_macro   0x00019d10      0x1bc ./Core/Src/main.o
 .debug_macro   0x00019ecc       0x30 ./Core/Src/main.o
 .debug_macro   0x00019efc       0x3c ./Core/Src/main.o
 .debug_macro   0x00019f38      0x235 ./Core/Src/main.o
 .debug_macro   0x0001a16d       0xc5 ./Core/Src/main.o
 .debug_macro   0x0001a232      0x21d ./Core/Src/main.o
 .debug_macro   0x0001a44f      0x22c ./Core/Src/main.o
 .debug_macro   0x0001a67b       0x5b ./Core/Src/main.o
 .debug_macro   0x0001a6d6       0xa5 ./Core/Src/main.o
 .debug_macro   0x0001a77b       0x73 ./Core/Src/main.o
 .debug_macro   0x0001a7ee      0x242 ./Core/Src/main.o
 .debug_macro   0x0001aa30       0x81 ./Core/Src/main.o
 .debug_macro   0x0001aab1       0xd3 ./Core/Src/main.o
 .debug_macro   0x0001ab84      0x2fe ./Core/Src/main.o
 .debug_macro   0x0001ae82      0x275 ./Core/Src/main.o
 .debug_macro   0x0001b0f7      0x178 ./Core/Src/main.o
 .debug_macro   0x0001b26f       0x22 ./Core/Src/main.o
 .debug_macro   0x0001b291      0x250 ./Core/Src/main.o
 .debug_macro   0x0001b4e1       0x61 ./Core/Src/main.o
 .debug_macro   0x0001b542       0x2a ./Core/Src/main.o
 .debug_macro   0x0001b56c       0x43 ./Core/Src/main.o
 .debug_macro   0x0001b5af       0x34 ./Core/Src/main.o
 .debug_macro   0x0001b5e3      0x370 ./Core/Src/main.o
 .debug_macro   0x0001b953       0x16 ./Core/Src/main.o
 .debug_macro   0x0001b969       0x4a ./Core/Src/main.o
 .debug_macro   0x0001b9b3       0x34 ./Core/Src/main.o
 .debug_macro   0x0001b9e7       0x10 ./Core/Src/main.o
 .debug_macro   0x0001b9f7       0x58 ./Core/Src/main.o
 .debug_macro   0x0001ba4f       0x8e ./Core/Src/main.o
 .debug_macro   0x0001badd       0x1c ./Core/Src/main.o
 .debug_macro   0x0001baf9      0x185 ./Core/Src/main.o
 .debug_macro   0x0001bc7e       0x10 ./Core/Src/main.o
 .debug_macro   0x0001bc8e       0x3c ./Core/Src/main.o
 .debug_macro   0x0001bcca       0x20 ./Core/Src/main.o
 .debug_macro   0x0001bcea       0x10 ./Core/Src/main.o
 .debug_macro   0x0001bcfa      0x1fa ./Core/Src/rc522.o
 .debug_macro   0x0001bef4      0x1f7 ./Core/Src/stm32f3xx_hal_msp.o
 .debug_macro   0x0001c0eb      0x201 ./Core/Src/stm32f3xx_it.o
 .debug_macro   0x0001c2ec      0x1e8 ./Core/Src/system_stm32f3xx.o
 .debug_macro   0x0001c4d4      0x20c ./Drivers/STM32F3xx_HAL_Driver/Src/stm32f3xx_hal.o
 .debug_macro   0x0001c6e0      0x1e8 ./Drivers/STM32F3xx_HAL_Driver/Src/stm32f3xx_hal_cortex.o
 .debug_macro   0x0001c8c8      0x1ef ./Drivers/STM32F3xx_HAL_Driver/Src/stm32f3xx_hal_gpio.o
 .debug_macro   0x0001cab7      0x1f4 ./Drivers/STM32F3xx_HAL_Driver/Src/stm32f3xx_hal_pcd.o
 .debug_macro   0x0001ccab      0x20c ./Drivers/STM32F3xx_HAL_Driver/Src/stm32f3xx_hal_rcc.o
 .debug_macro   0x0001ceb7      0x1e8 ./Drivers/STM32F3xx_HAL_Driver/Src/stm32f3xx_hal_rcc_ex.o
 .debug_macro   0x0001d09f      0x1f0 ./Drivers/STM32F3xx_HAL_Driver/Src/stm32f3xx_hal_spi.o
 .debug_macro   0x0001d28f      0x1e8 ./Drivers/STM32F3xx_HAL_Driver/Src/stm32f3xx_ll_usb.o

.debug_line     0x00000000     0xbb59
 .debug_line    0x00000000      0xad6 ./Core/Src/main.o
 .debug_line    0x00000ad6      0xc59 ./Core/Src/rc522.o
 .debug_line    0x0000172f      0x820 ./Core/Src/stm32f3xx_hal_msp.o
 .debug_line    0x00001f4f      0x834 ./Core/Src/stm32f3xx_it.o
 .debug_line    0x00002783      0x7ff ./Core/Src/system_stm32f3xx.o
 .debug_line    0x00002f82       0x7a ./Core/Startup/startup_stm32f303vctx.o
 .debug_line    0x00002ffc      0xa3b ./Drivers/STM32F3xx_HAL_Driver/Src/stm32f3xx_hal.o
 .debug_line    0x00003a37      0xd06 ./Drivers/STM32F3xx_HAL_Driver/Src/stm32f3xx_hal_cortex.o
 .debug_line    0x0000473d      0xb86 ./Drivers/STM32F3xx_HAL_Driver/Src/stm32f3xx_hal_gpio.o
 .debug_line    0x000052c3     0x12fb ./Drivers/STM32F3xx_HAL_Driver/Src/stm32f3xx_hal_pcd.o
 .debug_line    0x000065be     0x159a ./Drivers/STM32F3xx_HAL_Driver/Src/stm32f3xx_hal_rcc.o
 .debug_line    0x00007b58      0xdd7 ./Drivers/STM32F3xx_HAL_Driver/Src/stm32f3xx_hal_rcc_ex.o
 .debug_line    0x0000892f     0x210e ./Drivers/STM32F3xx_HAL_Driver/Src/stm32f3xx_hal_spi.o
 .debug_line    0x0000aa3d     0x111c ./Drivers/STM32F3xx_HAL_Driver/Src/stm32f3xx_ll_usb.o

.debug_str      0x00000000    0xaddf3
 .debug_str     0x00000000    0xaddf3 ./Core/Src/main.o
                              0xac62e (size before relaxing)
 .debug_str     0x000addf3    0xa897b ./Core/Src/rc522.o
 .debug_str     0x000addf3    0xa89ab ./Core/Src/stm32f3xx_hal_msp.o
 .debug_str     0x000addf3    0xa8201 ./Core/Src/stm32f3xx_it.o
 .debug_str     0x000addf3    0xa7d19 ./Core/Src/system_stm32f3xx.o
 .debug_str     0x000addf3       0x80 ./Core/Startup/startup_stm32f303vctx.o
 .debug_str     0x000addf3    0xa8557 ./Drivers/STM32F3xx_HAL_Driver/Src/stm32f3xx_hal.o
 .debug_str     0x000addf3    0xa85db ./Drivers/STM32F3xx_HAL_Driver/Src/stm32f3xx_hal_cortex.o
 .debug_str     0x000addf3    0xa7e86 ./Drivers/STM32F3xx_HAL_Driver/Src/stm32f3xx_hal_gpio.o
 .debug_str     0x000addf3    0xa854e ./Drivers/STM32F3xx_HAL_Driver/Src/stm32f3xx_hal_pcd.o
 .debug_str     0x000addf3    0xa81b9 ./Drivers/STM32F3xx_HAL_Driver/Src/stm32f3xx_hal_rcc.o
 .debug_str     0x000addf3    0xa7f7d ./Drivers/STM32F3xx_HAL_Driver/Src/stm32f3xx_hal_rcc_ex.o
 .debug_str     0x000addf3    0xa863f ./Drivers/STM32F3xx_HAL_Driver/Src/stm32f3xx_hal_spi.o
 .debug_str     0x000addf3    0xa80a3 ./Drivers/STM32F3xx_HAL_Driver/Src/stm32f3xx_ll_usb.o

.comment        0x00000000       0x43
 .comment       0x00000000       0x43 ./Core/Src/main.o
                                 0x44 (size before relaxing)
 .comment       0x00000043       0x44 ./Core/Src/rc522.o
 .comment       0x00000043       0x44 ./Core/Src/stm32f3xx_hal_msp.o
 .comment       0x00000043       0x44 ./Core/Src/stm32f3xx_it.o
 .comment       0x00000043       0x44 ./Core/Src/system_stm32f3xx.o
 .comment       0x00000043       0x44 ./Drivers/STM32F3xx_HAL_Driver/Src/stm32f3xx_hal.o
 .comment       0x00000043       0x44 ./Drivers/STM32F3xx_HAL_Driver/Src/stm32f3xx_hal_cortex.o
 .comment       0x00000043       0x44 ./Drivers/STM32F3xx_HAL_Driver/Src/stm32f3xx_hal_gpio.o
 .comment       0x00000043       0x44 ./Drivers/STM32F3xx_HAL_Driver/Src/stm32f3xx_hal_pcd.o
 .comment       0x00000043       0x44 ./Drivers/STM32F3xx_HAL_Driver/Src/stm32f3xx_hal_rcc.o
 .comment       0x00000043       0x44 ./Drivers/STM32F3xx_HAL_Driver/Src/stm32f3xx_hal_rcc_ex.o
 .comment       0x00000043       0x44 ./Drivers/STM32F3xx_HAL_Driver/Src/stm32f3xx_hal_spi.o
 .comment       0x00000043       0x44 ./Drivers/STM32F3xx_HAL_Driver/Src/stm32f3xx_ll_usb.o

.debug_frame    0x00000000     0x2380
 .debug_frame   0x00000000       0xcc ./Core/Src/main.o
 .debug_frame   0x000000cc      0x2ac ./Core/Src/rc522.o
 .debug_frame   0x00000378       0xc4 ./Core/Src/stm32f3xx_hal_msp.o
 .debug_frame   0x0000043c      0x104 ./Core/Src/stm32f3xx_it.o
 .debug_frame   0x00000540       0x58 ./Core/Src/system_stm32f3xx.o
 .debug_frame   0x00000598      0x334 ./Drivers/STM32F3xx_HAL_Driver/Src/stm32f3xx_hal.o
 .debug_frame   0x000008cc      0x4e8 ./Drivers/STM32F3xx_HAL_Driver/Src/stm32f3xx_hal_cortex.o
 .debug_frame   0x00000db4      0x14c ./Drivers/STM32F3xx_HAL_Driver/Src/stm32f3xx_hal_gpio.o
 .debug_frame   0x00000f00      0x590 ./Drivers/STM32F3xx_HAL_Driver/Src/stm32f3xx_hal_pcd.o
 .debug_frame   0x00001490      0x214 ./Drivers/STM32F3xx_HAL_Driver/Src/stm32f3xx_hal_rcc.o
 .debug_frame   0x000016a4       0xb0 ./Drivers/STM32F3xx_HAL_Driver/Src/stm32f3xx_hal_rcc_ex.o
 .debug_frame   0x00001754      0x860 ./Drivers/STM32F3xx_HAL_Driver/Src/stm32f3xx_hal_spi.o
 .debug_frame   0x00001fb4      0x380 ./Drivers/STM32F3xx_HAL_Driver/Src/stm32f3xx_ll_usb.o
 .debug_frame   0x00002334       0x20 C:/ST/STM32CubeIDE_1.18.1/STM32CubeIDE/plugins/com.st.stm32cube.ide.mcu.externaltools.gnu-tools-for-stm32.13.3.rel1.win32_1.0.0.202411081344/tools/bin/../lib/gcc/arm-none-eabi/13.3.1/../../../../arm-none-eabi/lib/thumb/v7e-m+fp/hard\libc_nano.a(libc_a-memset.o)
 .debug_frame   0x00002354       0x2c C:/ST/STM32CubeIDE_1.18.1/STM32CubeIDE/plugins/com.st.stm32cube.ide.mcu.externaltools.gnu-tools-for-stm32.13.3.rel1.win32_1.0.0.202411081344/tools/bin/../lib/gcc/arm-none-eabi/13.3.1/../../../../arm-none-eabi/lib/thumb/v7e-m+fp/hard\libc_nano.a(libc_a-init.o)

.debug_line_str
                0x00000000       0x64
 .debug_line_str
                0x00000000       0x64 ./Core/Startup/startup_stm32f303vctx.o
