../Core/Src/main.c:86:6:i2c_scanner	32	static
../Core/Src/main.c:131:6:truncateString	16	static
../Core/Src/main.c:137:6:delay	16	static
../Core/Src/main.c:143:6:stepper_set_rpm	16	static
../Core/Src/main.c:148:6:stepper_half_drive	16	static
../Core/Src/main.c:202:6:stepper_step_angle	48	static
../Core/Src/main.c:229:6:Stepper_rotate	24	static
../Core/Src/main.c:250:5:main	392	static
../Core/Src/main.c:466:6:SystemClock_Config	128	static
../Core/Src/main.c:518:13:MX_I2C1_Init	8	static
../Core/Src/main.c:566:13:MX_SPI1_Init	8	static
../Core/Src/main.c:606:13:MX_TIM1_Init	40	static
../Core/Src/main.c:653:13:MX_TIM2_Init	40	static
../Core/Src/main.c:701:13:MX_USART1_UART_Init	8	static
../Core/Src/main.c:736:13:MX_USB_PCD_Init	8	static
../Core/Src/main.c:767:13:MX_GPIO_Init	48	static
../Core/Src/main.c:849:6:HAL_TIM_IC_CaptureCallback	16	static
../Core/Src/main.c:904:6:Error_Handler	4	static,ignoring_inline_asm
