Archive member included to satisfy reference by file (symbol)

C:/ST/STM32CubeIDE_1.19.0_new/STM32CubeIDE/plugins/com.st.stm32cube.ide.mcu.externaltools.gnu-tools-for-stm32.13.3.rel1.win32_1.0.0.202411081344/tools/bin/../lib/gcc/arm-none-eabi/13.3.1/../../../../arm-none-eabi/lib/thumb/v7e-m+fp/hard\libc_nano.a(libc_a-exit.o)
                              C:/ST/STM32CubeIDE_1.19.0_new/STM32CubeIDE/plugins/com.st.stm32cube.ide.mcu.externaltools.gnu-tools-for-stm32.13.3.rel1.win32_1.0.0.202411081344/tools/bin/../lib/gcc/arm-none-eabi/13.3.1/../../../../arm-none-eabi/lib/thumb/v7e-m+fp/hard/crt0.o (exit)
C:/ST/STM32CubeIDE_1.19.0_new/STM32CubeIDE/plugins/com.st.stm32cube.ide.mcu.externaltools.gnu-tools-for-stm32.13.3.rel1.win32_1.0.0.202411081344/tools/bin/../lib/gcc/arm-none-eabi/13.3.1/../../../../arm-none-eabi/lib/thumb/v7e-m+fp/hard\libc_nano.a(libc_a-malloc.o)
                              ./Core/Src/tag.o (malloc)
C:/ST/STM32CubeIDE_1.19.0_new/STM32CubeIDE/plugins/com.st.stm32cube.ide.mcu.externaltools.gnu-tools-for-stm32.13.3.rel1.win32_1.0.0.202411081344/tools/bin/../lib/gcc/arm-none-eabi/13.3.1/../../../../arm-none-eabi/lib/thumb/v7e-m+fp/hard\libc_nano.a(libc_a-mallocr.o)
                              C:/ST/STM32CubeIDE_1.19.0_new/STM32CubeIDE/plugins/com.st.stm32cube.ide.mcu.externaltools.gnu-tools-for-stm32.13.3.rel1.win32_1.0.0.202411081344/tools/bin/../lib/gcc/arm-none-eabi/13.3.1/../../../../arm-none-eabi/lib/thumb/v7e-m+fp/hard\libc_nano.a(libc_a-malloc.o) (_malloc_r)
C:/ST/STM32CubeIDE_1.19.0_new/STM32CubeIDE/plugins/com.st.stm32cube.ide.mcu.externaltools.gnu-tools-for-stm32.13.3.rel1.win32_1.0.0.202411081344/tools/bin/../lib/gcc/arm-none-eabi/13.3.1/../../../../arm-none-eabi/lib/thumb/v7e-m+fp/hard\libc_nano.a(libc_a-mlock.o)
                              C:/ST/STM32CubeIDE_1.19.0_new/STM32CubeIDE/plugins/com.st.stm32cube.ide.mcu.externaltools.gnu-tools-for-stm32.13.3.rel1.win32_1.0.0.202411081344/tools/bin/../lib/gcc/arm-none-eabi/13.3.1/../../../../arm-none-eabi/lib/thumb/v7e-m+fp/hard\libc_nano.a(libc_a-mallocr.o) (__malloc_lock)
C:/ST/STM32CubeIDE_1.19.0_new/STM32CubeIDE/plugins/com.st.stm32cube.ide.mcu.externaltools.gnu-tools-for-stm32.13.3.rel1.win32_1.0.0.202411081344/tools/bin/../lib/gcc/arm-none-eabi/13.3.1/../../../../arm-none-eabi/lib/thumb/v7e-m+fp/hard\libc_nano.a(libc_a-findfp.o)
                              C:/ST/STM32CubeIDE_1.19.0_new/STM32CubeIDE/plugins/com.st.stm32cube.ide.mcu.externaltools.gnu-tools-for-stm32.13.3.rel1.win32_1.0.0.202411081344/tools/bin/../lib/gcc/arm-none-eabi/13.3.1/../../../../arm-none-eabi/lib/thumb/v7e-m+fp/hard\libc_nano.a(libc_a-exit.o) (__stdio_exit_handler)
C:/ST/STM32CubeIDE_1.19.0_new/STM32CubeIDE/plugins/com.st.stm32cube.ide.mcu.externaltools.gnu-tools-for-stm32.13.3.rel1.win32_1.0.0.202411081344/tools/bin/../lib/gcc/arm-none-eabi/13.3.1/../../../../arm-none-eabi/lib/thumb/v7e-m+fp/hard\libc_nano.a(libc_a-fwalk.o)
                              C:/ST/STM32CubeIDE_1.19.0_new/STM32CubeIDE/plugins/com.st.stm32cube.ide.mcu.externaltools.gnu-tools-for-stm32.13.3.rel1.win32_1.0.0.202411081344/tools/bin/../lib/gcc/arm-none-eabi/13.3.1/../../../../arm-none-eabi/lib/thumb/v7e-m+fp/hard\libc_nano.a(libc_a-findfp.o) (_fwalk_sglue)
C:/ST/STM32CubeIDE_1.19.0_new/STM32CubeIDE/plugins/com.st.stm32cube.ide.mcu.externaltools.gnu-tools-for-stm32.13.3.rel1.win32_1.0.0.202411081344/tools/bin/../lib/gcc/arm-none-eabi/13.3.1/../../../../arm-none-eabi/lib/thumb/v7e-m+fp/hard\libc_nano.a(libc_a-snprintf.o)
                              ./Core/Src/main.o (snprintf)
C:/ST/STM32CubeIDE_1.19.0_new/STM32CubeIDE/plugins/com.st.stm32cube.ide.mcu.externaltools.gnu-tools-for-stm32.13.3.rel1.win32_1.0.0.202411081344/tools/bin/../lib/gcc/arm-none-eabi/13.3.1/../../../../arm-none-eabi/lib/thumb/v7e-m+fp/hard\libc_nano.a(libc_a-stdio.o)
                              C:/ST/STM32CubeIDE_1.19.0_new/STM32CubeIDE/plugins/com.st.stm32cube.ide.mcu.externaltools.gnu-tools-for-stm32.13.3.rel1.win32_1.0.0.202411081344/tools/bin/../lib/gcc/arm-none-eabi/13.3.1/../../../../arm-none-eabi/lib/thumb/v7e-m+fp/hard\libc_nano.a(libc_a-findfp.o) (__sread)
C:/ST/STM32CubeIDE_1.19.0_new/STM32CubeIDE/plugins/com.st.stm32cube.ide.mcu.externaltools.gnu-tools-for-stm32.13.3.rel1.win32_1.0.0.202411081344/tools/bin/../lib/gcc/arm-none-eabi/13.3.1/../../../../arm-none-eabi/lib/thumb/v7e-m+fp/hard\libc_nano.a(libc_a-memcmp.o)
                              ./Core/Src/tag.o (memcmp)
C:/ST/STM32CubeIDE_1.19.0_new/STM32CubeIDE/plugins/com.st.stm32cube.ide.mcu.externaltools.gnu-tools-for-stm32.13.3.rel1.win32_1.0.0.202411081344/tools/bin/../lib/gcc/arm-none-eabi/13.3.1/../../../../arm-none-eabi/lib/thumb/v7e-m+fp/hard\libc_nano.a(libc_a-memset.o)
[...]
Memory Configuration

Name             Origin             Length             Attributes
CCMRAM           0x10000000         0x00002000         xrw
RAM              0x20000000         0x0000a000         xrw
FLASH            0x08000000         0x00040000         xr
*default*        0x00000000         0xffffffff

Linker script and memory map

LOAD C:/ST/STM32CubeIDE_1.19.0_new/STM32CubeIDE/plugins/com.st.stm32cube.ide.mcu.externaltools.gnu-tools-for-stm32.13.3.rel1.win32_1.0.0.202411081344/tools/bin/../lib/gcc/arm-none-eabi/13.3.1/thumb/v7e-m+fp/hard/crti.o
LOAD C:/ST/STM32CubeIDE_1.19.0_new/STM32CubeIDE/plugins/com.st.stm32cube.ide.mcu.externaltools.gnu-tools-for-stm32.13.3.rel1.win32_1.0.0.202411081344/tools/bin/../lib/gcc/arm-none-eabi/13.3.1/thumb/v7e-m+fp/hard/crtbegin.o
LOAD C:/ST/STM32CubeIDE_1.19.0_new/STM32CubeIDE/plugins/com.st.stm32cube.ide.mcu.externaltools.gnu-tools-for-stm32.13.3.rel1.win32_1.0.0.202411081344/tools/bin/../lib/gcc/arm-none-eabi/13.3.1/../../../../arm-none-eabi/lib/thumb/v7e-m+fp/hard/crt0.o
LOAD ./Core/Src/lcd_i2c.o
LOAD ./Core/Src/main.o
LOAD ./Core/Src/rc522.o
LOAD ./Core/Src/stm32f3xx_hal_msp.o
LOAD ./Core/Src/stm32f3xx_it.o
LOAD ./Core/Src/syscalls.o
LOAD ./Core/Src/sysmem.o
LOAD ./Core/Src/system_stm32f3xx.o
LOAD ./Core/Src/tag.o
LOAD ./Core/Startup/startup_stm32f303vctx.o
LOAD ./Drivers/STM32F3xx_HAL_Driver/Src/stm32f3xx_hal.o
LOAD ./Drivers/STM32F3xx_HAL_Driver/Src/stm32f3xx_hal_cortex.o
LOAD ./Drivers/STM32F3xx_HAL_Driver/Src/stm32f3xx_hal_dma.o
LOAD ./Drivers/STM32F3xx_HAL_Driver/Src/stm32f3xx_hal_exti.o
LOAD ./Drivers/STM32F3xx_HAL_Driver/Src/stm32f3xx_hal_flash.o
LOAD ./Drivers/STM32F3xx_HAL_Driver/Src/stm32f3xx_hal_flash_ex.o
LOAD ./Drivers/STM32F3xx_HAL_Driver/Src/stm32f3xx_hal_gpio.o
LOAD ./Drivers/STM32F3xx_HAL_Driver/Src/stm32f3xx_hal_i2c.o
LOAD ./Drivers/STM32F3xx_HAL_Driver/Src/stm32f3xx_hal_i2c_ex.o
LOAD ./Drivers/STM32F3xx_HAL_Driver/Src/stm32f3xx_hal_pcd.o
LOAD ./Drivers/STM32F3xx_HAL_Driver/Src/stm32f3xx_hal_pcd_ex.o
LOAD ./Drivers/STM32F3xx_HAL_Driver/Src/stm32f3xx_hal_pwr.o
LOAD ./Drivers/STM32F3xx_HAL_Driver/Src/stm32f3xx_hal_pwr_ex.o
LOAD ./Drivers/STM32F3xx_HAL_Driver/Src/stm32f3xx_hal_rcc.o
LOAD ./Drivers/STM32F3xx_HAL_Driver/Src/stm32f3xx_hal_rcc_ex.o
LOAD ./Drivers/STM32F3xx_HAL_Driver/Src/stm32f3xx_hal_spi.o
LOAD ./Drivers/STM32F3xx_HAL_Driver/Src/stm32f3xx_hal_spi_ex.o
LOAD ./Drivers/STM32F3xx_HAL_Driver/Src/stm32f3xx_hal_tim.o
LOAD ./Drivers/STM32F3xx_HAL_Driver/Src/stm32f3xx_hal_tim_ex.o
LOAD ./Drivers/STM32F3xx_HAL_Driver/Src/stm32f3xx_hal_uart.o
LOAD ./Drivers/STM32F3xx_HAL_Driver/Src/stm32f3xx_hal_uart_ex.o
LOAD ./Drivers/STM32F3xx_HAL_Driver/Src/stm32f3xx_ll_usb.o
START GROUP
LOAD C:/ST/STM32CubeIDE_1.19.0_new/STM32CubeIDE/plugins/com.st.stm32cube.ide.mcu.externaltools.gnu-tools-for-stm32.13.3.rel1.win32_1.0.0.202411081344/tools/bin/../lib/gcc/arm-none-eabi/13.3.1/../../../../arm-none-eabi/lib/thumb/v7e-m+fp/hard\libc_nano.a
LOAD C:/ST/STM32CubeIDE_1.19.0_new/STM32CubeIDE/plugins/com.st.stm32cube.ide.mcu.externaltools.gnu-tools-for-stm32.13.3.rel1.win32_1.0.0.202411081344/tools/bin/../lib/gcc/arm-none-eabi/13.3.1/../../../../arm-none-eabi/lib/thumb/v7e-m+fp/hard\libm.a
END GROUP
START GROUP
LOAD C:/ST/STM32CubeIDE_1.19.0_new/STM32CubeIDE/plugins/com.st.stm32cube.ide.mcu.externaltools.gnu-tools-for-stm32.13.3.rel1.win32_1.0.0.202411081344/tools/bin/../lib/gcc/arm-none-eabi/13.3.1/thumb/v7e-m+fp/hard\libgcc.a
LOAD C:/ST/STM32CubeIDE_1.19.0_new/STM32CubeIDE/plugins/com.st.stm32cube.ide.mcu.externaltools.gnu-tools-for-stm32.13.3.rel1.win32_1.0.0.202411081344/tools/bin/../lib/gcc/arm-none-eabi/13.3.1/../../../../arm-none-eabi/lib/thumb/v7e-m+fp/hard\libc_nano.a
END GROUP
START GROUP
LOAD C:/ST/STM32CubeIDE_1.19.0_new/STM32CubeIDE/plugins/com.st.stm32cube.ide.mcu.externaltools.gnu-tools-for-stm32.13.3.rel1.win32_1.0.0.202411081344/tools/bin/../lib/gcc/arm-none-eabi/13.3.1/thumb/v7e-m+fp/hard\libgcc.a
LOAD C:/ST/STM32CubeIDE_1.19.0_new/STM32CubeIDE/plugins/com.st.stm32cube.ide.mcu.externaltools.gnu-tools-for-stm32.13.3.rel1.win32_1.0.0.202411081344/tools/bin/../lib/gcc/arm-none-eabi/13.3.1/../../../../arm-none-eabi/lib/thumb/v7e-m+fp/hard\libc_nano.a
LOAD C:/ST/STM32CubeIDE_1.19.0_new/STM32CubeIDE/plugins/com.st.stm32cube.ide.mcu.externaltools.gnu-tools-for-stm32.13.3.rel1.win32_1.0.0.202411081344/tools/bin/../lib/gcc/arm-none-eabi/13.3.1/../../../../arm-none-eabi/lib/thumb/v7e-m+fp/hard\libnosys.a
END GROUP
START GROUP
LOAD C:/ST/STM32CubeIDE_1.19.0_new/STM32CubeIDE/plugins/com.st.stm32cube.ide.mcu.externaltools.gnu-tools-for-stm32.13.3.rel1.win32_1.0.0.202411081344/tools/bin/../lib/gcc/arm-none-eabi/13.3.1/thumb/v7e-m+fp/hard\libgcc.a
LOAD C:/ST/STM32CubeIDE_1.19.0_new/STM32CubeIDE/plugins/com.st.stm32cube.ide.mcu.externaltools.gnu-tools-for-stm32.13.3.rel1.win32_1.0.0.202411081344/tools/bin/../lib/gcc/arm-none-eabi/13.3.1/../../../../arm-none-eabi/lib/thumb/v7e-m+fp/hard\libc_nano.a
LOAD C:/ST/STM32CubeIDE_1.19.0_new/STM32CubeIDE/plugins/com.st.stm32cube.ide.mcu.externaltools.gnu-tools-for-stm32.13.3.rel1.win32_1.0.0.202411081344/tools/bin/../lib/gcc/arm-none-eabi/13.3.1/../../../../arm-none-eabi/lib/thumb/v7e-m+fp/hard\libnosys.a
END GROUP
LOAD C:/ST/STM32CubeIDE_1.19.0_new/STM32CubeIDE/plugins/com.st.stm32cube.ide.mcu.externaltools.gnu-tools-for-stm32.13.3.rel1.win32_1.0.0.202411081344/tools/bin/../lib/gcc/arm-none-eabi/13.3.1/thumb/v7e-m+fp/hard/crtend.o
LOAD C:/ST/STM32CubeIDE_1.19.0_new/STM32CubeIDE/plugins/com.st.stm32cube.ide.mcu.externaltools.gnu-tools-for-stm32.13.3.rel1.win32_1.0.0.202411081344/tools/bin/../lib/gcc/arm-none-eabi/13.3.1/thumb/v7e-m+fp/hard/crtn.o
                0x2000a000                        _estack = (ORIGIN (RAM) + LENGTH (RAM))
                0x00000200                        _Min_Heap_Size = 0x200
                0x00000400                        _Min_Stack_Size = 0x400

.isr_vector     0x08000000      0x188
                0x08000000                        . = ALIGN (0x4)
 *(.isr_vector)
 .isr_vector    0x08000000      0x188 ./Core/Startup/startup_stm32f303vctx.o
                0x08000000                g_pfnVectors
                0x08000188                        . = ALIGN (0x4)

.text           0x08000190     0x7824
                0x08000190                        . = ALIGN (0x4)
 *(.text)
 .text          0x08000190       0x40 C:/ST/STM32CubeIDE_1.19.0_new/STM32CubeIDE/plugins/com.st.stm32cube.ide.mcu.externaltools.gnu-tools-for-stm32.13.3.rel1.win32_1.0.0.202411081344/tools/bin/../lib/gcc/arm-none-eabi/13.3.1/thumb/v7e-m+fp/hard/crtbegin.o
 .text          0x080001d0       0x14 C:/ST/STM32CubeIDE_1.19.0_new/STM32CubeIDE/plugins/com.st.stm32cube.ide.mcu.externaltools.gnu-tools-for-stm32.13.3.rel1.win32_1.0.0.202411081344/tools/bin/../lib/gcc/arm-none-eabi/13.3.1/../../../../arm-none-eabi/lib/thumb/v7e-m+fp/hard\libc_nano.a(libc_a-strcmp.o)
                0x080001d0                strcmp
 .text          0x080001e4       0x10 C:/ST/STM32CubeIDE_1.19.0_new/STM32CubeIDE/plugins/com.st.stm32cube.ide.mcu.externaltools.gnu-tools-for-stm32.13.3.rel1.win32_1.0.0.202411081344/tools/bin/../lib/gcc/arm-none-eabi/13.3.1/../../../../arm-none-eabi/lib/thumb/v7e-m+fp/hard\libc_nano.a(libc_a-strlen.o)
                0x080001e4                strlen
 *fill*         0x080001f4        0xc 
 .text          0x08000200       0xa0 C:/ST/STM32CubeIDE_1.19.0_new/STM32CubeIDE/plugins/com.st.stm32cube.ide.mcu.externaltools.gnu-tools-for-stm32.13.3.rel1.win32_1.0.0.202411081344/tools/bin/../lib/gcc/arm-none-eabi/13.3.1/../../../../arm-none-eabi/lib/thumb/v7e-m+fp/hard\libc_nano.a(libc_a-memchr.o)
                0x08000200                memchr
 *(.text*)
 .text.i2c_pcf8574_write
                0x080002a0       0x28 ./Core/Src/lcd_i2c.o
                0x080002a0                i2c_pcf8574_write
 .text.lcd_send_nibble
                0x080002c8       0x54 ./Core/Src/lcd_i2c.o
                0x080002c8                lcd_send_nibble
 .text.lcd_send_cmd
                0x0800031c       0x30 ./Core/Src/lcd_i2c.o
                0x0800031c                lcd_send_cmd
 .text.lcd_send_data
                0x0800034c       0x30 ./Core/Src/lcd_i2c.o
                0x0800034c                lcd_send_data
 .text.lcd_init
                0x0800037c       0x82 ./Core/Src/lcd_i2c.o
                0x0800037c                lcd_init
 .text.lcd_clear
                0x080003fe       0x14 ./Core/Src/lcd_i2c.o
                0x080003fe                lcd_clear
 .text.lcd_put_cur
                0x08000412       0x3a ./Core/Src/lcd_i2c.o
                0x08000412                lcd_put_cur
 .text.lcd_send_string
                0x0800044c       0x2a ./Core/Src/lcd_i2c.o
                0x0800044c                lcd_send_string
 .text.lcd_display_message_lines
                0x08000476       0x3e ./Core/Src/lcd_i2c.o
                0x08000476                lcd_display_message_lines
 .text.i2c_scanner
                0x080004b4       0x74 ./Core/Src/main.o
                0x080004b4                i2c_scanner
 .text.truncateString
                0x08000528       0x2a ./Core/Src/main.o
                0x08000528                truncateString
 *fill*         0x08000552        0x2 
 .text.delay    0x08000554       0x34 ./Core/Src/main.o
                0x08000554                delay
 .text.stepper_set_rpm
                0x08000588       0x22 ./Core/Src/main.o
                0x08000588                stepper_set_rpm
 *fill*         0x080005aa        0x2 
 .text.stepper_half_drive
                0x080005ac      0x1c4 ./Core/Src/main.o
                0x080005ac                stepper_half_drive
 .text.stepper_step_angle
                0x08000770       0x94 ./Core/Src/main.o
                0x08000770                stepper_step_angle
 .text.Stepper_rotate
                0x08000804       0x80 ./Core/Src/main.o
                0x08000804                Stepper_rotate
 .text.main     0x08000884      0x530 ./Core/Src/main.o
                0x08000884                main
 .text.SystemClock_Config
                0x08000db4       0xc8 ./Core/Src/main.o
                0x08000db4                SystemClock_Config
 .text.MX_I2C1_Init
                0x08000e7c       0x80 ./Core/Src/main.o
 .text.MX_SPI1_Init
                0x08000efc       0x7c ./Core/Src/main.o
 .text.MX_TIM1_Init
                0x08000f78       0xa8 ./Core/Src/main.o
 .text.MX_TIM2_Init
                0x08001020       0xa8 ./Core/Src/main.o
 .text.MX_USART1_UART_Init
                0x080010c8       0x60 ./Core/Src/main.o
 .text.MX_USB_PCD_Init
                0x08001128       0x44 ./Core/Src/main.o
 .text.MX_GPIO_Init
                0x0800116c      0x17c ./Core/Src/main.o
 .text.HAL_TIM_IC_CaptureCallback
                0x080012e8      0x124 ./Core/Src/main.o
                0x080012e8                HAL_TIM_IC_CaptureCallback
 .text.Error_Handler
                0x0800140c        0xc ./Core/Src/main.o
                0x0800140c                Error_Handler
 .text.RC522_SPI_Transfer
                0x08001418       0x2c ./Core/Src/rc522.o
                0x08001418                RC522_SPI_Transfer
 .text.Write_MFRC522
                0x08001444       0x4a ./Core/Src/rc522.o
                0x08001444                Write_MFRC522
 .text.Read_MFRC522
                0x0800148e       0x52 ./Core/Src/rc522.o
                0x0800148e                Read_MFRC522
 .text.SetBitMask
                0x080014e0       0x36 ./Core/Src/rc522.o
                0x080014e0                SetBitMask
 .text.ClearBitMask
                0x08001516       0x40 ./Core/Src/rc522.o
                0x08001516                ClearBitMask
 .text.AntennaOn
                0x08001556       0x16 ./Core/Src/rc522.o
                0x08001556                AntennaOn
 .text.MFRC522_Reset
                0x0800156c       0x10 ./Core/Src/rc522.o
                0x0800156c                MFRC522_Reset
 .text.MFRC522_Init
                0x0800157c       0x5c ./Core/Src/rc522.o
                0x0800157c                MFRC522_Init
 .text.MFRC522_ToCard
                0x080015d8      0x192 ./Core/Src/rc522.o
                0x080015d8                MFRC522_ToCard
 .text.MFRC522_Request
                0x0800176a       0x4a ./Core/Src/rc522.o
                0x0800176a                MFRC522_Request
 .text.MFRC522_Anticoll
                0x080017b4       0x7a ./Core/Src/rc522.o
                0x080017b4                MFRC522_Anticoll
 .text.isSensorDetected
                0x0800182e       0x30 ./Core/Src/rc522.o
                0x0800182e                isSensorDetected
 *fill*         0x0800185e        0x2 
 .text.HAL_MspInit
                0x08001860       0x48 ./Core/Src/stm32f3xx_hal_msp.o
                0x08001860                HAL_MspInit
 .text.HAL_I2C_MspInit
                0x080018a8       0x88 ./Core/Src/stm32f3xx_hal_msp.o
                0x080018a8                HAL_I2C_MspInit
 .text.HAL_SPI_MspInit
                0x08001930       0x84 ./Core/Src/stm32f3xx_hal_msp.o
                0x08001930                HAL_SPI_MspInit
 .text.HAL_TIM_Base_MspInit
                0x080019b4       0x40 ./Core/Src/stm32f3xx_hal_msp.o
                0x080019b4                HAL_TIM_Base_MspInit
 .text.HAL_TIM_IC_MspInit
                0x080019f4       0x94 ./Core/Src/stm32f3xx_hal_msp.o
                0x080019f4                HAL_TIM_IC_MspInit
 .text.HAL_UART_MspInit
                0x08001a88       0x88 ./Core/Src/stm32f3xx_hal_msp.o
                0x08001a88                HAL_UART_MspInit
 .text.HAL_PCD_MspInit
                0x08001b10       0x88 ./Core/Src/stm32f3xx_hal_msp.o
                0x08001b10                HAL_PCD_MspInit
 .text.NMI_Handler
                0x08001b98        0x8 ./Core/Src/stm32f3xx_it.o
                0x08001b98                NMI_Handler
 .text.HardFault_Handler
                0x08001ba0        0x8 ./Core/Src/stm32f3xx_it.o
                0x08001ba0                HardFault_Handler
 .text.MemManage_Handler
                0x08001ba8        0x8 ./Core/Src/stm32f3xx_it.o
                0x08001ba8                MemManage_Handler
 .text.BusFault_Handler
                0x08001bb0        0x8 ./Core/Src/stm32f3xx_it.o
                0x08001bb0                BusFault_Handler
 .text.UsageFault_Handler
                0x08001bb8        0x8 ./Core/Src/stm32f3xx_it.o
                0x08001bb8                UsageFault_Handler
 .text.SVC_Handler
                0x08001bc0        0xe ./Core/Src/stm32f3xx_it.o
                0x08001bc0                SVC_Handler
 .text.DebugMon_Handler
                0x08001bce        0xe ./Core/Src/stm32f3xx_it.o
                0x08001bce                DebugMon_Handler
 .text.PendSV_Handler
                0x08001bdc        0xe ./Core/Src/stm32f3xx_it.o
                0x08001bdc                PendSV_Handler
 .text.SysTick_Handler
                0x08001bea        0xc ./Core/Src/stm32f3xx_it.o
                0x08001bea                SysTick_Handler
 *fill*         0x08001bf6        0x2 
 .text.TIM2_IRQHandler
                0x08001bf8       0x14 ./Core/Src/stm32f3xx_it.o
                0x08001bf8                TIM2_IRQHandler
 .text._sbrk    0x08001c0c       0x6c ./Core/Src/sysmem.o
                0x08001c0c                _sbrk
 .text.SystemInit
                0x08001c78       0x24 ./Core/Src/system_stm32f3xx.o
                0x08001c78                SystemInit
 .text.findTag  0x08001c9c       0x60 ./Core/Src/tag.o
                0x08001c9c                findTag
 .text.getNamesBySerial
                0x08001cfc       0x9e ./Core/Src/tag.o
                0x08001cfc                getNamesBySerial
 .text.isTagRegistered
                0x08001d9a       0x22 ./Core/Src/tag.o
                0x08001d9a                isTagRegistered
 .text.updateCoins
                0x08001dbc       0x42 ./Core/Src/tag.o
                0x08001dbc                updateCoins
 .text.updateDepartureStation
                0x08001dfe       0x3c ./Core/Src/tag.o
                0x08001dfe                updateDepartureStation
 *fill*         0x08001e3a        0x2 
 .text.processTicketPayment
                0x08001e3c      0x3b4 ./Core/Src/tag.o
                0x08001e3c                processTicketPayment
 .text.Reset_Handler
                0x080021f0       0x50 ./Core/Startup/startup_stm32f303vctx.o
                0x080021f0                Reset_Handler
 .text.Default_Handler
                0x08002240        0x2 ./Core/Startup/startup_stm32f303vctx.o
                0x08002240                RTC_Alarm_IRQHandler
                0x08002240                TIM8_TRG_COM_IRQHandler
                0x08002240                TIM8_CC_IRQHandler
                0x08002240                TIM1_CC_IRQHandler
                0x08002240                USB_HP_IRQHandler
                0x08002240                PVD_IRQHandler
                0x08002240                TAMP_STAMP_IRQHandler
                0x08002240                EXTI3_IRQHandler
                0x08002240                USB_HP_CAN_TX_IRQHandler
                0x08002240                EXTI0_IRQHandler
                0x08002240                I2C2_EV_IRQHandler
                0x08002240                FPU_IRQHandler
                0x08002240                TIM1_UP_TIM16_IRQHandler
                0x08002240                ADC1_2_IRQHandler
                0x08002240                SPI1_IRQHandler
                0x08002240                CAN_SCE_IRQHandler
                0x08002240                TIM6_DAC_IRQHandler
                0x08002240                TIM8_UP_IRQHandler
                0x08002240                DMA2_Channel2_IRQHandler
                0x08002240                DMA1_Channel4_IRQHandler
                0x08002240                USART3_IRQHandler
                0x08002240                DMA1_Channel7_IRQHandler
                0x08002240                UART5_IRQHandler
                0x08002240                ADC3_IRQHandler
                0x08002240                TIM4_IRQHandler
                0x08002240                CAN_RX1_IRQHandler
                0x08002240                DMA2_Channel1_IRQHandler
                0x08002240                I2C1_EV_IRQHandler
                0x08002240                DMA1_Channel6_IRQHandler
                0x08002240                UART4_IRQHandler
                0x08002240                DMA2_Channel4_IRQHandler
                0x08002240                TIM3_IRQHandler
                0x08002240                RCC_IRQHandler
                0x08002240                DMA1_Channel1_IRQHandler
                0x08002240                Default_Handler
                0x08002240                USBWakeUp_RMP_IRQHandler
                0x08002240                EXTI15_10_IRQHandler
                0x08002240                TIM7_IRQHandler
                0x08002240                EXTI9_5_IRQHandler
                0x08002240                RTC_WKUP_IRQHandler
                0x08002240                SPI2_IRQHandler
                0x08002240                USB_LP_CAN_RX0_IRQHandler
                0x08002240                DMA2_Channel5_IRQHandler
                0x08002240                DMA1_Channel5_IRQHandler
                0x08002240                USB_LP_IRQHandler
                0x08002240                EXTI4_IRQHandler
                0x08002240                TIM1_TRG_COM_TIM17_IRQHandler
                0x08002240                DMA1_Channel3_IRQHandler
                0x08002240                ADC4_IRQHandler
                0x08002240                WWDG_IRQHandler
                0x08002240                COMP7_IRQHandler
                0x08002240                COMP1_2_3_IRQHandler
                0x08002240                EXTI1_IRQHandler
                0x08002240                USART2_IRQHandler
                0x08002240                COMP4_5_6_IRQHandler
                0x08002240                I2C2_ER_IRQHandler
                0x08002240                DMA1_Channel2_IRQHandler
                0x08002240                TIM8_BRK_IRQHandler
                0x08002240                FLASH_IRQHandler
                0x08002240                USART1_IRQHandler
                0x08002240                SPI3_IRQHandler
                0x08002240                I2C1_ER_IRQHandler
                0x08002240                USBWakeUp_IRQHandler
                0x08002240                DMA2_Channel3_IRQHandler
                0x08002240                EXTI2_TSC_IRQHandler
                0x08002240                TIM1_BRK_TIM15_IRQHandler
 *fill*         0x08002242        0x2 
 .text.HAL_Init
                0x08002244       0x2c ./Drivers/STM32F3xx_HAL_Driver/Src/stm32f3xx_hal.o
                0x08002244                HAL_Init
 .text.HAL_InitTick
                0x08002270       0x60 ./Drivers/STM32F3xx_HAL_Driver/Src/stm32f3xx_hal.o
                0x08002270                HAL_InitTick
 .text.HAL_IncTick
                0x080022d0       0x28 ./Drivers/STM32F3xx_HAL_Driver/Src/stm32f3xx_hal.o
                0x080022d0                HAL_IncTick
 .text.HAL_GetTick
                0x080022f8       0x18 ./Drivers/STM32F3xx_HAL_Driver/Src/stm32f3xx_hal.o
                0x080022f8                HAL_GetTick
 .text.HAL_Delay
                0x08002310       0x48 ./Drivers/STM32F3xx_HAL_Driver/Src/stm32f3xx_hal.o
                0x08002310                HAL_Delay
 .text.__NVIC_SetPriorityGrouping
                0x08002358       0x48 ./Drivers/STM32F3xx_HAL_Driver/Src/stm32f3xx_hal_cortex.o
 .text.__NVIC_GetPriorityGrouping
                0x080023a0       0x1c ./Drivers/STM32F3xx_HAL_Driver/Src/stm32f3xx_hal_cortex.o
 .text.__NVIC_EnableIRQ
                0x080023bc       0x3c ./Drivers/STM32F3xx_HAL_Driver/Src/stm32f3xx_hal_cortex.o
 .text.__NVIC_SetPriority
                0x080023f8       0x54 ./Drivers/STM32F3xx_HAL_Driver/Src/stm32f3xx_hal_cortex.o
 .text.NVIC_EncodePriority
                0x0800244c       0x66 ./Drivers/STM32F3xx_HAL_Driver/Src/stm32f3xx_hal_cortex.o
 *fill*         0x080024b2        0x2 
 .text.SysTick_Config
                0x080024b4       0x44 ./Drivers/STM32F3xx_HAL_Driver/Src/stm32f3xx_hal_cortex.o
 .text.HAL_NVIC_SetPriorityGrouping
                0x080024f8       0x16 ./Drivers/STM32F3xx_HAL_Driver/Src/stm32f3xx_hal_cortex.o
                0x080024f8                HAL_NVIC_SetPriorityGrouping
 .text.HAL_NVIC_SetPriority
                0x0800250e       0x38 ./Drivers/STM32F3xx_HAL_Driver/Src/stm32f3xx_hal_cortex.o
                0x0800250e                HAL_NVIC_SetPriority
 .text.HAL_NVIC_EnableIRQ
                0x08002546       0x1c ./Drivers/STM32F3xx_HAL_Driver/Src/stm32f3xx_hal_cortex.o
                0x08002546                HAL_NVIC_EnableIRQ
 .text.HAL_SYSTICK_Config
                0x08002562       0x18 ./Drivers/STM32F3xx_HAL_Driver/Src/stm32f3xx_hal_cortex.o
                0x08002562                HAL_SYSTICK_Config
 *fill*         0x0800257a        0x2 
 .text.HAL_GPIO_Init
                0x0800257c      0x2f4 ./Drivers/STM32F3xx_HAL_Driver/Src/stm32f3xx_hal_gpio.o
                0x0800257c                HAL_GPIO_Init
 .text.HAL_GPIO_WritePin
                0x08002870       0x30 ./Drivers/STM32F3xx_HAL_Driver/Src/stm32f3xx_hal_gpio.o
                0x08002870                HAL_GPIO_WritePin
 .text.HAL_GPIO_TogglePin
                0x080028a0       0x34 ./Drivers/STM32F3xx_HAL_Driver/Src/stm32f3xx_hal_gpio.o
                0x080028a0                HAL_GPIO_TogglePin
 .text.HAL_I2C_Init
                0x080028d4      0x136 ./Drivers/STM32F3xx_HAL_Driver/Src/stm32f3xx_hal_i2c.o
                0x080028d4                HAL_I2C_Init
 *fill*         0x08002a0a        0x2 
 .text.HAL_I2C_Master_Transmit
                0x08002a0c      0x230 ./Drivers/STM32F3xx_HAL_Driver/Src/stm32f3xx_hal_i2c.o
                0x08002a0c                HAL_I2C_Master_Transmit
 .text.HAL_I2C_IsDeviceReady
                0x08002c3c      0x1d8 ./Drivers/STM32F3xx_HAL_Driver/Src/stm32f3xx_hal_i2c.o
                0x08002c3c                HAL_I2C_IsDeviceReady
 .text.I2C_Flush_TXDR
                0x08002e14       0x48 ./Drivers/STM32F3xx_HAL_Driver/Src/stm32f3xx_hal_i2c.o
 .text.I2C_WaitOnFlagUntilTimeout
                0x08002e5c       0xb2 ./Drivers/STM32F3xx_HAL_Driver/Src/stm32f3xx_hal_i2c.o
 .text.I2C_WaitOnTXISFlagUntilTimeout
                0x08002f0e       0x8e ./Drivers/STM32F3xx_HAL_Driver/Src/stm32f3xx_hal_i2c.o
 .text.I2C_WaitOnSTOPFlagUntilTimeout
                0x08002f9c       0x86 ./Drivers/STM32F3xx_HAL_Driver/Src/stm32f3xx_hal_i2c.o
 *fill*         0x08003022        0x2 
 .text.I2C_IsErrorOccurred
                0x08003024      0x1c0 ./Drivers/STM32F3xx_HAL_Driver/Src/stm32f3xx_hal_i2c.o
 .text.I2C_TransferConfig
                0x080031e4       0x64 ./Drivers/STM32F3xx_HAL_Driver/Src/stm32f3xx_hal_i2c.o
 .text.HAL_I2CEx_ConfigAnalogFilter
                0x08003248       0x96 ./Drivers/STM32F3xx_HAL_Driver/Src/stm32f3xx_hal_i2c_ex.o
                0x08003248                HAL_I2CEx_ConfigAnalogFilter
 .text.HAL_I2CEx_ConfigDigitalFilter
                0x080032de       0x98 ./Drivers/STM32F3xx_HAL_Driver/Src/stm32f3xx_hal_i2c_ex.o
                0x080032de                HAL_I2CEx_ConfigDigitalFilter
 .text.HAL_PCD_Init
                0x08003376      0x18e ./Drivers/STM32F3xx_HAL_Driver/Src/stm32f3xx_hal_pcd.o
                0x08003376                HAL_PCD_Init
 .text.HAL_RCC_OscConfig
                0x08003504     0x101c ./Drivers/STM32F3xx_HAL_Driver/Src/stm32f3xx_hal_rcc.o
                0x08003504                HAL_RCC_OscConfig
 .text.HAL_RCC_ClockConfig
                0x08004520      0x2dc ./Drivers/STM32F3xx_HAL_Driver/Src/stm32f3xx_hal_rcc.o
                0x08004520                HAL_RCC_ClockConfig
 .text.HAL_RCC_GetSysClockFreq
                0x080047fc       0xa8 ./Drivers/STM32F3xx_HAL_Driver/Src/stm32f3xx_hal_rcc.o
                0x080047fc                HAL_RCC_GetSysClockFreq
 .text.HAL_RCC_GetHCLKFreq
                0x080048a4       0x18 ./Drivers/STM32F3xx_HAL_Driver/Src/stm32f3xx_hal_rcc.o
                0x080048a4                HAL_RCC_GetHCLKFreq
 .text.HAL_RCC_GetPCLK1Freq
                0x080048bc       0x44 ./Drivers/STM32F3xx_HAL_Driver/Src/stm32f3xx_hal_rcc.o
                0x080048bc                HAL_RCC_GetPCLK1Freq
 .text.HAL_RCC_GetPCLK2Freq
                0x08004900       0x44 ./Drivers/STM32F3xx_HAL_Driver/Src/stm32f3xx_hal_rcc.o
                0x08004900                HAL_RCC_GetPCLK2Freq
 .text.HAL_RCCEx_PeriphCLKConfig
                0x08004944      0x35c ./Drivers/STM32F3xx_HAL_Driver/Src/stm32f3xx_hal_rcc_ex.o
                0x08004944                HAL_RCCEx_PeriphCLKConfig
 .text.HAL_SPI_Init
                0x08004ca0      0x156 ./Drivers/STM32F3xx_HAL_Driver/Src/stm32f3xx_hal_spi.o
                0x08004ca0                HAL_SPI_Init
 .text.HAL_SPI_TransmitReceive
                0x08004df6      0x444 ./Drivers/STM32F3xx_HAL_Driver/Src/stm32f3xx_hal_spi.o
                0x08004df6                HAL_SPI_TransmitReceive
 *fill*         0x0800523a        0x2 
 .text.SPI_WaitFlagStateUntilTimeout
                0x0800523c      0x110 ./Drivers/STM32F3xx_HAL_Driver/Src/stm32f3xx_hal_spi.o
 .text.SPI_WaitFifoStateUntilTimeout
                0x0800534c      0x12c ./Drivers/STM32F3xx_HAL_Driver/Src/stm32f3xx_hal_spi.o
 .text.SPI_EndRxTxTransaction
                0x08005478       0x8c ./Drivers/STM32F3xx_HAL_Driver/Src/stm32f3xx_hal_spi.o
 .text.HAL_TIM_Base_Init
                0x08005504       0xae ./Drivers/STM32F3xx_HAL_Driver/Src/stm32f3xx_hal_tim.o
                0x08005504                HAL_TIM_Base_Init
 *fill*         0x080055b2        0x2 
 .text.HAL_TIM_Base_Start
                0x080055b4       0xc4 ./Drivers/STM32F3xx_HAL_Driver/Src/stm32f3xx_hal_tim.o
                0x080055b4                HAL_TIM_Base_Start
 .text.HAL_TIM_IC_Init
                0x08005678       0xae ./Drivers/STM32F3xx_HAL_Driver/Src/stm32f3xx_hal_tim.o
                0x08005678                HAL_TIM_IC_Init
 *fill*         0x08005726        0x2 
 .text.HAL_TIM_IC_Start_IT
                0x08005728      0x284 ./Drivers/STM32F3xx_HAL_Driver/Src/stm32f3xx_hal_tim.o
                0x08005728                HAL_TIM_IC_Start_IT
 .text.HAL_TIM_IC_Stop_IT
                0x080059ac      0x17c ./Drivers/STM32F3xx_HAL_Driver/Src/stm32f3xx_hal_tim.o
                0x080059ac                HAL_TIM_IC_Stop_IT
 .text.HAL_TIM_IRQHandler
                0x08005b28      0x204 ./Drivers/STM32F3xx_HAL_Driver/Src/stm32f3xx_hal_tim.o
                0x08005b28                HAL_TIM_IRQHandler
 .text.HAL_TIM_IC_ConfigChannel
                0x08005d2c      0x138 ./Drivers/STM32F3xx_HAL_Driver/Src/stm32f3xx_hal_tim.o
                0x08005d2c                HAL_TIM_IC_ConfigChannel
 .text.HAL_TIM_ConfigClockSource
                0x08005e64      0x192 ./Drivers/STM32F3xx_HAL_Driver/Src/stm32f3xx_hal_tim.o
                0x08005e64                HAL_TIM_ConfigClockSource
 *fill*         0x08005ff6        0x2 
 .text.HAL_TIM_ReadCapturedValue
                0x08005ff8       0x88 ./Drivers/STM32F3xx_HAL_Driver/Src/stm32f3xx_hal_tim.o
                0x08005ff8                HAL_TIM_ReadCapturedValue
 .text.HAL_TIM_PeriodElapsedCallback
                0x08006080       0x14 ./Drivers/STM32F3xx_HAL_Driver/Src/stm32f3xx_hal_tim.o
                0x08006080                HAL_TIM_PeriodElapsedCallback
 .text.HAL_TIM_OC_DelayElapsedCallback
                0x08006094       0x14 ./Drivers/STM32F3xx_HAL_Driver/Src/stm32f3xx_hal_tim.o
                0x08006094                HAL_TIM_OC_DelayElapsedCallback
 .text.HAL_TIM_PWM_PulseFinishedCallback
                0x080060a8       0x14 ./Drivers/STM32F3xx_HAL_Driver/Src/stm32f3xx_hal_tim.o
                0x080060a8                HAL_TIM_PWM_PulseFinishedCallback
 .text.HAL_TIM_TriggerCallback
                0x080060bc       0x14 ./Drivers/STM32F3xx_HAL_Driver/Src/stm32f3xx_hal_tim.o
                0x080060bc                HAL_TIM_TriggerCallback
 .text.TIM_Base_SetConfig
                0x080060d0      0x138 ./Drivers/STM32F3xx_HAL_Driver/Src/stm32f3xx_hal_tim.o
                0x080060d0                TIM_Base_SetConfig
 .text.TIM_TI1_SetConfig
                0x08006208       0xd0 ./Drivers/STM32F3xx_HAL_Driver/Src/stm32f3xx_hal_tim.o
                0x08006208                TIM_TI1_SetConfig
 .text.TIM_TI1_ConfigInputStage
                0x080062d8       0x5e ./Drivers/STM32F3xx_HAL_Driver/Src/stm32f3xx_hal_tim.o
 .text.TIM_TI2_SetConfig
                0x08006336       0x7a ./Drivers/STM32F3xx_HAL_Driver/Src/stm32f3xx_hal_tim.o
 .text.TIM_TI2_ConfigInputStage
                0x080063b0       0x60 ./Drivers/STM32F3xx_HAL_Driver/Src/stm32f3xx_hal_tim.o
 .text.TIM_TI3_SetConfig
                0x08006410       0x78 ./Drivers/STM32F3xx_HAL_Driver/Src/stm32f3xx_hal_tim.o
 .text.TIM_TI4_SetConfig
                0x08006488       0x7a ./Drivers/STM32F3xx_HAL_Driver/Src/stm32f3xx_hal_tim.o
 .text.TIM_ITRx_SetConfig
                0x08006502       0x36 ./Drivers/STM32F3xx_HAL_Driver/Src/stm32f3xx_hal_tim.o
 .text.TIM_ETR_SetConfig
                0x08006538       0x40 ./Drivers/STM32F3xx_HAL_Driver/Src/stm32f3xx_hal_tim.o
                0x08006538                TIM_ETR_SetConfig
 .text.TIM_CCxChannelCmd
                0x08006578       0x4a ./Drivers/STM32F3xx_HAL_Driver/Src/stm32f3xx_hal_tim.o
                0x08006578                TIM_CCxChannelCmd
 *fill*         0x080065c2        0x2 
 .text.HAL_TIMEx_MasterConfigSynchronization
                0x080065c4      0x100 ./Drivers/STM32F3xx_HAL_Driver/Src/stm32f3xx_hal_tim_ex.o
                0x080065c4                HAL_TIMEx_MasterConfigSynchronization
 .text.HAL_TIMEx_CommutCallback
                0x080066c4       0x14 ./Drivers/STM32F3xx_HAL_Driver/Src/stm32f3xx_hal_tim_ex.o
                0x080066c4                HAL_TIMEx_CommutCallback
 .text.HAL_TIMEx_BreakCallback
                0x080066d8       0x14 ./Drivers/STM32F3xx_HAL_Driver/Src/stm32f3xx_hal_tim_ex.o
                0x080066d8                HAL_TIMEx_BreakCallback
 .text.HAL_TIMEx_Break2Callback
                0x080066ec       0x14 ./Drivers/STM32F3xx_HAL_Driver/Src/stm32f3xx_hal_tim_ex.o
                0x080066ec                HAL_TIMEx_Break2Callback
 .text.HAL_UART_Init
                0x08006700       0x9c ./Drivers/STM32F3xx_HAL_Driver/Src/stm32f3xx_hal_uart.o
                0x08006700                HAL_UART_Init
 .text.UART_SetConfig
                0x0800679c      0x3a8 ./Drivers/STM32F3xx_HAL_Driver/Src/stm32f3xx_hal_uart.o
                0x0800679c                UART_SetConfig
 .text.UART_AdvFeatureConfig
                0x08006b44      0x144 ./Drivers/STM32F3xx_HAL_Driver/Src/stm32f3xx_hal_uart.o
                0x08006b44                UART_AdvFeatureConfig
 .text.UART_CheckIdleState
                0x08006c88      0x150 ./Drivers/STM32F3xx_HAL_Driver/Src/stm32f3xx_hal_uart.o
                0x08006c88                UART_CheckIdleState
 .text.UART_WaitOnFlagUntilTimeout
                0x08006dd8       0xda ./Drivers/STM32F3xx_HAL_Driver/Src/stm32f3xx_hal_uart.o
                0x08006dd8                UART_WaitOnFlagUntilTimeout
 .text.UART_EndRxTransfer
                0x08006eb2       0xc8 ./Drivers/STM32F3xx_HAL_Driver/Src/stm32f3xx_hal_uart.o
 .text.USB_DisableGlobalInt
                0x08006f7a       0x36 ./Drivers/STM32F3xx_HAL_Driver/Src/stm32f3xx_ll_usb.o
                0x08006f7a                USB_DisableGlobalInt
 .text.USB_DevInit
                0x08006fb0       0x3c ./Drivers/STM32F3xx_HAL_Driver/Src/stm32f3xx_ll_usb.o
                0x08006fb0                USB_DevInit
 .text.sbrk_aligned
                0x08006fec       0x44 C:/ST/STM32CubeIDE_1.19.0_new/STM32CubeIDE/plugins/com.st.stm32cube.ide.mcu.externaltools.gnu-tools-for-stm32.13.3.rel1.win32_1.0.0.202411081344/tools/bin/../lib/gcc/arm-none-eabi/13.3.1/../../../../arm-none-eabi/lib/thumb/v7e-m+fp/hard\libc_nano.a(libc_a-mallocr.o)
 .text._malloc_r
                0x08007030      0x100 C:/ST/STM32CubeIDE_1.19.0_new/STM32CubeIDE/plugins/com.st.stm32cube.ide.mcu.externaltools.gnu-tools-for-stm32.13.3.rel1.win32_1.0.0.202411081344/tools/bin/../lib/gcc/arm-none-eabi/13.3.1/../../../../arm-none-eabi/lib/thumb/v7e-m+fp/hard\libc_nano.a(libc_a-mallocr.o)
                0x08007030                _malloc_r
 .text.__malloc_lock
                0x08007130        0xc C:/ST/STM32CubeIDE_1.19.0_new/STM32CubeIDE/plugins/com.st.stm32cube.ide.mcu.externaltools.gnu-tools-for-stm32.13.3.rel1.win32_1.0.0.202411081344/tools/bin/../lib/gcc/arm-none-eabi/13.3.1/../../../../arm-none-eabi/lib/thumb/v7e-m+fp/hard\libc_nano.a(libc_a-mlock.o)
                0x08007130                __malloc_lock
 .text.__malloc_unlock
                0x0800713c        0xc C:/ST/STM32CubeIDE_1.19.0_new/STM32CubeIDE/plugins/com.st.stm32cube.ide.mcu.externaltools.gnu-tools-for-stm32.13.3.rel1.win32_1.0.0.202411081344/tools/bin/../lib/gcc/arm-none-eabi/13.3.1/../../../../arm-none-eabi/lib/thumb/v7e-m+fp/hard\libc_nano.a(libc_a-mlock.o)
                0x0800713c                __malloc_unlock
 .text.snprintf
                0x08007148       0x6c C:/ST/STM32CubeIDE_1.19.0_new/STM32CubeIDE/plugins/com.st.stm32cube.ide.mcu.externaltools.gnu-tools-for-stm32.13.3.rel1.win32_1.0.0.202411081344/tools/bin/../lib/gcc/arm-none-eabi/13.3.1/../../../../arm-none-eabi/lib/thumb/v7e-m+fp/hard\libc_nano.a(libc_a-snprintf.o)
                0x08007148                sniprintf
                0x08007148                snprintf
 .text.memcmp   0x080071b4       0x20 C:/ST/STM32CubeIDE_1.19.0_new/STM32CubeIDE/plugins/com.st.stm32cube.ide.mcu.externaltools.gnu-tools-for-stm32.13.3.rel1.win32_1.0.0.202411081344/tools/bin/../lib/gcc/arm-none-eabi/13.3.1/../../../../arm-none-eabi/lib/thumb/v7e-m+fp/hard\libc_nano.a(libc_a-memcmp.o)
                0x080071b4                memcmp
 .text.memset   0x080071d4       0x10 C:/ST/STM32CubeIDE_1.19.0_new/STM32CubeIDE/plugins/com.st.stm32cube.ide.mcu.externaltools.gnu-tools-for-stm32.13.3.rel1.win32_1.0.0.202411081344/tools/bin/../lib/gcc/arm-none-eabi/13.3.1/../../../../arm-none-eabi/lib/thumb/v7e-m+fp/hard\libc_nano.a(libc_a-memset.o)
                0x080071d4                memset
 .text.strncpy  0x080071e4       0x26 C:/ST/STM32CubeIDE_1.19.0_new/STM32CubeIDE/plugins/com.st.stm32cube.ide.mcu.externaltools.gnu-tools-for-stm32.13.3.rel1.win32_1.0.0.202411081344/tools/bin/../lib/gcc/arm-none-eabi/13.3.1/../../../../arm-none-eabi/lib/thumb/v7e-m+fp/hard\libc_nano.a(libc_a-strncpy.o)
                0x080071e4                strncpy
 *fill*         0x0800720a        0x2 
 .text._sbrk_r  0x0800720c       0x20 C:/ST/STM32CubeIDE_1.19.0_new/STM32CubeIDE/plugins/com.st.stm32cube.ide.mcu.externaltools.gnu-tools-for-stm32.13.3.rel1.win32_1.0.0.202411081344/tools/bin/../lib/gcc/arm-none-eabi/13.3.1/../../../../arm-none-eabi/lib/thumb/v7e-m+fp/hard\libc_nano.a(libc_a-sbrkr.o)
                0x0800720c                _sbrk_r
 .text.__errno  0x0800722c        0xc C:/ST/STM32CubeIDE_1.19.0_new/STM32CubeIDE/plugins/com.st.stm32cube.ide.mcu.externaltools.gnu-tools-for-stm32.13.3.rel1.win32_1.0.0.202411081344/tools/bin/../lib/gcc/arm-none-eabi/13.3.1/../../../../arm-none-eabi/lib/thumb/v7e-m+fp/hard\libc_nano.a(libc_a-errno.o)
                0x0800722c                __errno
 .text.__libc_init_array
                0x08007238       0x48 C:/ST/STM32CubeIDE_1.19.0_new/STM32CubeIDE/plugins/com.st.stm32cube.ide.mcu.externaltools.gnu-tools-for-stm32.13.3.rel1.win32_1.0.0.202411081344/tools/bin/../lib/gcc/arm-none-eabi/13.3.1/../../../../arm-none-eabi/lib/thumb/v7e-m+fp/hard\libc_nano.a(libc_a-init.o)
                0x08007238                __libc_init_array
 .text.__retarget_lock_acquire_recursive
                0x08007280        0x2 C:/ST/STM32CubeIDE_1.19.0_new/STM32CubeIDE/plugins/com.st.stm32cube.ide.mcu.externaltools.gnu-tools-for-stm32.13.3.rel1.win32_1.0.0.202411081344/tools/bin/../lib/gcc/arm-none-eabi/13.3.1/../../../../arm-none-eabi/lib/thumb/v7e-m+fp/hard\libc_nano.a(libc_a-lock.o)
                0x08007280                __retarget_lock_acquire_recursive
 .text.__retarget_lock_release_recursive
                0x08007282        0x2 C:/ST/STM32CubeIDE_1.19.0_new/STM32CubeIDE/plugins/com.st.stm32cube.ide.mcu.externaltools.gnu-tools-for-stm32.13.3.rel1.win32_1.0.0.202411081344/tools/bin/../lib/gcc/arm-none-eabi/13.3.1/../../../../arm-none-eabi/lib/thumb/v7e-m+fp/hard\libc_nano.a(libc_a-lock.o)
                0x08007282                __retarget_lock_release_recursive
 .text.memcpy   0x08007284       0x1c C:/ST/STM32CubeIDE_1.19.0_new/STM32CubeIDE/plugins/com.st.stm32cube.ide.mcu.externaltools.gnu-tools-for-stm32.13.3.rel1.win32_1.0.0.202411081344/tools/bin/../lib/gcc/arm-none-eabi/13.3.1/../../../../arm-none-eabi/lib/thumb/v7e-m+fp/hard\libc_nano.a(libc_a-memcpy-stub.o)
                0x08007284                memcpy
 .text._free_r  0x080072a0       0x94 C:/ST/STM32CubeIDE_1.19.0_new/STM32CubeIDE/plugins/com.st.stm32cube.ide.mcu.externaltools.gnu-tools-for-stm32.13.3.rel1.win32_1.0.0.202411081344/tools/bin/../lib/gcc/arm-none-eabi/13.3.1/../../../../arm-none-eabi/lib/thumb/v7e-m+fp/hard\libc_nano.a(libc_a-freer.o)
                0x080072a0                _free_r
 .text.__ssputs_r
                0x08007334       0xb6 C:/ST/STM32CubeIDE_1.19.0_new/STM32CubeIDE/plugins/com.st.stm32cube.ide.mcu.externaltools.gnu-tools-for-stm32.13.3.rel1.win32_1.0.0.202411081344/tools/bin/../lib/gcc/arm-none-eabi/13.3.1/../../../../arm-none-eabi/lib/thumb/v7e-m+fp/hard\libc_nano.a(libc_a-nano-svfprintf.o)
                0x08007334                __ssputs_r
 *fill*         0x080073ea        0x2 
 .text._svfprintf_r
                0x080073ec      0x1f8 C:/ST/STM32CubeIDE_1.19.0_new/STM32CubeIDE/plugins/com.st.stm32cube.ide.mcu.externaltools.gnu-tools-for-stm32.13.3.rel1.win32_1.0.0.202411081344/tools/bin/../lib/gcc/arm-none-eabi/13.3.1/../../../../arm-none-eabi/lib/thumb/v7e-m+fp/hard\libc_nano.a(libc_a-nano-svfprintf.o)
                0x080073ec                _svfiprintf_r
                0x080073ec                _svfprintf_r
 .text._printf_common
                0x080075e4       0xda C:/ST/STM32CubeIDE_1.19.0_new/STM32CubeIDE/plugins/com.st.stm32cube.ide.mcu.externaltools.gnu-tools-for-stm32.13.3.rel1.win32_1.0.0.202411081344/tools/bin/../lib/gcc/arm-none-eabi/13.3.1/../../../../arm-none-eabi/lib/thumb/v7e-m+fp/hard\libc_nano.a(libc_a-nano-vfprintf_i.o)
                0x080075e4                _printf_common
 *fill*         0x080076be        0x2 
 .text._printf_i
                0x080076c0      0x23c C:/ST/STM32CubeIDE_1.19.0_new/STM32CubeIDE/plugins/com.st.stm32cube.ide.mcu.externaltools.gnu-tools-for-stm32.13.3.rel1.win32_1.0.0.202411081344/tools/bin/../lib/gcc/arm-none-eabi/13.3.1/../../../../arm-none-eabi/lib/thumb/v7e-m+fp/hard\libc_nano.a(libc_a-nano-vfprintf_i.o)
                0x080076c0                _printf_i
 .text.memmove  0x080078fc       0x34 C:/ST/STM32CubeIDE_1.19.0_new/STM32CubeIDE/plugins/com.st.stm32cube.ide.mcu.externaltools.gnu-tools-for-stm32.13.3.rel1.win32_1.0.0.202411081344/tools/bin/../lib/gcc/arm-none-eabi/13.3.1/../../../../arm-none-eabi/lib/thumb/v7e-m+fp/hard\libc_nano.a(libc_a-memmove.o)
                0x080078fc                memmove
 .text._realloc_r
                0x08007930       0x5c C:/ST/STM32CubeIDE_1.19.0_new/STM32CubeIDE/plugins/com.st.stm32cube.ide.mcu.externaltools.gnu-tools-for-stm32.13.3.rel1.win32_1.0.0.202411081344/tools/bin/../lib/gcc/arm-none-eabi/13.3.1/../../../../arm-none-eabi/lib/thumb/v7e-m+fp/hard\libc_nano.a(libc_a-reallocr.o)
                0x08007930                _realloc_r
 .text._malloc_usable_size_r
                0x0800798c       0x10 C:/ST/STM32CubeIDE_1.19.0_new/STM32CubeIDE/plugins/com.st.stm32cube.ide.mcu.externaltools.gnu-tools-for-stm32.13.3.rel1.win32_1.0.0.202411081344/tools/bin/../lib/gcc/arm-none-eabi/13.3.1/../../../../arm-none-eabi/lib/thumb/v7e-m+fp/hard\libc_nano.a(libc_a-msizer.o)
                0x0800798c                _malloc_usable_size_r
 *(.glue_7)
 .glue_7        0x0800799c        0x0 linker stubs
 *(.glue_7t)
 .glue_7t       0x0800799c        0x0 linker stubs
 *(.eh_frame)
 .eh_frame      0x0800799c        0x0 C:/ST/STM32CubeIDE_1.19.0_new/STM32CubeIDE/plugins/com.st.stm32cube.ide.mcu.externaltools.gnu-tools-for-stm32.13.3.rel1.win32_1.0.0.202411081344/tools/bin/../lib/gcc/arm-none-eabi/13.3.1/thumb/v7e-m+fp/hard/crtbegin.o
 *(.init)
 .init          0x0800799c        0x4 C:/ST/STM32CubeIDE_1.19.0_new/STM32CubeIDE/plugins/com.st.stm32cube.ide.mcu.externaltools.gnu-tools-for-stm32.13.3.rel1.win32_1.0.0.202411081344/tools/bin/../lib/gcc/arm-none-eabi/13.3.1/thumb/v7e-m+fp/hard/crti.o
                0x0800799c                _init
 .init          0x080079a0        0x8 C:/ST/STM32CubeIDE_1.19.0_new/STM32CubeIDE/plugins/com.st.stm32cube.ide.mcu.externaltools.gnu-tools-for-stm32.13.3.rel1.win32_1.0.0.202411081344/tools/bin/../lib/gcc/arm-none-eabi/13.3.1/thumb/v7e-m+fp/hard/crtn.o
 *(.fini)
 .fini          0x080079a8        0x4 C:/ST/STM32CubeIDE_1.19.0_new/STM32CubeIDE/plugins/com.st.stm32cube.ide.mcu.externaltools.gnu-tools-for-stm32.13.3.rel1.win32_1.0.0.202411081344/tools/bin/../lib/gcc/arm-none-eabi/13.3.1/thumb/v7e-m+fp/hard/crti.o
                0x080079a8                _fini
 .fini          0x080079ac        0x8 C:/ST/STM32CubeIDE_1.19.0_new/STM32CubeIDE/plugins/com.st.stm32cube.ide.mcu.externaltools.gnu-tools-for-stm32.13.3.rel1.win32_1.0.0.202411081344/tools/bin/../lib/gcc/arm-none-eabi/13.3.1/thumb/v7e-m+fp/hard/crtn.o
                0x080079b4                        . = ALIGN (0x4)
                0x080079b4                        _etext = .

.vfp11_veneer   0x080079b4        0x0
 .vfp11_veneer  0x080079b4        0x0 linker stubs

.v4_bx          0x080079b4        0x0
 .v4_bx         0x080079b4        0x0 linker stubs

.iplt           0x080079b4        0x0
 .iplt          0x080079b4        0x0 C:/ST/STM32CubeIDE_1.19.0_new/STM32CubeIDE/plugins/com.st.stm32cube.ide.mcu.externaltools.gnu-tools-for-stm32.13.3.rel1.win32_1.0.0.202411081344/tools/bin/../lib/gcc/arm-none-eabi/13.3.1/thumb/v7e-m+fp/hard/crtbegin.o

.rodata         0x080079b4      0x250
                0x080079b4                        . = ALIGN (0x4)
 *(.rodata)
 .rodata        0x080079b4       0xf8 ./Core/Src/main.o
 .rodata        0x08007aac       0xec ./Core/Src/tag.o
 *(.rodata*)
 .rodata.AHBPrescTable
                0x08007b98       0x10 ./Core/Src/system_stm32f3xx.o
                0x08007b98                AHBPrescTable
 .rodata.APBPrescTable
                0x08007ba8        0x8 ./Core/Src/system_stm32f3xx.o
                0x08007ba8                APBPrescTable
 .rodata.aPLLMULFactorTable
                0x08007bb0       0x10 ./Drivers/STM32F3xx_HAL_Driver/Src/stm32f3xx_hal_rcc.o
 .rodata.aPredivFactorTable
                0x08007bc0       0x10 ./Drivers/STM32F3xx_HAL_Driver/Src/stm32f3xx_hal_rcc.o
 .rodata._svfprintf_r.str1.1
                0x08007bd0       0x33 C:/ST/STM32CubeIDE_1.19.0_new/STM32CubeIDE/plugins/com.st.stm32cube.ide.mcu.externaltools.gnu-tools-for-stm32.13.3.rel1.win32_1.0.0.202411081344/tools/bin/../lib/gcc/arm-none-eabi/13.3.1/../../../../arm-none-eabi/lib/thumb/v7e-m+fp/hard\libc_nano.a(libc_a-nano-svfprintf.o)
                                 0x11 (size before relaxing)
 .rodata._printf_i.str1.1
                0x08007c03       0x22 C:/ST/STM32CubeIDE_1.19.0_new/STM32CubeIDE/plugins/com.st.stm32cube.ide.mcu.externaltools.gnu-tools-for-stm32.13.3.rel1.win32_1.0.0.202411081344/tools/bin/../lib/gcc/arm-none-eabi/13.3.1/../../../../arm-none-eabi/lib/thumb/v7e-m+fp/hard\libc_nano.a(libc_a-nano-vfprintf_i.o)
                0x08007c28                        . = ALIGN (0x4)
 *fill*         0x08007c03        0x1 

.ARM.extab      0x08007c04        0x0
                0x08007c04                        . = ALIGN (0x4)
 *(.ARM.extab* .gnu.linkonce.armextab.*)
                0x08007c04                        . = ALIGN (0x4)

.ARM            0x08007c04        0x8
                0x08007c04                        . = ALIGN (0x4)
                0x08007c04                        __exidx_start = .
 *(.ARM.exidx*)
 .ARM.exidx     0x08007c04        0x8 C:/ST/STM32CubeIDE_1.19.0_new/STM32CubeIDE/plugins/com.st.stm32cube.ide.mcu.externaltools.gnu-tools-for-stm32.13.3.rel1.win32_1.0.0.202411081344/tools/bin/../lib/gcc/arm-none-eabi/13.3.1/../../../../arm-none-eabi/lib/thumb/v7e-m+fp/hard\libc_nano.a(libc_a-strcmp.o)
 .ARM.exidx     0x08007c0c        0x0 C:/ST/STM32CubeIDE_1.19.0_new/STM32CubeIDE/plugins/com.st.stm32cube.ide.mcu.externaltools.gnu-tools-for-stm32.13.3.rel1.win32_1.0.0.202411081344/tools/bin/../lib/gcc/arm-none-eabi/13.3.1/../../../../arm-none-eabi/lib/thumb/v7e-m+fp/hard\libc_nano.a(libc_a-strlen.o)
                                  0x8 (size before relaxing)
 .ARM.exidx     0x08007c0c        0x0 C:/ST/STM32CubeIDE_1.19.0_new/STM32CubeIDE/plugins/com.st.stm32cube.ide.mcu.externaltools.gnu-tools-for-stm32.13.3.rel1.win32_1.0.0.202411081344/tools/bin/../lib/gcc/arm-none-eabi/13.3.1/../../../../arm-none-eabi/lib/thumb/v7e-m+fp/hard\libc_nano.a(libc_a-memchr.o)
                                  0x8 (size before relaxing)
                0x08007c0c                        __exidx_end = .
                0x08007c0c                        . = ALIGN (0x4)

.preinit_array  0x08007c0c        0x0
                0x08007c0c                        . = ALIGN (0x4)
                0x08007c0c                        PROVIDE (__preinit_array_start = .)
 *(.preinit_array*)
                0x08007c0c                        PROVIDE (__preinit_array_end = .)
                0x08007c0c                        . = ALIGN (0x4)

.init_array     0x08007c0c        0x4
                0x08007c0c                        . = ALIGN (0x4)
                0x08007c0c                        PROVIDE (__init_array_start = .)
 *(SORT_BY_NAME(.init_array.*))
 *(.init_array*)
 .init_array    0x08007c0c        0x4 C:/ST/STM32CubeIDE_1.19.0_new/STM32CubeIDE/plugins/com.st.stm32cube.ide.mcu.externaltools.gnu-tools-for-stm32.13.3.rel1.win32_1.0.0.202411081344/tools/bin/../lib/gcc/arm-none-eabi/13.3.1/thumb/v7e-m+fp/hard/crtbegin.o
                0x08007c10                        PROVIDE (__init_array_end = .)
                0x08007c10                        . = ALIGN (0x4)

.fini_array     0x08007c10        0x4
                0x08007c10                        . = ALIGN (0x4)
                [!provide]                        PROVIDE (__fini_array_start = .)
 *(SORT_BY_NAME(.fini_array.*))
 *(.fini_array*)
 .fini_array    0x08007c10        0x4 C:/ST/STM32CubeIDE_1.19.0_new/STM32CubeIDE/plugins/com.st.stm32cube.ide.mcu.externaltools.gnu-tools-for-stm32.13.3.rel1.win32_1.0.0.202411081344/tools/bin/../lib/gcc/arm-none-eabi/13.3.1/thumb/v7e-m+fp/hard/crtbegin.o
                [!provide]                        PROVIDE (__fini_array_end = .)
                0x08007c14                        . = ALIGN (0x4)
                0x08007c14                        _sidata = LOADADDR (.data)

.rel.dyn        0x08007c14        0x0
 .rel.iplt      0x08007c14        0x0 C:/ST/STM32CubeIDE_1.19.0_new/STM32CubeIDE/plugins/com.st.stm32cube.ide.mcu.externaltools.gnu-tools-for-stm32.13.3.rel1.win32_1.0.0.202411081344/tools/bin/../lib/gcc/arm-none-eabi/13.3.1/thumb/v7e-m+fp/hard/crtbegin.o

.data           0x20000000      0x6c8 load address 0x08007c14
                0x20000000                        . = ALIGN (0x4)
                0x20000000                        _sdata = .
 *(.data)
 *(.data*)
 .data.SystemCoreClock
                0x20000000        0x4 ./Core/Src/system_stm32f3xx.o
                0x20000000                SystemCoreClock
 .data.numRegisteredTags
                0x20000004        0x4 ./Core/Src/tag.o
                0x20000004                numRegisteredTags
 .data.registeredTags
                0x20000008      0x668 ./Core/Src/tag.o
                0x20000008                registeredTags
 .data.uwTickPrio
                0x20000670        0x4 ./Drivers/STM32F3xx_HAL_Driver/Src/stm32f3xx_hal.o
                0x20000670                uwTickPrio
 .data.uwTickFreq
                0x20000674        0x1 ./Drivers/STM32F3xx_HAL_Driver/Src/stm32f3xx_hal.o
                0x20000674                uwTickFreq
 *fill*         0x20000675        0x3 
 .data._impure_ptr
                0x20000678        0x4 C:/ST/STM32CubeIDE_1.19.0_new/STM32CubeIDE/plugins/com.st.stm32cube.ide.mcu.externaltools.gnu-tools-for-stm32.13.3.rel1.win32_1.0.0.202411081344/tools/bin/../lib/gcc/arm-none-eabi/13.3.1/../../../../arm-none-eabi/lib/thumb/v7e-m+fp/hard\libc_nano.a(libc_a-impure.o)
                0x20000678                _impure_ptr
 .data._impure_data
                0x2000067c       0x4c C:/ST/STM32CubeIDE_1.19.0_new/STM32CubeIDE/plugins/com.st.stm32cube.ide.mcu.externaltools.gnu-tools-for-stm32.13.3.rel1.win32_1.0.0.202411081344/tools/bin/../lib/gcc/arm-none-eabi/13.3.1/../../../../arm-none-eabi/lib/thumb/v7e-m+fp/hard\libc_nano.a(libc_a-impure.o)
                0x2000067c                _impure_data
 *(.RamFunc)
 *(.RamFunc*)
                0x200006c8                        . = ALIGN (0x4)
                0x200006c8                        _edata = .
                0x080082dc                        _siccmram = LOADADDR (.ccmram)

.igot.plt       0x200006c8        0x0 load address 0x080082dc
 .igot.plt      0x200006c8        0x0 C:/ST/STM32CubeIDE_1.19.0_new/STM32CubeIDE/plugins/com.st.stm32cube.ide.mcu.externaltools.gnu-tools-for-stm32.13.3.rel1.win32_1.0.0.202411081344/tools/bin/../lib/gcc/arm-none-eabi/13.3.1/thumb/v7e-m+fp/hard/crtbegin.o

.ccmram         0x10000000        0x0 load address 0x080082dc
                0x10000000                        . = ALIGN (0x4)
                0x10000000                        _sccmram = .
 *(.ccmram)
 *(.ccmram*)
                0x10000000                        . = ALIGN (0x4)
                0x10000000                        _eccmram = .
                0x10000000                        . = ALIGN (0x4)

.bss            0x200006c8      0x628
                0x200006c8                        _sbss = .
                0x200006c8                        __bss_start__ = _sbss
 *(.bss)
 .bss           0x200006c8       0x1c C:/ST/STM32CubeIDE_1.19.0_new/STM32CubeIDE/plugins/com.st.stm32cube.ide.mcu.externaltools.gnu-tools-for-stm32.13.3.rel1.win32_1.0.0.202411081344/tools/bin/../lib/gcc/arm-none-eabi/13.3.1/thumb/v7e-m+fp/hard/crtbegin.o
 *(.bss*)
 .bss.hi2c1     0x200006e4       0x54 ./Core/Src/main.o
                0x200006e4                hi2c1
 .bss.hspi1     0x20000738       0x64 ./Core/Src/main.o
                0x20000738                hspi1
 .bss.htim1     0x2000079c       0x4c ./Core/Src/main.o
                0x2000079c                htim1
 .bss.htim2     0x200007e8       0x4c ./Core/Src/main.o
                0x200007e8                htim2
 .bss.huart1    0x20000834       0x88 ./Core/Src/main.o
                0x20000834                huart1
 .bss.hpcd_USB_FS
                0x200008bc      0x2d4 ./Core/Src/main.o
                0x200008bc                hpcd_USB_FS
 .bss.bitCount  0x20000b90        0x1 ./Core/Src/main.o
                0x20000b90                bitCount
 .bss.isStartCaptured
                0x20000b91        0x1 ./Core/Src/main.o
                0x20000b91                isStartCaptured
 *fill*         0x20000b92        0x2 
 .bss.receivedData
                0x20000b94        0x4 ./Core/Src/main.o
                0x20000b94                receivedData
 .bss.IC_Value  0x20000b98        0x4 ./Core/Src/main.o
 .bss.currentAngle
                0x20000b9c        0x4 ./Core/Src/main.o
                0x20000b9c                currentAngle
 .bss.__sbrk_heap_end
                0x20000ba0        0x4 ./Core/Src/sysmem.o
 .bss.uwTick    0x20000ba4        0x4 ./Drivers/STM32F3xx_HAL_Driver/Src/stm32f3xx_hal.o
                0x20000ba4                uwTick
 .bss.__malloc_sbrk_start
                0x20000ba8        0x4 C:/ST/STM32CubeIDE_1.19.0_new/STM32CubeIDE/plugins/com.st.stm32cube.ide.mcu.externaltools.gnu-tools-for-stm32.13.3.rel1.win32_1.0.0.202411081344/tools/bin/../lib/gcc/arm-none-eabi/13.3.1/../../../../arm-none-eabi/lib/thumb/v7e-m+fp/hard\libc_nano.a(libc_a-mallocr.o)
                0x20000ba8                __malloc_sbrk_start
 .bss.__malloc_free_list
                0x20000bac        0x4 C:/ST/STM32CubeIDE_1.19.0_new/STM32CubeIDE/plugins/com.st.stm32cube.ide.mcu.externaltools.gnu-tools-for-stm32.13.3.rel1.win32_1.0.0.202411081344/tools/bin/../lib/gcc/arm-none-eabi/13.3.1/../../../../arm-none-eabi/lib/thumb/v7e-m+fp/hard\libc_nano.a(libc_a-mallocr.o)
                0x20000bac                __malloc_free_list
 .bss.__sf      0x20000bb0      0x138 C:/ST/STM32CubeIDE_1.19.0_new/STM32CubeIDE/plugins/com.st.stm32cube.ide.mcu.externaltools.gnu-tools-for-stm32.13.3.rel1.win32_1.0.0.202411081344/tools/bin/../lib/gcc/arm-none-eabi/13.3.1/../../../../arm-none-eabi/lib/thumb/v7e-m+fp/hard\libc_nano.a(libc_a-findfp.o)
                0x20000bb0                __sf
 .bss.errno     0x20000ce8        0x4 C:/ST/STM32CubeIDE_1.19.0_new/STM32CubeIDE/plugins/com.st.stm32cube.ide.mcu.externaltools.gnu-tools-for-stm32.13.3.rel1.win32_1.0.0.202411081344/tools/bin/../lib/gcc/arm-none-eabi/13.3.1/../../../../arm-none-eabi/lib/thumb/v7e-m+fp/hard\libc_nano.a(libc_a-reent.o)
                0x20000ce8                errno
 .bss.__lock___malloc_recursive_mutex
                0x20000cec        0x1 C:/ST/STM32CubeIDE_1.19.0_new/STM32CubeIDE/plugins/com.st.stm32cube.ide.mcu.externaltools.gnu-tools-for-stm32.13.3.rel1.win32_1.0.0.202411081344/tools/bin/../lib/gcc/arm-none-eabi/13.3.1/../../../../arm-none-eabi/lib/thumb/v7e-m+fp/hard\libc_nano.a(libc_a-lock.o)
                0x20000cec                __lock___malloc_recursive_mutex
 *(COMMON)
                0x20000cf0                        . = ALIGN (0x4)
 *fill*         0x20000ced        0x3 
                0x20000cf0                        _ebss = .
                0x20000cf0                        __bss_end__ = _ebss

._user_heap_stack
                0x20000cf0      0x600
                0x20000cf0                        . = ALIGN (0x8)
                [!provide]                        PROVIDE (end = .)
                0x20000cf0                        PROVIDE (_end = .)
                0x20000ef0                        . = (. + _Min_Heap_Size)
 *fill*         0x20000cf0      0x200 
                0x200012f0                        . = (. + _Min_Stack_Size)
 *fill*         0x20000ef0      0x400 
                0x200012f0                        . = ALIGN (0x8)

/DISCARD/
 libc.a(*)
 libm.a(*)
 libgcc.a(*)

.ARM.attributes
                0x00000000       0x30
 *(.ARM.attributes)
 .ARM.attributes
                0x00000000       0x22 C:/ST/STM32CubeIDE_1.19.0_new/STM32CubeIDE/plugins/com.st.stm32cube.ide.mcu.externaltools.gnu-tools-for-stm32.13.3.rel1.win32_1.0.0.202411081344/tools/bin/../lib/gcc/arm-none-eabi/13.3.1/thumb/v7e-m+fp/hard/crti.o
 .ARM.attributes
                0x00000022       0x34 C:/ST/STM32CubeIDE_1.19.0_new/STM32CubeIDE/plugins/com.st.stm32cube.ide.mcu.externaltools.gnu-tools-for-stm32.13.3.rel1.win32_1.0.0.202411081344/tools/bin/../lib/gcc/arm-none-eabi/13.3.1/thumb/v7e-m+fp/hard/crtbegin.o
 .ARM.attributes
                0x00000056       0x34 ./Core/Src/lcd_i2c.o
 .ARM.attributes
                0x0000008a       0x34 ./Core/Src/main.o
 .ARM.attributes
                0x000000be       0x34 ./Core/Src/rc522.o
 .ARM.attributes
                0x000000f2       0x34 ./Core/Src/stm32f3xx_hal_msp.o
 .ARM.attributes
                0x00000126       0x34 ./Core/Src/stm32f3xx_it.o
 .ARM.attributes
                0x0000015a       0x34 ./Core/Src/sysmem.o
 .ARM.attributes
                0x0000018e       0x34 ./Core/Src/system_stm32f3xx.o
 .ARM.attributes
                0x000001c2       0x34 ./Core/Src/tag.o
 .ARM.attributes
                0x000001f6       0x21 ./Core/Startup/startup_stm32f303vctx.o
 .ARM.attributes
                0x00000217       0x34 ./Drivers/STM32F3xx_HAL_Driver/Src/stm32f3xx_hal.o
 .ARM.attributes
                0x0000024b       0x34 ./Drivers/STM32F3xx_HAL_Driver/Src/stm32f3xx_hal_cortex.o
 .ARM.attributes
                0x0000027f       0x34 ./Drivers/STM32F3xx_HAL_Driver/Src/stm32f3xx_hal_gpio.o
 .ARM.attributes
                0x000002b3       0x34 ./Drivers/STM32F3xx_HAL_Driver/Src/stm32f3xx_hal_i2c.o
 .ARM.attributes
                0x000002e7       0x34 ./Drivers/STM32F3xx_HAL_Driver/Src/stm32f3xx_hal_i2c_ex.o
 .ARM.attributes
                0x0000031b       0x34 ./Drivers/STM32F3xx_HAL_Driver/Src/stm32f3xx_hal_pcd.o
 .ARM.attributes
                0x0000034f       0x34 ./Drivers/STM32F3xx_HAL_Driver/Src/stm32f3xx_hal_rcc.o
 .ARM.attributes
                0x00000383       0x34 ./Drivers/STM32F3xx_HAL_Driver/Src/stm32f3xx_hal_rcc_ex.o
 .ARM.attributes
                0x000003b7       0x34 ./Drivers/STM32F3xx_HAL_Driver/Src/stm32f3xx_hal_spi.o
 .ARM.attributes
                0x000003eb       0x34 ./Drivers/STM32F3xx_HAL_Driver/Src/stm32f3xx_hal_tim.o
 .ARM.attributes
                0x0000041f       0x34 ./Drivers/STM32F3xx_HAL_Driver/Src/stm32f3xx_hal_tim_ex.o
 .ARM.attributes
                0x00000453       0x34 ./Drivers/STM32F3xx_HAL_Driver/Src/stm32f3xx_hal_uart.o
 .ARM.attributes
                0x00000487       0x34 ./Drivers/STM32F3xx_HAL_Driver/Src/stm32f3xx_ll_usb.o
 .ARM.attributes
                0x000004bb       0x34 C:/ST/STM32CubeIDE_1.19.0_new/STM32CubeIDE/plugins/com.st.stm32cube.ide.mcu.externaltools.gnu-tools-for-stm32.13.3.rel1.win32_1.0.0.202411081344/tools/bin/../lib/gcc/arm-none-eabi/13.3.1/../../../../arm-none-eabi/lib/thumb/v7e-m+fp/hard\libc_nano.a(libc_a-mallocr.o)
 .ARM.attributes
                0x000004ef       0x34 C:/ST/STM32CubeIDE_1.19.0_new/STM32CubeIDE/plugins/com.st.stm32cube.ide.mcu.externaltools.gnu-tools-for-stm32.13.3.rel1.win32_1.0.0.202411081344/tools/bin/../lib/gcc/arm-none-eabi/13.3.1/../../../../arm-none-eabi/lib/thumb/v7e-m+fp/hard\libc_nano.a(libc_a-mlock.o)
 .ARM.attributes
                0x00000523       0x34 C:/ST/STM32CubeIDE_1.19.0_new/STM32CubeIDE/plugins/com.st.stm32cube.ide.mcu.externaltools.gnu-tools-for-stm32.13.3.rel1.win32_1.0.0.202411081344/tools/bin/../lib/gcc/arm-none-eabi/13.3.1/../../../../arm-none-eabi/lib/thumb/v7e-m+fp/hard\libc_nano.a(libc_a-findfp.o)
 .ARM.attributes
                0x00000557       0x34 C:/ST/STM32CubeIDE_1.19.0_new/STM32CubeIDE/plugins/com.st.stm32cube.ide.mcu.externaltools.gnu-tools-for-stm32.13.3.rel1.win32_1.0.0.202411081344/tools/bin/../lib/gcc/arm-none-eabi/13.3.1/../../../../arm-none-eabi/lib/thumb/v7e-m+fp/hard\libc_nano.a(libc_a-snprintf.o)
 .ARM.attributes
                0x0000058b       0x34 C:/ST/STM32CubeIDE_1.19.0_new/STM32CubeIDE/plugins/com.st.stm32cube.ide.mcu.externaltools.gnu-tools-for-stm32.13.3.rel1.win32_1.0.0.202411081344/tools/bin/../lib/gcc/arm-none-eabi/13.3.1/../../../../arm-none-eabi/lib/thumb/v7e-m+fp/hard\libc_nano.a(libc_a-memcmp.o)
 .ARM.attributes
                0x000005bf       0x34 C:/ST/STM32CubeIDE_1.19.0_new/STM32CubeIDE/plugins/com.st.stm32cube.ide.mcu.externaltools.gnu-tools-for-stm32.13.3.rel1.win32_1.0.0.202411081344/tools/bin/../lib/gcc/arm-none-eabi/13.3.1/../../../../arm-none-eabi/lib/thumb/v7e-m+fp/hard\libc_nano.a(libc_a-memset.o)
 .ARM.attributes
                0x000005f3       0x34 C:/ST/STM32CubeIDE_1.19.0_new/STM32CubeIDE/plugins/com.st.stm32cube.ide.mcu.externaltools.gnu-tools-for-stm32.13.3.rel1.win32_1.0.0.202411081344/tools/bin/../lib/gcc/arm-none-eabi/13.3.1/../../../../arm-none-eabi/lib/thumb/v7e-m+fp/hard\libc_nano.a(libc_a-strncpy.o)
 .ARM.attributes
                0x00000627       0x34 C:/ST/STM32CubeIDE_1.19.0_new/STM32CubeIDE/plugins/com.st.stm32cube.ide.mcu.externaltools.gnu-tools-for-stm32.13.3.rel1.win32_1.0.0.202411081344/tools/bin/../lib/gcc/arm-none-eabi/13.3.1/../../../../arm-none-eabi/lib/thumb/v7e-m+fp/hard\libc_nano.a(libc_a-reent.o)
 .ARM.attributes
                0x0000065b       0x34 C:/ST/STM32CubeIDE_1.19.0_new/STM32CubeIDE/plugins/com.st.stm32cube.ide.mcu.externaltools.gnu-tools-for-stm32.13.3.rel1.win32_1.0.0.202411081344/tools/bin/../lib/gcc/arm-none-eabi/13.3.1/../../../../arm-none-eabi/lib/thumb/v7e-m+fp/hard\libc_nano.a(libc_a-impure.o)
 .ARM.attributes
                0x0000068f       0x34 C:/ST/STM32CubeIDE_1.19.0_new/STM32CubeIDE/plugins/com.st.stm32cube.ide.mcu.externaltools.gnu-tools-for-stm32.13.3.rel1.win32_1.0.0.202411081344/tools/bin/../lib/gcc/arm-none-eabi/13.3.1/../../../../arm-none-eabi/lib/thumb/v7e-m+fp/hard\libc_nano.a(libc_a-sbrkr.o)
 .ARM.attributes
                0x000006c3       0x34 C:/ST/STM32CubeIDE_1.19.0_new/STM32CubeIDE/plugins/com.st.stm32cube.ide.mcu.externaltools.gnu-tools-for-stm32.13.3.rel1.win32_1.0.0.202411081344/tools/bin/../lib/gcc/arm-none-eabi/13.3.1/../../../../arm-none-eabi/lib/thumb/v7e-m+fp/hard\libc_nano.a(libc_a-errno.o)
 .ARM.attributes
                0x000006f7       0x34 C:/ST/STM32CubeIDE_1.19.0_new/STM32CubeIDE/plugins/com.st.stm32cube.ide.mcu.externaltools.gnu-tools-for-stm32.13.3.rel1.win32_1.0.0.202411081344/tools/bin/../lib/gcc/arm-none-eabi/13.3.1/../../../../arm-none-eabi/lib/thumb/v7e-m+fp/hard\libc_nano.a(libc_a-init.o)
 .ARM.attributes
                0x0000072b       0x34 C:/ST/STM32CubeIDE_1.19.0_new/STM32CubeIDE/plugins/com.st.stm32cube.ide.mcu.externaltools.gnu-tools-for-stm32.13.3.rel1.win32_1.0.0.202411081344/tools/bin/../lib/gcc/arm-none-eabi/13.3.1/../../../../arm-none-eabi/lib/thumb/v7e-m+fp/hard\libc_nano.a(libc_a-lock.o)
 .ARM.attributes
                0x0000075f       0x20 C:/ST/STM32CubeIDE_1.19.0_new/STM32CubeIDE/plugins/com.st.stm32cube.ide.mcu.externaltools.gnu-tools-for-stm32.13.3.rel1.win32_1.0.0.202411081344/tools/bin/../lib/gcc/arm-none-eabi/13.3.1/../../../../arm-none-eabi/lib/thumb/v7e-m+fp/hard\libc_nano.a(libc_a-strcmp.o)
 .ARM.attributes
                0x0000077f       0x34 C:/ST/STM32CubeIDE_1.19.0_new/STM32CubeIDE/plugins/com.st.stm32cube.ide.mcu.externaltools.gnu-tools-for-stm32.13.3.rel1.win32_1.0.0.202411081344/tools/bin/../lib/gcc/arm-none-eabi/13.3.1/../../../../arm-none-eabi/lib/thumb/v7e-m+fp/hard\libc_nano.a(libc_a-memcpy-stub.o)
 .ARM.attributes
                0x000007b3       0x17 C:/ST/STM32CubeIDE_1.19.0_new/STM32CubeIDE/plugins/com.st.stm32cube.ide.mcu.externaltools.gnu-tools-for-stm32.13.3.rel1.win32_1.0.0.202411081344/tools/bin/../lib/gcc/arm-none-eabi/13.3.1/../../../../arm-none-eabi/lib/thumb/v7e-m+fp/hard\libc_nano.a(libc_a-strlen.o)
 .ARM.attributes
                0x000007ca       0x34 C:/ST/STM32CubeIDE_1.19.0_new/STM32CubeIDE/plugins/com.st.stm32cube.ide.mcu.externaltools.gnu-tools-for-stm32.13.3.rel1.win32_1.0.0.202411081344/tools/bin/../lib/gcc/arm-none-eabi/13.3.1/../../../../arm-none-eabi/lib/thumb/v7e-m+fp/hard\libc_nano.a(libc_a-freer.o)
 .ARM.attributes
                0x000007fe       0x34 C:/ST/STM32CubeIDE_1.19.0_new/STM32CubeIDE/plugins/com.st.stm32cube.ide.mcu.externaltools.gnu-tools-for-stm32.13.3.rel1.win32_1.0.0.202411081344/tools/bin/../lib/gcc/arm-none-eabi/13.3.1/../../../../arm-none-eabi/lib/thumb/v7e-m+fp/hard\libc_nano.a(libc_a-nano-svfprintf.o)
 .ARM.attributes
                0x00000832       0x34 C:/ST/STM32CubeIDE_1.19.0_new/STM32CubeIDE/plugins/com.st.stm32cube.ide.mcu.externaltools.gnu-tools-for-stm32.13.3.rel1.win32_1.0.0.202411081344/tools/bin/../lib/gcc/arm-none-eabi/13.3.1/../../../../arm-none-eabi/lib/thumb/v7e-m+fp/hard\libc_nano.a(libc_a-nano-vfprintf_i.o)
 .ARM.attributes
                0x00000866       0x34 C:/ST/STM32CubeIDE_1.19.0_new/STM32CubeIDE/plugins/com.st.stm32cube.ide.mcu.externaltools.gnu-tools-for-stm32.13.3.rel1.win32_1.0.0.202411081344/tools/bin/../lib/gcc/arm-none-eabi/13.3.1/../../../../arm-none-eabi/lib/thumb/v7e-m+fp/hard\libc_nano.a(libc_a-memmove.o)
 .ARM.attributes
                0x0000089a       0x1c C:/ST/STM32CubeIDE_1.19.0_new/STM32CubeIDE/plugins/com.st.stm32cube.ide.mcu.externaltools.gnu-tools-for-stm32.13.3.rel1.win32_1.0.0.202411081344/tools/bin/../lib/gcc/arm-none-eabi/13.3.1/../../../../arm-none-eabi/lib/thumb/v7e-m+fp/hard\libc_nano.a(libc_a-memchr.o)
 .ARM.attributes
                0x000008b6       0x34 C:/ST/STM32CubeIDE_1.19.0_new/STM32CubeIDE/plugins/com.st.stm32cube.ide.mcu.externaltools.gnu-tools-for-stm32.13.3.rel1.win32_1.0.0.202411081344/tools/bin/../lib/gcc/arm-none-eabi/13.3.1/../../../../arm-none-eabi/lib/thumb/v7e-m+fp/hard\libc_nano.a(libc_a-reallocr.o)
 .ARM.attributes
                0x000008ea       0x34 C:/ST/STM32CubeIDE_1.19.0_new/STM32CubeIDE/plugins/com.st.stm32cube.ide.mcu.externaltools.gnu-tools-for-stm32.13.3.rel1.win32_1.0.0.202411081344/tools/bin/../lib/gcc/arm-none-eabi/13.3.1/../../../../arm-none-eabi/lib/thumb/v7e-m+fp/hard\libc_nano.a(libc_a-msizer.o)
 .ARM.attributes
                0x0000091e       0x22 C:/ST/STM32CubeIDE_1.19.0_new/STM32CubeIDE/plugins/com.st.stm32cube.ide.mcu.externaltools.gnu-tools-for-stm32.13.3.rel1.win32_1.0.0.202411081344/tools/bin/../lib/gcc/arm-none-eabi/13.3.1/thumb/v7e-m+fp/hard/crtn.o
OUTPUT(new_turnstiles.elf elf32-littlearm)
LOAD linker stubs
LOAD C:/ST/STM32CubeIDE_1.19.0_new/STM32CubeIDE/plugins/com.st.stm32cube.ide.mcu.externaltools.gnu-tools-for-stm32.13.3.rel1.win32_1.0.0.202411081344/tools/bin/../lib/gcc/arm-none-eabi/13.3.1/../../../../arm-none-eabi/lib/thumb/v7e-m+fp/hard\libc.a
LOAD C:/ST/STM32CubeIDE_1.19.0_new/STM32CubeIDE/plugins/com.st.stm32cube.ide.mcu.externaltools.gnu-tools-for-stm32.13.3.rel1.win32_1.0.0.202411081344/tools/bin/../lib/gcc/arm-none-eabi/13.3.1/../../../../arm-none-eabi/lib/thumb/v7e-m+fp/hard\libm.a
LOAD C:/ST/STM32CubeIDE_1.19.0_new/STM32CubeIDE/plugins/com.st.stm32cube.ide.mcu.externaltools.gnu-tools-for-stm32.13.3.rel1.win32_1.0.0.202411081344/tools/bin/../lib/gcc/arm-none-eabi/13.3.1/thumb/v7e-m+fp/hard\libgcc.a

.debug_info     0x00000000    0x17f97
 .debug_info    0x00000000      0x785 ./Core/Src/lcd_i2c.o
 .debug_info    0x00000785     0x23f6 ./Core/Src/main.o
 .debug_info    0x00002b7b      0xc5d ./Core/Src/rc522.o
 .debug_info    0x000037d8     0x1b40 ./Core/Src/stm32f3xx_hal_msp.o
 .debug_info    0x00005318      0x6df ./Core/Src/stm32f3xx_it.o
 .debug_info    0x000059f7      0x168 ./Core/Src/sysmem.o
 .debug_info    0x00005b5f      0x407 ./Core/Src/system_stm32f3xx.o
 .debug_info    0x00005f66      0x5dc ./Core/Src/tag.o
 .debug_info    0x00006542       0x30 ./Core/Startup/startup_stm32f303vctx.o
 .debug_info    0x00006572      0x7d4 ./Drivers/STM32F3xx_HAL_Driver/Src/stm32f3xx_hal.o
 .debug_info    0x00006d46      0xce4 ./Drivers/STM32F3xx_HAL_Driver/Src/stm32f3xx_hal_cortex.o
 .debug_info    0x00007a2a      0x5fe ./Drivers/STM32F3xx_HAL_Driver/Src/stm32f3xx_hal_gpio.o
 .debug_info    0x00008028     0x20c3 ./Drivers/STM32F3xx_HAL_Driver/Src/stm32f3xx_hal_i2c.o
 .debug_info    0x0000a0eb      0x818 ./Drivers/STM32F3xx_HAL_Driver/Src/stm32f3xx_hal_i2c_ex.o
 .debug_info    0x0000a903     0x166f ./Drivers/STM32F3xx_HAL_Driver/Src/stm32f3xx_hal_pcd.o
 .debug_info    0x0000bf72     0x148a ./Drivers/STM32F3xx_HAL_Driver/Src/stm32f3xx_hal_rcc.o
 .debug_info    0x0000d3fc      0x5b9 ./Drivers/STM32F3xx_HAL_Driver/Src/stm32f3xx_hal_rcc_ex.o
 .debug_info    0x0000d9b5     0x1622 ./Drivers/STM32F3xx_HAL_Driver/Src/stm32f3xx_hal_spi.o
 .debug_info    0x0000efd7     0x2a70 ./Drivers/STM32F3xx_HAL_Driver/Src/stm32f3xx_hal_tim.o
 .debug_info    0x00011a47     0x156d ./Drivers/STM32F3xx_HAL_Driver/Src/stm32f3xx_hal_tim_ex.o
 .debug_info    0x00012fb4     0x39a8 ./Drivers/STM32F3xx_HAL_Driver/Src/stm32f3xx_hal_uart.o
 .debug_info    0x0001695c     0x163b ./Drivers/STM32F3xx_HAL_Driver/Src/stm32f3xx_ll_usb.o

.debug_abbrev   0x00000000     0x2f51
 .debug_abbrev  0x00000000      0x1d6 ./Core/Src/lcd_i2c.o
 .debug_abbrev  0x000001d6      0x3ba ./Core/Src/main.o
 .debug_abbrev  0x00000590      0x29a ./Core/Src/rc522.o
 .debug_abbrev  0x0000082a      0x267 ./Core/Src/stm32f3xx_hal_msp.o
 .debug_abbrev  0x00000a91      0x192 ./Core/Src/stm32f3xx_it.o
 .debug_abbrev  0x00000c23       0xbc ./Core/Src/sysmem.o
 .debug_abbrev  0x00000cdf      0x11a ./Core/Src/system_stm32f3xx.o
 .debug_abbrev  0x00000df9      0x19f ./Core/Src/tag.o
 .debug_abbrev  0x00000f98       0x24 ./Core/Startup/startup_stm32f303vctx.o
 .debug_abbrev  0x00000fbc      0x215 ./Drivers/STM32F3xx_HAL_Driver/Src/stm32f3xx_hal.o
 .debug_abbrev  0x000011d1      0x31e ./Drivers/STM32F3xx_HAL_Driver/Src/stm32f3xx_hal_cortex.o
 .debug_abbrev  0x000014ef      0x1ca ./Drivers/STM32F3xx_HAL_Driver/Src/stm32f3xx_hal_gpio.o
 .debug_abbrev  0x000016b9      0x260 ./Drivers/STM32F3xx_HAL_Driver/Src/stm32f3xx_hal_i2c.o
 .debug_abbrev  0x00001919      0x1c2 ./Drivers/STM32F3xx_HAL_Driver/Src/stm32f3xx_hal_i2c_ex.o
 .debug_abbrev  0x00001adb      0x2d9 ./Drivers/STM32F3xx_HAL_Driver/Src/stm32f3xx_hal_pcd.o
 .debug_abbrev  0x00001db4      0x300 ./Drivers/STM32F3xx_HAL_Driver/Src/stm32f3xx_hal_rcc.o
 .debug_abbrev  0x000020b4      0x221 ./Drivers/STM32F3xx_HAL_Driver/Src/stm32f3xx_hal_rcc_ex.o
 .debug_abbrev  0x000022d5      0x269 ./Drivers/STM32F3xx_HAL_Driver/Src/stm32f3xx_hal_spi.o
 .debug_abbrev  0x0000253e      0x278 ./Drivers/STM32F3xx_HAL_Driver/Src/stm32f3xx_hal_tim.o
 .debug_abbrev  0x000027b6      0x283 ./Drivers/STM32F3xx_HAL_Driver/Src/stm32f3xx_hal_tim_ex.o
 .debug_abbrev  0x00002a39      0x2d1 ./Drivers/STM32F3xx_HAL_Driver/Src/stm32f3xx_hal_uart.o
 .debug_abbrev  0x00002d0a      0x247 ./Drivers/STM32F3xx_HAL_Driver/Src/stm32f3xx_ll_usb.o

.debug_aranges  0x00000000     0x14c8
 .debug_aranges
                0x00000000       0x60 ./Core/Src/lcd_i2c.o
 .debug_aranges
                0x00000060       0xa8 ./Core/Src/main.o
 .debug_aranges
                0x00000108       0xb0 ./Core/Src/rc522.o
 .debug_aranges
                0x000001b8       0x80 ./Core/Src/stm32f3xx_hal_msp.o
 .debug_aranges
                0x00000238       0x68 ./Core/Src/stm32f3xx_it.o
 .debug_aranges
                0x000002a0       0x20 ./Core/Src/sysmem.o
 .debug_aranges
                0x000002c0       0x28 ./Core/Src/system_stm32f3xx.o
 .debug_aranges
                0x000002e8       0x50 ./Core/Src/tag.o
 .debug_aranges
                0x00000338       0x28 ./Core/Startup/startup_stm32f303vctx.o
 .debug_aranges
                0x00000360       0xe0 ./Drivers/STM32F3xx_HAL_Driver/Src/stm32f3xx_hal.o
 .debug_aranges
                0x00000440      0x128 ./Drivers/STM32F3xx_HAL_Driver/Src/stm32f3xx_hal_cortex.o
 .debug_aranges
                0x00000568       0x58 ./Drivers/STM32F3xx_HAL_Driver/Src/stm32f3xx_hal_gpio.o
 .debug_aranges
                0x000005c0      0x2a0 ./Drivers/STM32F3xx_HAL_Driver/Src/stm32f3xx_hal_i2c.o
 .debug_aranges
                0x00000860       0x48 ./Drivers/STM32F3xx_HAL_Driver/Src/stm32f3xx_hal_i2c_ex.o
 .debug_aranges
                0x000008a8      0x140 ./Drivers/STM32F3xx_HAL_Driver/Src/stm32f3xx_hal_pcd.o
 .debug_aranges
                0x000009e8       0x88 ./Drivers/STM32F3xx_HAL_Driver/Src/stm32f3xx_hal_rcc.o
 .debug_aranges
                0x00000a70       0x38 ./Drivers/STM32F3xx_HAL_Driver/Src/stm32f3xx_hal_rcc_ex.o
 .debug_aranges
                0x00000aa8      0x1d8 ./Drivers/STM32F3xx_HAL_Driver/Src/stm32f3xx_hal_spi.o
 .debug_aranges
                0x00000c80      0x3e0 ./Drivers/STM32F3xx_HAL_Driver/Src/stm32f3xx_hal_tim.o
 .debug_aranges
                0x00001060      0x178 ./Drivers/STM32F3xx_HAL_Driver/Src/stm32f3xx_hal_tim_ex.o
 .debug_aranges
                0x000011d8      0x228 ./Drivers/STM32F3xx_HAL_Driver/Src/stm32f3xx_hal_uart.o
 .debug_aranges
                0x00001400       0xc8 ./Drivers/STM32F3xx_HAL_Driver/Src/stm32f3xx_ll_usb.o

.debug_rnglists
                0x00000000     0x1053
 .debug_rnglists
                0x00000000       0x44 ./Core/Src/lcd_i2c.o
 .debug_rnglists
                0x00000044       0x83 ./Core/Src/main.o
 .debug_rnglists
                0x000000c7       0x84 ./Core/Src/rc522.o
 .debug_rnglists
                0x0000014b       0x60 ./Core/Src/stm32f3xx_hal_msp.o
 .debug_rnglists
                0x000001ab       0x49 ./Core/Src/stm32f3xx_it.o
 .debug_rnglists
                0x000001f4       0x13 ./Core/Src/sysmem.o
 .debug_rnglists
                0x00000207       0x1a ./Core/Src/system_stm32f3xx.o
 .debug_rnglists
                0x00000221       0x3a ./Core/Src/tag.o
 .debug_rnglists
                0x0000025b       0x19 ./Core/Startup/startup_stm32f303vctx.o
 .debug_rnglists
                0x00000274       0xa3 ./Drivers/STM32F3xx_HAL_Driver/Src/stm32f3xx_hal.o
 .debug_rnglists
                0x00000317       0xda ./Drivers/STM32F3xx_HAL_Driver/Src/stm32f3xx_hal_cortex.o
 .debug_rnglists
                0x000003f1       0x3f ./Drivers/STM32F3xx_HAL_Driver/Src/stm32f3xx_hal_gpio.o
 .debug_rnglists
                0x00000430      0x228 ./Drivers/STM32F3xx_HAL_Driver/Src/stm32f3xx_hal_i2c.o
 .debug_rnglists
                0x00000658       0x35 ./Drivers/STM32F3xx_HAL_Driver/Src/stm32f3xx_hal_i2c_ex.o
 .debug_rnglists
                0x0000068d       0xf4 ./Drivers/STM32F3xx_HAL_Driver/Src/stm32f3xx_hal_pcd.o
 .debug_rnglists
                0x00000781       0x66 ./Drivers/STM32F3xx_HAL_Driver/Src/stm32f3xx_hal_rcc.o
 .debug_rnglists
                0x000007e7       0x28 ./Drivers/STM32F3xx_HAL_Driver/Src/stm32f3xx_hal_rcc_ex.o
 .debug_rnglists
                0x0000080f      0x178 ./Drivers/STM32F3xx_HAL_Driver/Src/stm32f3xx_hal_spi.o
 .debug_rnglists
                0x00000987      0x328 ./Drivers/STM32F3xx_HAL_Driver/Src/stm32f3xx_hal_tim.o
 .debug_rnglists
                0x00000caf      0x131 ./Drivers/STM32F3xx_HAL_Driver/Src/stm32f3xx_hal_tim_ex.o
 .debug_rnglists
                0x00000de0      0x1da ./Drivers/STM32F3xx_HAL_Driver/Src/stm32f3xx_hal_uart.o
 .debug_rnglists
                0x00000fba       0x99 ./Drivers/STM32F3xx_HAL_Driver/Src/stm32f3xx_ll_usb.o

.debug_macro    0x00000000    0x1ff8b
 .debug_macro   0x00000000      0x30f ./Core/Src/lcd_i2c.o
 .debug_macro   0x0000030f      0xad8 ./Core/Src/lcd_i2c.o
 .debug_macro   0x00000de7      0x16a ./Core/Src/lcd_i2c.o
 .debug_macro   0x00000f51       0x2e ./Core/Src/lcd_i2c.o
 .debug_macro   0x00000f7f       0x28 ./Core/Src/lcd_i2c.o
 .debug_macro   0x00000fa7       0x22 ./Core/Src/lcd_i2c.o
 .debug_macro   0x00000fc9       0x8e ./Core/Src/lcd_i2c.o
 .debug_macro   0x00001057       0x51 ./Core/Src/lcd_i2c.o
 .debug_macro   0x000010a8      0x103 ./Core/Src/lcd_i2c.o
 .debug_macro   0x000011ab       0x6a ./Core/Src/lcd_i2c.o
 .debug_macro   0x00001215      0x1df ./Core/Src/lcd_i2c.o
 .debug_macro   0x000013f4       0x1c ./Core/Src/lcd_i2c.o
 .debug_macro   0x00001410       0x22 ./Core/Src/lcd_i2c.o
 .debug_macro   0x00001432       0xd9 ./Core/Src/lcd_i2c.o
 .debug_macro   0x0000150b     0x102d ./Core/Src/lcd_i2c.o
 .debug_macro   0x00002538      0x11f ./Core/Src/lcd_i2c.o
 .debug_macro   0x00002657    0x12a3a ./Core/Src/lcd_i2c.o
 .debug_macro   0x00015091       0x6d ./Core/Src/lcd_i2c.o
 .debug_macro   0x000150fe     0x3574 ./Core/Src/lcd_i2c.o
 .debug_macro   0x00018672      0x190 ./Core/Src/lcd_i2c.o
 .debug_macro   0x00018802       0x55 ./Core/Src/lcd_i2c.o
 .debug_macro   0x00018857      0x961 ./Core/Src/lcd_i2c.o
 .debug_macro   0x000191b8      0x5fe ./Core/Src/lcd_i2c.o
 .debug_macro   0x000197b6      0x1b5 ./Core/Src/lcd_i2c.o
 .debug_macro   0x0001996b      0x1fb ./Core/Src/lcd_i2c.o
 .debug_macro   0x00019b66      0x1dc ./Core/Src/lcd_i2c.o
 .debug_macro   0x00019d42      0x1bc ./Core/Src/lcd_i2c.o
 .debug_macro   0x00019efe       0x30 ./Core/Src/lcd_i2c.o
 .debug_macro   0x00019f2e       0x3c ./Core/Src/lcd_i2c.o
 .debug_macro   0x00019f6a      0x235 ./Core/Src/lcd_i2c.o
 .debug_macro   0x0001a19f       0xc5 ./Core/Src/lcd_i2c.o
 .debug_macro   0x0001a264      0x21d ./Core/Src/lcd_i2c.o
 .debug_macro   0x0001a481      0x22c ./Core/Src/lcd_i2c.o
 .debug_macro   0x0001a6ad       0x5b ./Core/Src/lcd_i2c.o
 .debug_macro   0x0001a708       0xa5 ./Core/Src/lcd_i2c.o
 .debug_macro   0x0001a7ad       0x73 ./Core/Src/lcd_i2c.o
 .debug_macro   0x0001a820      0x242 ./Core/Src/lcd_i2c.o
 .debug_macro   0x0001aa62       0x81 ./Core/Src/lcd_i2c.o
 .debug_macro   0x0001aae3       0xd3 ./Core/Src/lcd_i2c.o
 .debug_macro   0x0001abb6      0x2fe ./Core/Src/lcd_i2c.o
 .debug_macro   0x0001aeb4      0xa60 ./Core/Src/lcd_i2c.o
 .debug_macro   0x0001b914       0x89 ./Core/Src/lcd_i2c.o
 .debug_macro   0x0001b99d      0x5ba ./Core/Src/lcd_i2c.o
 .debug_macro   0x0001bf57       0x3e ./Core/Src/lcd_i2c.o
 .debug_macro   0x0001bf95      0x275 ./Core/Src/lcd_i2c.o
 .debug_macro   0x0001c20a      0x160 ./Core/Src/lcd_i2c.o
 .debug_macro   0x0001c36a       0x61 ./Core/Src/lcd_i2c.o
 .debug_macro   0x0001c3cb       0x2a ./Core/Src/lcd_i2c.o
 .debug_macro   0x0001c3f5       0x43 ./Core/Src/lcd_i2c.o
 .debug_macro   0x0001c438       0x34 ./Core/Src/lcd_i2c.o
 .debug_macro   0x0001c46c      0x370 ./Core/Src/lcd_i2c.o
 .debug_macro   0x0001c7dc       0x16 ./Core/Src/lcd_i2c.o
 .debug_macro   0x0001c7f2       0x4a ./Core/Src/lcd_i2c.o
 .debug_macro   0x0001c83c       0x34 ./Core/Src/lcd_i2c.o
 .debug_macro   0x0001c870       0x10 ./Core/Src/lcd_i2c.o
 .debug_macro   0x0001c880       0x58 ./Core/Src/lcd_i2c.o
 .debug_macro   0x0001c8d8       0x8e ./Core/Src/lcd_i2c.o
 .debug_macro   0x0001c966       0x1c ./Core/Src/lcd_i2c.o
 .debug_macro   0x0001c982      0x185 ./Core/Src/lcd_i2c.o
 .debug_macro   0x0001cb07       0x10 ./Core/Src/lcd_i2c.o
 .debug_macro   0x0001cb17       0x3c ./Core/Src/lcd_i2c.o
 .debug_macro   0x0001cb53       0x20 ./Core/Src/lcd_i2c.o
 .debug_macro   0x0001cb73      0x335 ./Core/Src/main.o
 .debug_macro   0x0001cea8       0x22 ./Core/Src/main.o
 .debug_macro   0x0001ceca      0x250 ./Core/Src/main.o
 .debug_macro   0x0001d11a       0x1c ./Core/Src/main.o
 .debug_macro   0x0001d136       0x16 ./Core/Src/main.o
 .debug_macro   0x0001d14c       0x10 ./Core/Src/main.o
 .debug_macro   0x0001d15c       0x16 ./Core/Src/main.o
 .debug_macro   0x0001d172       0x16 ./Core/Src/main.o
 .debug_macro   0x0001d188      0x146 ./Core/Src/main.o
 .debug_macro   0x0001d2ce      0x222 ./Core/Src/rc522.o
 .debug_macro   0x0001d4f0      0x21f ./Core/Src/stm32f3xx_hal_msp.o
 .debug_macro   0x0001d70f      0x229 ./Core/Src/stm32f3xx_it.o
 .debug_macro   0x0001d938      0x112 ./Core/Src/sysmem.o
 .debug_macro   0x0001da4a      0x23c ./Core/Src/sysmem.o
 .debug_macro   0x0001dc86      0x210 ./Core/Src/system_stm32f3xx.o
 .debug_macro   0x0001de96      0x340 ./Core/Src/tag.o
 .debug_macro   0x0001e1d6       0x1c ./Core/Src/tag.o
 .debug_macro   0x0001e1f2      0x166 ./Core/Src/tag.o
 .debug_macro   0x0001e358       0x16 ./Core/Src/tag.o
 .debug_macro   0x0001e36e      0x234 ./Drivers/STM32F3xx_HAL_Driver/Src/stm32f3xx_hal.o
 .debug_macro   0x0001e5a2      0x210 ./Drivers/STM32F3xx_HAL_Driver/Src/stm32f3xx_hal_cortex.o
 .debug_macro   0x0001e7b2      0x217 ./Drivers/STM32F3xx_HAL_Driver/Src/stm32f3xx_hal_gpio.o
 .debug_macro   0x0001e9c9      0x2dc ./Drivers/STM32F3xx_HAL_Driver/Src/stm32f3xx_hal_i2c.o
 .debug_macro   0x0001eca5      0x210 ./Drivers/STM32F3xx_HAL_Driver/Src/stm32f3xx_hal_i2c_ex.o
 .debug_macro   0x0001eeb5      0x21c ./Drivers/STM32F3xx_HAL_Driver/Src/stm32f3xx_hal_pcd.o
 .debug_macro   0x0001f0d1      0x234 ./Drivers/STM32F3xx_HAL_Driver/Src/stm32f3xx_hal_rcc.o
 .debug_macro   0x0001f305      0x210 ./Drivers/STM32F3xx_HAL_Driver/Src/stm32f3xx_hal_rcc_ex.o
 .debug_macro   0x0001f515      0x218 ./Drivers/STM32F3xx_HAL_Driver/Src/stm32f3xx_hal_spi.o
 .debug_macro   0x0001f72d      0x211 ./Drivers/STM32F3xx_HAL_Driver/Src/stm32f3xx_hal_tim.o
 .debug_macro   0x0001f93e      0x210 ./Drivers/STM32F3xx_HAL_Driver/Src/stm32f3xx_hal_tim_ex.o
 .debug_macro   0x0001fb4e      0x22d ./Drivers/STM32F3xx_HAL_Driver/Src/stm32f3xx_hal_uart.o
 .debug_macro   0x0001fd7b      0x210 ./Drivers/STM32F3xx_HAL_Driver/Src/stm32f3xx_ll_usb.o

.debug_line     0x00000000    0x1ab20
 .debug_line    0x00000000      0xa6f ./Core/Src/lcd_i2c.o
 .debug_line    0x00000a6f     0x100d ./Core/Src/main.o
 .debug_line    0x00001a7c      0xccd ./Core/Src/rc522.o
 .debug_line    0x00002749      0x9b7 ./Core/Src/stm32f3xx_hal_msp.o
 .debug_line    0x00003100      0x8c0 ./Core/Src/stm32f3xx_it.o
 .debug_line    0x000039c0      0x59c ./Core/Src/sysmem.o
 .debug_line    0x00003f5c      0x873 ./Core/Src/system_stm32f3xx.o
 .debug_line    0x000047cf      0xc09 ./Core/Src/tag.o
 .debug_line    0x000053d8       0x7a ./Core/Startup/startup_stm32f303vctx.o
 .debug_line    0x00005452      0xaaf ./Drivers/STM32F3xx_HAL_Driver/Src/stm32f3xx_hal.o
 .debug_line    0x00005f01      0xd7a ./Drivers/STM32F3xx_HAL_Driver/Src/stm32f3xx_hal_cortex.o
 .debug_line    0x00006c7b      0xbfa ./Drivers/STM32F3xx_HAL_Driver/Src/stm32f3xx_hal_gpio.o
 .debug_line    0x00007875     0x3800 ./Drivers/STM32F3xx_HAL_Driver/Src/stm32f3xx_hal_i2c.o
 .debug_line    0x0000b075      0x95f ./Drivers/STM32F3xx_HAL_Driver/Src/stm32f3xx_hal_i2c_ex.o
 .debug_line    0x0000b9d4     0x136f ./Drivers/STM32F3xx_HAL_Driver/Src/stm32f3xx_hal_pcd.o
 .debug_line    0x0000cd43     0x160e ./Drivers/STM32F3xx_HAL_Driver/Src/stm32f3xx_hal_rcc.o
 .debug_line    0x0000e351      0xe4b ./Drivers/STM32F3xx_HAL_Driver/Src/stm32f3xx_hal_rcc_ex.o
 .debug_line    0x0000f19c     0x2182 ./Drivers/STM32F3xx_HAL_Driver/Src/stm32f3xx_hal_spi.o
 .debug_line    0x0001131e     0x3e94 ./Drivers/STM32F3xx_HAL_Driver/Src/stm32f3xx_hal_tim.o
 .debug_line    0x000151b2     0x1adc ./Drivers/STM32F3xx_HAL_Driver/Src/stm32f3xx_hal_tim_ex.o
 .debug_line    0x00016c8e     0x2d02 ./Drivers/STM32F3xx_HAL_Driver/Src/stm32f3xx_hal_uart.o
 .debug_line    0x00019990     0x1190 ./Drivers/STM32F3xx_HAL_Driver/Src/stm32f3xx_ll_usb.o

.debug_str      0x00000000    0xbebe3
 .debug_str     0x00000000    0xbebe3 ./Core/Src/lcd_i2c.o
                              0xb83ef (size before relaxing)
 .debug_str     0x000bebe3    0xba392 ./Core/Src/main.o
 .debug_str     0x000bebe3    0xb5475 ./Core/Src/rc522.o
 .debug_str     0x000bebe3    0xb6123 ./Core/Src/stm32f3xx_hal_msp.o
 .debug_str     0x000bebe3    0xb51e2 ./Core/Src/stm32f3xx_it.o
 .debug_str     0x000bebe3     0x778b ./Core/Src/sysmem.o
 .debug_str     0x000bebe3    0xb4813 ./Core/Src/system_stm32f3xx.o
 .debug_str     0x000bebe3    0xb8851 ./Core/Src/tag.o
 .debug_str     0x000bebe3       0x86 ./Core/Startup/startup_stm32f303vctx.o
 .debug_str     0x000bebe3    0xb5051 ./Drivers/STM32F3xx_HAL_Driver/Src/stm32f3xx_hal.o
 .debug_str     0x000bebe3    0xb50d5 ./Drivers/STM32F3xx_HAL_Driver/Src/stm32f3xx_hal_cortex.o
 .debug_str     0x000bebe3    0xb4980 ./Drivers/STM32F3xx_HAL_Driver/Src/stm32f3xx_hal_gpio.o
 .debug_str     0x000bebe3    0xb5b13 ./Drivers/STM32F3xx_HAL_Driver/Src/stm32f3xx_hal_i2c.o
 .debug_str     0x000bebe3    0xb4d0a ./Drivers/STM32F3xx_HAL_Driver/Src/stm32f3xx_hal_i2c_ex.o
 .debug_str     0x000bebe3    0xb5048 ./Drivers/STM32F3xx_HAL_Driver/Src/stm32f3xx_hal_pcd.o
 .debug_str     0x000bebe3    0xb4cb3 ./Drivers/STM32F3xx_HAL_Driver/Src/stm32f3xx_hal_rcc.o
 .debug_str     0x000bebe3    0xb4a77 ./Drivers/STM32F3xx_HAL_Driver/Src/stm32f3xx_hal_rcc_ex.o
 .debug_str     0x000bebe3    0xb5139 ./Drivers/STM32F3xx_HAL_Driver/Src/stm32f3xx_hal_spi.o
 .debug_str     0x000bebe3    0xb5c4a ./Drivers/STM32F3xx_HAL_Driver/Src/stm32f3xx_hal_tim.o
 .debug_str     0x000bebe3    0xb5490 ./Drivers/STM32F3xx_HAL_Driver/Src/stm32f3xx_hal_tim_ex.o
 .debug_str     0x000bebe3    0xb5536 ./Drivers/STM32F3xx_HAL_Driver/Src/stm32f3xx_hal_uart.o
 .debug_str     0x000bebe3    0xb4b9d ./Drivers/STM32F3xx_HAL_Driver/Src/stm32f3xx_ll_usb.o

.comment        0x00000000       0x43
 .comment       0x00000000       0x43 ./Core/Src/lcd_i2c.o
                                 0x44 (size before relaxing)
 .comment       0x00000043       0x44 ./Core/Src/main.o
 .comment       0x00000043       0x44 ./Core/Src/rc522.o
 .comment       0x00000043       0x44 ./Core/Src/stm32f3xx_hal_msp.o
 .comment       0x00000043       0x44 ./Core/Src/stm32f3xx_it.o
 .comment       0x00000043       0x44 ./Core/Src/sysmem.o
 .comment       0x00000043       0x44 ./Core/Src/system_stm32f3xx.o
 .comment       0x00000043       0x44 ./Core/Src/tag.o
 .comment       0x00000043       0x44 ./Drivers/STM32F3xx_HAL_Driver/Src/stm32f3xx_hal.o
 .comment       0x00000043       0x44 ./Drivers/STM32F3xx_HAL_Driver/Src/stm32f3xx_hal_cortex.o
 .comment       0x00000043       0x44 ./Drivers/STM32F3xx_HAL_Driver/Src/stm32f3xx_hal_gpio.o
 .comment       0x00000043       0x44 ./Drivers/STM32F3xx_HAL_Driver/Src/stm32f3xx_hal_i2c.o
 .comment       0x00000043       0x44 ./Drivers/STM32F3xx_HAL_Driver/Src/stm32f3xx_hal_i2c_ex.o
 .comment       0x00000043       0x44 ./Drivers/STM32F3xx_HAL_Driver/Src/stm32f3xx_hal_pcd.o
 .comment       0x00000043       0x44 ./Drivers/STM32F3xx_HAL_Driver/Src/stm32f3xx_hal_rcc.o
 .comment       0x00000043       0x44 ./Drivers/STM32F3xx_HAL_Driver/Src/stm32f3xx_hal_rcc_ex.o
 .comment       0x00000043       0x44 ./Drivers/STM32F3xx_HAL_Driver/Src/stm32f3xx_hal_spi.o
 .comment       0x00000043       0x44 ./Drivers/STM32F3xx_HAL_Driver/Src/stm32f3xx_hal_tim.o
 .comment       0x00000043       0x44 ./Drivers/STM32F3xx_HAL_Driver/Src/stm32f3xx_hal_tim_ex.o
 .comment       0x00000043       0x44 ./Drivers/STM32F3xx_HAL_Driver/Src/stm32f3xx_hal_uart.o
 .comment       0x00000043       0x44 ./Drivers/STM32F3xx_HAL_Driver/Src/stm32f3xx_ll_usb.o

.debug_frame    0x00000000     0x5e70
 .debug_frame   0x00000000      0x144 ./Core/Src/lcd_i2c.o
 .debug_frame   0x00000144      0x270 ./Core/Src/main.o
 .debug_frame   0x000003b4      0x2ac ./Core/Src/rc522.o
 .debug_frame   0x00000660      0x1ec ./Core/Src/stm32f3xx_hal_msp.o
 .debug_frame   0x0000084c      0x120 ./Core/Src/stm32f3xx_it.o
 .debug_frame   0x0000096c       0x34 ./Core/Src/sysmem.o
 .debug_frame   0x000009a0       0x58 ./Core/Src/system_stm32f3xx.o
 .debug_frame   0x000009f8      0x118 ./Core/Src/tag.o
 .debug_frame   0x00000b10      0x334 ./Drivers/STM32F3xx_HAL_Driver/Src/stm32f3xx_hal.o
 .debug_frame   0x00000e44      0x4e8 ./Drivers/STM32F3xx_HAL_Driver/Src/stm32f3xx_hal_cortex.o
 .debug_frame   0x0000132c      0x14c ./Drivers/STM32F3xx_HAL_Driver/Src/stm32f3xx_hal_gpio.o
 .debug_frame   0x00001478      0xc38 ./Drivers/STM32F3xx_HAL_Driver/Src/stm32f3xx_hal_i2c.o
 .debug_frame   0x000020b0      0x100 ./Drivers/STM32F3xx_HAL_Driver/Src/stm32f3xx_hal_i2c_ex.o
 .debug_frame   0x000021b0      0x590 ./Drivers/STM32F3xx_HAL_Driver/Src/stm32f3xx_hal_pcd.o
 .debug_frame   0x00002740      0x214 ./Drivers/STM32F3xx_HAL_Driver/Src/stm32f3xx_hal_rcc.o
 .debug_frame   0x00002954       0xb0 ./Drivers/STM32F3xx_HAL_Driver/Src/stm32f3xx_hal_rcc_ex.o
 .debug_frame   0x00002a04      0x860 ./Drivers/STM32F3xx_HAL_Driver/Src/stm32f3xx_hal_spi.o
 .debug_frame   0x00003264     0x1218 ./Drivers/STM32F3xx_HAL_Driver/Src/stm32f3xx_hal_tim.o
 .debug_frame   0x0000447c      0x688 ./Drivers/STM32F3xx_HAL_Driver/Src/stm32f3xx_hal_tim_ex.o
 .debug_frame   0x00004b04      0x9e8 ./Drivers/STM32F3xx_HAL_Driver/Src/stm32f3xx_hal_uart.o
 .debug_frame   0x000054ec      0x380 ./Drivers/STM32F3xx_HAL_Driver/Src/stm32f3xx_ll_usb.o
 .debug_frame   0x0000586c       0x50 C:/ST/STM32CubeIDE_1.19.0_new/STM32CubeIDE/plugins/com.st.stm32cube.ide.mcu.externaltools.gnu-tools-for-stm32.13.3.rel1.win32_1.0.0.202411081344/tools/bin/../lib/gcc/arm-none-eabi/13.3.1/../../../../arm-none-eabi/lib/thumb/v7e-m+fp/hard\libc_nano.a(libc_a-mallocr.o)
 .debug_frame   0x000058bc       0x30 C:/ST/STM32CubeIDE_1.19.0_new/STM32CubeIDE/plugins/com.st.stm32cube.ide.mcu.externaltools.gnu-tools-for-stm32.13.3.rel1.win32_1.0.0.202411081344/tools/bin/../lib/gcc/arm-none-eabi/13.3.1/../../../../arm-none-eabi/lib/thumb/v7e-m+fp/hard\libc_nano.a(libc_a-mlock.o)
 .debug_frame   0x000058ec      0x144 C:/ST/STM32CubeIDE_1.19.0_new/STM32CubeIDE/plugins/com.st.stm32cube.ide.mcu.externaltools.gnu-tools-for-stm32.13.3.rel1.win32_1.0.0.202411081344/tools/bin/../lib/gcc/arm-none-eabi/13.3.1/../../../../arm-none-eabi/lib/thumb/v7e-m+fp/hard\libc_nano.a(libc_a-findfp.o)
 .debug_frame   0x00005a30       0x7c C:/ST/STM32CubeIDE_1.19.0_new/STM32CubeIDE/plugins/com.st.stm32cube.ide.mcu.externaltools.gnu-tools-for-stm32.13.3.rel1.win32_1.0.0.202411081344/tools/bin/../lib/gcc/arm-none-eabi/13.3.1/../../../../arm-none-eabi/lib/thumb/v7e-m+fp/hard\libc_nano.a(libc_a-snprintf.o)
 .debug_frame   0x00005aac       0x28 C:/ST/STM32CubeIDE_1.19.0_new/STM32CubeIDE/plugins/com.st.stm32cube.ide.mcu.externaltools.gnu-tools-for-stm32.13.3.rel1.win32_1.0.0.202411081344/tools/bin/../lib/gcc/arm-none-eabi/13.3.1/../../../../arm-none-eabi/lib/thumb/v7e-m+fp/hard\libc_nano.a(libc_a-memcmp.o)
 .debug_frame   0x00005ad4       0x20 C:/ST/STM32CubeIDE_1.19.0_new/STM32CubeIDE/plugins/com.st.stm32cube.ide.mcu.externaltools.gnu-tools-for-stm32.13.3.rel1.win32_1.0.0.202411081344/tools/bin/../lib/gcc/arm-none-eabi/13.3.1/../../../../arm-none-eabi/lib/thumb/v7e-m+fp/hard\libc_nano.a(libc_a-memset.o)
 .debug_frame   0x00005af4       0x28 C:/ST/STM32CubeIDE_1.19.0_new/STM32CubeIDE/plugins/com.st.stm32cube.ide.mcu.externaltools.gnu-tools-for-stm32.13.3.rel1.win32_1.0.0.202411081344/tools/bin/../lib/gcc/arm-none-eabi/13.3.1/../../../../arm-none-eabi/lib/thumb/v7e-m+fp/hard\libc_nano.a(libc_a-strncpy.o)
 .debug_frame   0x00005b1c       0x38 C:/ST/STM32CubeIDE_1.19.0_new/STM32CubeIDE/plugins/com.st.stm32cube.ide.mcu.externaltools.gnu-tools-for-stm32.13.3.rel1.win32_1.0.0.202411081344/tools/bin/../lib/gcc/arm-none-eabi/13.3.1/../../../../arm-none-eabi/lib/thumb/v7e-m+fp/hard\libc_nano.a(libc_a-reent.o)
 .debug_frame   0x00005b54       0x2c C:/ST/STM32CubeIDE_1.19.0_new/STM32CubeIDE/plugins/com.st.stm32cube.ide.mcu.externaltools.gnu-tools-for-stm32.13.3.rel1.win32_1.0.0.202411081344/tools/bin/../lib/gcc/arm-none-eabi/13.3.1/../../../../arm-none-eabi/lib/thumb/v7e-m+fp/hard\libc_nano.a(libc_a-sbrkr.o)
 .debug_frame   0x00005b80       0x20 C:/ST/STM32CubeIDE_1.19.0_new/STM32CubeIDE/plugins/com.st.stm32cube.ide.mcu.externaltools.gnu-tools-for-stm32.13.3.rel1.win32_1.0.0.202411081344/tools/bin/../lib/gcc/arm-none-eabi/13.3.1/../../../../arm-none-eabi/lib/thumb/v7e-m+fp/hard\libc_nano.a(libc_a-errno.o)
 .debug_frame   0x00005ba0       0x2c C:/ST/STM32CubeIDE_1.19.0_new/STM32CubeIDE/plugins/com.st.stm32cube.ide.mcu.externaltools.gnu-tools-for-stm32.13.3.rel1.win32_1.0.0.202411081344/tools/bin/../lib/gcc/arm-none-eabi/13.3.1/../../../../arm-none-eabi/lib/thumb/v7e-m+fp/hard\libc_nano.a(libc_a-init.o)
 .debug_frame   0x00005bcc       0xb0 C:/ST/STM32CubeIDE_1.19.0_new/STM32CubeIDE/plugins/com.st.stm32cube.ide.mcu.externaltools.gnu-tools-for-stm32.13.3.rel1.win32_1.0.0.202411081344/tools/bin/../lib/gcc/arm-none-eabi/13.3.1/../../../../arm-none-eabi/lib/thumb/v7e-m+fp/hard\libc_nano.a(libc_a-lock.o)
 .debug_frame   0x00005c7c       0x20 C:/ST/STM32CubeIDE_1.19.0_new/STM32CubeIDE/plugins/com.st.stm32cube.ide.mcu.externaltools.gnu-tools-for-stm32.13.3.rel1.win32_1.0.0.202411081344/tools/bin/../lib/gcc/arm-none-eabi/13.3.1/../../../../arm-none-eabi/lib/thumb/v7e-m+fp/hard\libc_nano.a(libc_a-strcmp.o)
 .debug_frame   0x00005c9c       0x28 C:/ST/STM32CubeIDE_1.19.0_new/STM32CubeIDE/plugins/com.st.stm32cube.ide.mcu.externaltools.gnu-tools-for-stm32.13.3.rel1.win32_1.0.0.202411081344/tools/bin/../lib/gcc/arm-none-eabi/13.3.1/../../../../arm-none-eabi/lib/thumb/v7e-m+fp/hard\libc_nano.a(libc_a-memcpy-stub.o)
 .debug_frame   0x00005cc4       0x38 C:/ST/STM32CubeIDE_1.19.0_new/STM32CubeIDE/plugins/com.st.stm32cube.ide.mcu.externaltools.gnu-tools-for-stm32.13.3.rel1.win32_1.0.0.202411081344/tools/bin/../lib/gcc/arm-none-eabi/13.3.1/../../../../arm-none-eabi/lib/thumb/v7e-m+fp/hard\libc_nano.a(libc_a-freer.o)
 .debug_frame   0x00005cfc       0x90 C:/ST/STM32CubeIDE_1.19.0_new/STM32CubeIDE/plugins/com.st.stm32cube.ide.mcu.externaltools.gnu-tools-for-stm32.13.3.rel1.win32_1.0.0.202411081344/tools/bin/../lib/gcc/arm-none-eabi/13.3.1/../../../../arm-none-eabi/lib/thumb/v7e-m+fp/hard\libc_nano.a(libc_a-nano-svfprintf.o)
 .debug_frame   0x00005d8c       0x60 C:/ST/STM32CubeIDE_1.19.0_new/STM32CubeIDE/plugins/com.st.stm32cube.ide.mcu.externaltools.gnu-tools-for-stm32.13.3.rel1.win32_1.0.0.202411081344/tools/bin/../lib/gcc/arm-none-eabi/13.3.1/../../../../arm-none-eabi/lib/thumb/v7e-m+fp/hard\libc_nano.a(libc_a-nano-vfprintf_i.o)
 .debug_frame   0x00005dec       0x28 C:/ST/STM32CubeIDE_1.19.0_new/STM32CubeIDE/plugins/com.st.stm32cube.ide.mcu.externaltools.gnu-tools-for-stm32.13.3.rel1.win32_1.0.0.202411081344/tools/bin/../lib/gcc/arm-none-eabi/13.3.1/../../../../arm-none-eabi/lib/thumb/v7e-m+fp/hard\libc_nano.a(libc_a-memmove.o)